<?xml version="1.0" encoding="ISO-8859-1" ?>
<link_info>
   <banner>MSP430 Linker PC v18.12.1.LTS</banner>
   <copyright>Copyright (c) 2003-2018 Texas Instruments Incorporated</copyright>
   <link_time>0x638df41e</link_time>
   <link_errors>0x0</link_errors>
   <output_file>ECU Tablero.out</output_file>
   <entry_point>
      <name>_c_int00_noargs</name>
      <address>0xd586</address>
   </entry_point>
   <input_file_list>
      <input_file id="fl-2">
         <path>.\</path>
         <kind>object</kind>
         <file>adc_2.obj</file>
         <name>adc_2.obj</name>
      </input_file>
      <input_file id="fl-3">
         <path>.\</path>
         <kind>object</kind>
         <file>bujia.obj</file>
         <name>bujia.obj</name>
      </input_file>
      <input_file id="fl-4">
         <path>.\</path>
         <kind>object</kind>
         <file>bujiaControl.obj</file>
         <name>bujiaControl.obj</name>
      </input_file>
      <input_file id="fl-5">
         <path>.\</path>
         <kind>object</kind>
         <file>comms.obj</file>
         <name>comms.obj</name>
      </input_file>
      <input_file id="fl-6">
         <path>.\</path>
         <kind>object</kind>
         <file>gpio.obj</file>
         <name>gpio.obj</name>
      </input_file>
      <input_file id="fl-7">
         <path>.\</path>
         <kind>object</kind>
         <file>hw_timer.obj</file>
         <name>hw_timer.obj</name>
      </input_file>
      <input_file id="fl-8">
         <path>.\</path>
         <kind>object</kind>
         <file>inputCapture.obj</file>
         <name>inputCapture.obj</name>
      </input_file>
      <input_file id="fl-9">
         <path>.\</path>
         <kind>object</kind>
         <file>joystick.obj</file>
         <name>joystick.obj</name>
      </input_file>
      <input_file id="fl-a">
         <path>.\</path>
         <kind>object</kind>
         <file>main.obj</file>
         <name>main.obj</name>
      </input_file>
      <input_file id="fl-b">
         <path>.\</path>
         <kind>object</kind>
         <file>mcp2515.obj</file>
         <name>mcp2515.obj</name>
      </input_file>
      <input_file id="fl-c">
         <path>.\</path>
         <kind>object</kind>
         <file>motor.obj</file>
         <name>motor.obj</name>
      </input_file>
      <input_file id="fl-d">
         <path>.\</path>
         <kind>object</kind>
         <file>optoacoplador.obj</file>
         <name>optoacoplador.obj</name>
      </input_file>
      <input_file id="fl-e">
         <path>.\</path>
         <kind>object</kind>
         <file>pwm.obj</file>
         <name>pwm.obj</name>
      </input_file>
      <input_file id="fl-f">
         <path>.\</path>
         <kind>object</kind>
         <file>rti.obj</file>
         <name>rti.obj</name>
      </input_file>
      <input_file id="fl-10">
         <path>.\</path>
         <kind>object</kind>
         <file>servo.obj</file>
         <name>servo.obj</name>
      </input_file>
      <input_file id="fl-11">
         <path>.\</path>
         <kind>object</kind>
         <file>spi.obj</file>
         <name>spi.obj</name>
      </input_file>
      <input_file id="fl-12">
         <path>.\</path>
         <kind>object</kind>
         <file>system.obj</file>
         <name>system.obj</name>
      </input_file>
      <input_file id="fl-13">
         <path>.\</path>
         <kind>object</kind>
         <file>uart.obj</file>
         <name>uart.obj</name>
      </input_file>
      <input_file id="fl-18">
         <kind>object</kind>
         <file>&lt;internal&gt;</file>
         <name>&lt;internal&gt;</name>
      </input_file>
      <input_file id="fl-2e">
         <path>C:\Users\marco\OneDrive\Documents\ITBA\Micros y Control\CCStudio\ccs\tools\compiler\ti-cgt-msp430_18.12.1.LTS\lib\</path>
         <kind>archive</kind>
         <file>rts430_eabi.lib</file>
         <name>asr16.asm.obj</name>
      </input_file>
      <input_file id="fl-2f">
         <path>C:\Users\marco\OneDrive\Documents\ITBA\Micros y Control\CCStudio\ccs\tools\compiler\ti-cgt-msp430_18.12.1.LTS\lib\</path>
         <kind>archive</kind>
         <file>rts430_eabi.lib</file>
         <name>div16s.asm.obj</name>
      </input_file>
      <input_file id="fl-30">
         <path>C:\Users\marco\OneDrive\Documents\ITBA\Micros y Control\CCStudio\ccs\tools\compiler\ti-cgt-msp430_18.12.1.LTS\lib\</path>
         <kind>archive</kind>
         <file>rts430_eabi.lib</file>
         <name>div16u.asm.obj</name>
      </input_file>
      <input_file id="fl-31">
         <path>C:\Users\marco\OneDrive\Documents\ITBA\Micros y Control\CCStudio\ccs\tools\compiler\ti-cgt-msp430_18.12.1.LTS\lib\</path>
         <kind>archive</kind>
         <file>rts430_eabi.lib</file>
         <name>div32u.asm.obj</name>
      </input_file>
      <input_file id="fl-32">
         <path>C:\Users\marco\OneDrive\Documents\ITBA\Micros y Control\CCStudio\ccs\tools\compiler\ti-cgt-msp430_18.12.1.LTS\lib\</path>
         <kind>archive</kind>
         <file>rts430_eabi.lib</file>
         <name>epilog.asm.obj</name>
      </input_file>
      <input_file id="fl-33">
         <path>C:\Users\marco\OneDrive\Documents\ITBA\Micros y Control\CCStudio\ccs\tools\compiler\ti-cgt-msp430_18.12.1.LTS\lib\</path>
         <kind>archive</kind>
         <file>rts430_eabi.lib</file>
         <name>int00.asm.obj</name>
      </input_file>
      <input_file id="fl-34">
         <path>C:\Users\marco\OneDrive\Documents\ITBA\Micros y Control\CCStudio\ccs\tools\compiler\ti-cgt-msp430_18.12.1.LTS\lib\</path>
         <kind>archive</kind>
         <file>rts430_eabi.lib</file>
         <name>int03.asm.obj</name>
      </input_file>
      <input_file id="fl-35">
         <path>C:\Users\marco\OneDrive\Documents\ITBA\Micros y Control\CCStudio\ccs\tools\compiler\ti-cgt-msp430_18.12.1.LTS\lib\</path>
         <kind>archive</kind>
         <file>rts430_eabi.lib</file>
         <name>int05.asm.obj</name>
      </input_file>
      <input_file id="fl-36">
         <path>C:\Users\marco\OneDrive\Documents\ITBA\Micros y Control\CCStudio\ccs\tools\compiler\ti-cgt-msp430_18.12.1.LTS\lib\</path>
         <kind>archive</kind>
         <file>rts430_eabi.lib</file>
         <name>int08.asm.obj</name>
      </input_file>
      <input_file id="fl-37">
         <path>C:\Users\marco\OneDrive\Documents\ITBA\Micros y Control\CCStudio\ccs\tools\compiler\ti-cgt-msp430_18.12.1.LTS\lib\</path>
         <kind>archive</kind>
         <file>rts430_eabi.lib</file>
         <name>int11.asm.obj</name>
      </input_file>
      <input_file id="fl-38">
         <path>C:\Users\marco\OneDrive\Documents\ITBA\Micros y Control\CCStudio\ccs\tools\compiler\ti-cgt-msp430_18.12.1.LTS\lib\</path>
         <kind>archive</kind>
         <file>rts430_eabi.lib</file>
         <name>int14.asm.obj</name>
      </input_file>
      <input_file id="fl-39">
         <path>C:\Users\marco\OneDrive\Documents\ITBA\Micros y Control\CCStudio\ccs\tools\compiler\ti-cgt-msp430_18.12.1.LTS\lib\</path>
         <kind>archive</kind>
         <file>rts430_eabi.lib</file>
         <name>isr_trap.asm.obj</name>
      </input_file>
      <input_file id="fl-3a">
         <path>C:\Users\marco\OneDrive\Documents\ITBA\Micros y Control\CCStudio\ccs\tools\compiler\ti-cgt-msp430_18.12.1.LTS\lib\</path>
         <kind>archive</kind>
         <file>rts430_eabi.lib</file>
         <name>lsl16.asm.obj</name>
      </input_file>
      <input_file id="fl-3b">
         <path>C:\Users\marco\OneDrive\Documents\ITBA\Micros y Control\CCStudio\ccs\tools\compiler\ti-cgt-msp430_18.12.1.LTS\lib\</path>
         <kind>archive</kind>
         <file>rts430_eabi.lib</file>
         <name>lsl32.asm.obj</name>
      </input_file>
      <input_file id="fl-3c">
         <path>C:\Users\marco\OneDrive\Documents\ITBA\Micros y Control\CCStudio\ccs\tools\compiler\ti-cgt-msp430_18.12.1.LTS\lib\</path>
         <kind>archive</kind>
         <file>rts430_eabi.lib</file>
         <name>lsr16.asm.obj</name>
      </input_file>
      <input_file id="fl-3d">
         <path>C:\Users\marco\OneDrive\Documents\ITBA\Micros y Control\CCStudio\ccs\tools\compiler\ti-cgt-msp430_18.12.1.LTS\lib\</path>
         <kind>archive</kind>
         <file>rts430_eabi.lib</file>
         <name>mult16.asm.obj</name>
      </input_file>
      <input_file id="fl-3e">
         <path>C:\Users\marco\OneDrive\Documents\ITBA\Micros y Control\CCStudio\ccs\tools\compiler\ti-cgt-msp430_18.12.1.LTS\lib\</path>
         <kind>archive</kind>
         <file>rts430_eabi.lib</file>
         <name>mult32.asm.obj</name>
      </input_file>
      <input_file id="fl-3f">
         <path>C:\Users\marco\OneDrive\Documents\ITBA\Micros y Control\CCStudio\ccs\tools\compiler\ti-cgt-msp430_18.12.1.LTS\lib\</path>
         <kind>archive</kind>
         <file>rts430_eabi.lib</file>
         <name>boot.c.obj</name>
      </input_file>
      <input_file id="fl-40">
         <path>C:\Users\marco\OneDrive\Documents\ITBA\Micros y Control\CCStudio\ccs\tools\compiler\ti-cgt-msp430_18.12.1.LTS\lib\</path>
         <kind>archive</kind>
         <file>rts430_eabi.lib</file>
         <name>autoinit.c.obj</name>
      </input_file>
      <input_file id="fl-41">
         <path>C:\Users\marco\OneDrive\Documents\ITBA\Micros y Control\CCStudio\ccs\tools\compiler\ti-cgt-msp430_18.12.1.LTS\lib\</path>
         <kind>archive</kind>
         <file>rts430_eabi.lib</file>
         <name>copy_zero_init.c.obj</name>
      </input_file>
      <input_file id="fl-42">
         <path>C:\Users\marco\OneDrive\Documents\ITBA\Micros y Control\CCStudio\ccs\tools\compiler\ti-cgt-msp430_18.12.1.LTS\lib\</path>
         <kind>archive</kind>
         <file>rts430_eabi.lib</file>
         <name>cpy_tbl.c.obj</name>
      </input_file>
      <input_file id="fl-43">
         <path>C:\Users\marco\OneDrive\Documents\ITBA\Micros y Control\CCStudio\ccs\tools\compiler\ti-cgt-msp430_18.12.1.LTS\lib\</path>
         <kind>archive</kind>
         <file>rts430_eabi.lib</file>
         <name>mpu_init.c.obj</name>
      </input_file>
      <input_file id="fl-44">
         <path>C:\Users\marco\OneDrive\Documents\ITBA\Micros y Control\CCStudio\ccs\tools\compiler\ti-cgt-msp430_18.12.1.LTS\lib\</path>
         <kind>archive</kind>
         <file>rts430_eabi.lib</file>
         <name>lsl64.c.obj</name>
      </input_file>
      <input_file id="fl-45">
         <path>C:\Users\marco\OneDrive\Documents\ITBA\Micros y Control\CCStudio\ccs\tools\compiler\ti-cgt-msp430_18.12.1.LTS\lib\</path>
         <kind>archive</kind>
         <file>rts430_eabi.lib</file>
         <name>pre_init.c.obj</name>
      </input_file>
      <input_file id="fl-46">
         <path>C:\Users\marco\OneDrive\Documents\ITBA\Micros y Control\CCStudio\ccs\tools\compiler\ti-cgt-msp430_18.12.1.LTS\lib\</path>
         <kind>archive</kind>
         <file>rts430_eabi.lib</file>
         <name>startup.c.obj</name>
      </input_file>
      <input_file id="fl-47">
         <path>C:\Users\marco\OneDrive\Documents\ITBA\Micros y Control\CCStudio\ccs\tools\compiler\ti-cgt-msp430_18.12.1.LTS\lib\</path>
         <kind>archive</kind>
         <file>rts430_eabi.lib</file>
         <name>copy_decompress_none.c.obj</name>
      </input_file>
      <input_file id="fl-48">
         <path>C:\Users\marco\OneDrive\Documents\ITBA\Micros y Control\CCStudio\ccs\tools\compiler\ti-cgt-msp430_18.12.1.LTS\lib\</path>
         <kind>archive</kind>
         <file>rts430_eabi.lib</file>
         <name>copy_decompress_lzss.c.obj</name>
      </input_file>
      <input_file id="fl-49">
         <path>C:\Users\marco\OneDrive\Documents\ITBA\Micros y Control\CCStudio\ccs\tools\compiler\ti-cgt-msp430_18.12.1.LTS\lib\</path>
         <kind>archive</kind>
         <file>rts430_eabi.lib</file>
         <name>exit.c.obj</name>
      </input_file>
      <input_file id="fl-4a">
         <path>C:\Users\marco\OneDrive\Documents\ITBA\Micros y Control\CCStudio\ccs\tools\compiler\ti-cgt-msp430_18.12.1.LTS\lib\</path>
         <kind>archive</kind>
         <file>rts430_eabi.lib</file>
         <name>_lock.c.obj</name>
      </input_file>
      <input_file id="fl-4b">
         <path>C:\Users\marco\OneDrive\Documents\ITBA\Micros y Control\CCStudio\ccs\tools\compiler\ti-cgt-msp430_18.12.1.LTS\lib\</path>
         <kind>archive</kind>
         <file>rts430_eabi.lib</file>
         <name>args_main.c.obj</name>
      </input_file>
      <input_file id="fl-4c">
         <path>C:\Users\marco\OneDrive\Documents\ITBA\Micros y Control\CCStudio\ccs\tools\compiler\ti-cgt-msp430_18.12.1.LTS\lib\</path>
         <kind>archive</kind>
         <file>rts430_eabi.lib</file>
         <name>memcpy.c.obj</name>
      </input_file>
      <input_file id="fl-4d">
         <path>C:\Users\marco\OneDrive\Documents\ITBA\Micros y Control\CCStudio\ccs\tools\compiler\ti-cgt-msp430_18.12.1.LTS\lib\</path>
         <kind>archive</kind>
         <file>rts430_eabi.lib</file>
         <name>memset.c.obj</name>
      </input_file>
      <input_file id="fl-4e">
         <path>C:\Users\marco\OneDrive\Documents\ITBA\Micros y Control\CCStudio\ccs\tools\compiler\ti-cgt-msp430_18.12.1.LTS\lib\</path>
         <kind>archive</kind>
         <file>rts430_eabi.lib</file>
         <name>exit_gvars.c.obj</name>
      </input_file>
   </input_file_list>
   <object_component_list>
      <object_component id="oc-3bc">
         <name>.bss:can_a_enviar</name>
         <uninitialized>true</uninitialized>
         <run_address>0x2a0</run_address>
         <size>0x10</size>
         <input_file_ref idref="fl-5"/>
      </object_component>
      <object_component id="oc-161">
         <name>.bss:can_a_recibir</name>
         <uninitialized>true</uninitialized>
         <run_address>0x2b0</run_address>
         <size>0x10</size>
         <input_file_ref idref="fl-5"/>
      </object_component>
      <object_component id="oc-16a">
         <name>.bss</name>
         <uninitialized>true</uninitialized>
         <run_address>0x302</run_address>
         <size>0x1</size>
         <input_file_ref idref="fl-5"/>
      </object_component>
      <object_component id="oc-184">
         <name>.bss</name>
         <uninitialized>true</uninitialized>
         <run_address>0x2c0</run_address>
         <size>0xa</size>
         <input_file_ref idref="fl-7"/>
      </object_component>
      <object_component id="oc-3d2">
         <name>.bss</name>
         <uninitialized>true</uninitialized>
         <run_address>0x2ec</run_address>
         <size>0x4</size>
         <input_file_ref idref="fl-9"/>
      </object_component>
      <object_component id="oc-41f">
         <name>.bss:rpmVec$2</name>
         <uninitialized>true</uninitialized>
         <run_address>0x2f0</run_address>
         <size>0x4</size>
         <input_file_ref idref="fl-a"/>
      </object_component>
      <object_component id="oc-499">
         <name>.bss:t_periodo_copy</name>
         <uninitialized>true</uninitialized>
         <run_address>0x2f8</run_address>
         <size>0x4</size>
         <input_file_ref idref="fl-e"/>
      </object_component>
      <object_component id="oc-49c">
         <name>.bss:t_on_copy</name>
         <uninitialized>true</uninitialized>
         <run_address>0x2f4</run_address>
         <size>0x4</size>
         <input_file_ref idref="fl-e"/>
      </object_component>
      <object_component id="oc-4dc">
         <name>.bss:t_periodo_flag</name>
         <uninitialized>true</uninitialized>
         <run_address>0x2fe</run_address>
         <size>0x2</size>
         <input_file_ref idref="fl-e"/>
      </object_component>
      <object_component id="oc-4e6">
         <name>.bss:t_on_flag</name>
         <uninitialized>true</uninitialized>
         <run_address>0x2fc</run_address>
         <size>0x2</size>
         <input_file_ref idref="fl-e"/>
      </object_component>
      <object_component id="oc-201">
         <name>.bss:rtiCallback</name>
         <uninitialized>true</uninitialized>
         <run_address>0x28c</run_address>
         <size>0x14</size>
         <input_file_ref idref="fl-f"/>
      </object_component>
      <object_component id="oc-204">
         <name>.bss:callbackTime</name>
         <uninitialized>true</uninitialized>
         <run_address>0x278</run_address>
         <size>0x14</size>
         <input_file_ref idref="fl-f"/>
      </object_component>
      <object_component id="oc-1fe">
         <name>.bss:callbackCounter</name>
         <uninitialized>true</uninitialized>
         <run_address>0x264</run_address>
         <size>0x14</size>
         <input_file_ref idref="fl-f"/>
      </object_component>
      <object_component id="oc-1fb">
         <name>.bss</name>
         <uninitialized>true</uninitialized>
         <run_address>0x303</run_address>
         <size>0x1</size>
         <input_file_ref idref="fl-f"/>
      </object_component>
      <object_component id="oc-3e3">
         <name>.bss</name>
         <uninitialized>true</uninitialized>
         <run_address>0x2e2</run_address>
         <size>0x5</size>
         <input_file_ref idref="fl-10"/>
      </object_component>
      <object_component id="oc-1e7">
         <name>.bss:transmit_buffer</name>
         <uninitialized>true</uninitialized>
         <run_address>0x232</run_address>
         <size>0x32</size>
         <input_file_ref idref="fl-13"/>
      </object_component>
      <object_component id="oc-1f7">
         <name>.bss:receive_buffer</name>
         <uninitialized>true</uninitialized>
         <run_address>0x200</run_address>
         <size>0x32</size>
         <input_file_ref idref="fl-13"/>
      </object_component>
      <object_component id="oc-1e4">
         <name>.bss</name>
         <uninitialized>true</uninitialized>
         <run_address>0x2e7</run_address>
         <size>0x5</size>
         <input_file_ref idref="fl-13"/>
      </object_component>
      <object_component id="oc-2e4">
         <name>.common:joystickVal</name>
         <uninitialized>true</uninitialized>
         <run_address>0x305</run_address>
         <size>0x1</size>
      </object_component>
      <object_component id="oc-2eb">
         <name>.common:rpmMedidas</name>
         <uninitialized>true</uninitialized>
         <run_address>0x306</run_address>
         <size>0x1</size>
      </object_component>
      <object_component id="oc-311">
         <name>.common:can_received</name>
         <uninitialized>true</uninitialized>
         <run_address>0x300</run_address>
         <size>0x2</size>
      </object_component>
      <object_component id="oc-2f8">
         <name>.common:can_to_send</name>
         <uninitialized>true</uninitialized>
         <run_address>0x2dc</run_address>
         <size>0x6</size>
      </object_component>
      <object_component id="oc-29e">
         <name>.common:uart_to_send</name>
         <uninitialized>true</uninitialized>
         <run_address>0x2d4</run_address>
         <size>0x8</size>
      </object_component>
      <object_component id="oc-333">
         <name>.common:uart_received</name>
         <uninitialized>true</uninitialized>
         <run_address>0x2ca</run_address>
         <size>0xa</size>
      </object_component>
      <object_component id="oc-2d8">
         <name>.common:cycle_flag</name>
         <uninitialized>true</uninitialized>
         <run_address>0x304</run_address>
         <size>0x1</size>
      </object_component>
      <object_component id="oc-46d">
         <name>.data</name>
         <load_address>0x318</load_address>
         <run_address>0x318</run_address>
         <size>0x1</size>
         <input_file_ref idref="fl-2"/>
      </object_component>
      <object_component id="oc-4da">
         <name>.data:yaInit$1</name>
         <load_address>0x316</load_address>
         <run_address>0x316</run_address>
         <size>0x2</size>
         <input_file_ref idref="fl-7"/>
      </object_component>
      <object_component id="oc-2a7">
         <name>.data</name>
         <load_address>0x308</load_address>
         <run_address>0x308</run_address>
         <size>0xe</size>
         <input_file_ref idref="fl-a"/>
      </object_component>
      <object_component id="oc-207">
         <name>.data</name>
         <load_address>0x319</load_address>
         <run_address>0x319</run_address>
         <size>0x1</size>
         <input_file_ref idref="fl-f"/>
      </object_component>
      <object_component id="oc-399">
         <name>.data</name>
         <load_address>0x31a</load_address>
         <run_address>0x31a</run_address>
         <size>0x1</size>
         <input_file_ref idref="fl-12"/>
      </object_component>
      <object_component id="oc-b1">
         <name>.stack</name>
         <uninitialized>true</uninitialized>
         <run_address>0x3b0</run_address>
         <size>0x2</size>
         <input_file_ref idref="fl-3f"/>
      </object_component>
      <object_component id="oc-548">
         <name>.stack</name>
         <uninitialized>true</uninitialized>
         <run_address>0x3b0</run_address>
         <size>0x0</size>
      </object_component>
      <object_component id="oc-487">
         <name>.text:hwSetTimer</name>
         <load_address>0xc000</load_address>
         <run_address>0xc000</run_address>
         <size>0x4ea</size>
         <input_file_ref idref="fl-7"/>
      </object_component>
      <object_component id="oc-21b">
         <name>.text:appRun</name>
         <load_address>0xc4ea</load_address>
         <run_address>0xc4ea</run_address>
         <size>0x114</size>
         <input_file_ref idref="fl-a"/>
      </object_component>
      <object_component id="oc-2cb">
         <name>.text:gpioMode</name>
         <load_address>0xc5fe</load_address>
         <run_address>0xc5fe</run_address>
         <size>0x10c</size>
         <input_file_ref idref="fl-6"/>
      </object_component>
      <object_component id="oc-3a6">
         <name>.text:setRTI</name>
         <load_address>0xc70a</load_address>
         <run_address>0xc70a</run_address>
         <size>0xe6</size>
         <input_file_ref idref="fl-12"/>
      </object_component>
      <object_component id="oc-3b6">
         <name>.text:MCP2515_init</name>
         <load_address>0xc7f0</load_address>
         <run_address>0xc7f0</run_address>
         <size>0xb0</size>
         <input_file_ref idref="fl-b"/>
      </object_component>
      <object_component id="oc-3dd">
         <name>.text:pwmInit</name>
         <load_address>0xc8a0</load_address>
         <run_address>0xc8a0</run_address>
         <size>0x92</size>
         <input_file_ref idref="fl-e"/>
      </object_component>
      <object_component id="oc-34">
         <name>.text:decompress:lzss:__TI_decompress_lzss</name>
         <load_address>0xc932</load_address>
         <run_address>0xc932</run_address>
         <size>0x7c</size>
         <input_file_ref idref="fl-48"/>
      </object_component>
      <object_component id="oc-4ba">
         <name>.text:MCP2515_write_id</name>
         <load_address>0xc9ae</load_address>
         <run_address>0xc9ae</run_address>
         <size>0x7a</size>
         <input_file_ref idref="fl-b"/>
      </object_component>
      <object_component id="oc-215">
         <name>.text:appInit</name>
         <load_address>0xca28</load_address>
         <run_address>0xca28</run_address>
         <size>0x72</size>
         <input_file_ref idref="fl-a"/>
      </object_component>
      <object_component id="oc-2e5">
         <name>.text:num2strSigned</name>
         <load_address>0xca9a</load_address>
         <run_address>0xca9a</run_address>
         <size>0x6e</size>
         <input_file_ref idref="fl-a"/>
      </object_component>
      <object_component id="oc-415">
         <name>.text:MCP2515_can_tx0</name>
         <load_address>0xcb08</load_address>
         <run_address>0xcb08</run_address>
         <size>0x66</size>
         <input_file_ref idref="fl-b"/>
      </object_component>
      <object_component id="oc-1c3">
         <name>.text:MCP2515_read_id</name>
         <load_address>0xcb6e</load_address>
         <run_address>0xcb6e</run_address>
         <size>0x66</size>
         <input_file_ref idref="fl-b"/>
      </object_component>
      <object_component id="oc-164">
         <name>.text:MCP2515_can_rx0</name>
         <load_address>0xcbd4</load_address>
         <run_address>0xcbd4</run_address>
         <size>0x64</size>
         <input_file_ref idref="fl-b"/>
      </object_component>
      <object_component id="oc-2d1">
         <name>.text:gpioWrite</name>
         <load_address>0xcc38</load_address>
         <run_address>0xcc38</run_address>
         <size>0x60</size>
         <input_file_ref idref="fl-6"/>
      </object_component>
      <object_component id="oc-45d">
         <name>.text:SPI_init</name>
         <load_address>0xcc98</load_address>
         <run_address>0xcc98</run_address>
         <size>0x58</size>
         <input_file_ref idref="fl-11"/>
      </object_component>
      <object_component id="oc-4a7">
         <name>.text</name>
         <load_address>0xccf0</load_address>
         <run_address>0xccf0</run_address>
         <size>0x58</size>
         <input_file_ref idref="fl-31"/>
      </object_component>
      <object_component id="oc-2ec">
         <name>.text:num2strUnsigned</name>
         <load_address>0xcd48</load_address>
         <run_address>0xcd48</run_address>
         <size>0x56</size>
         <input_file_ref idref="fl-a"/>
      </object_component>
      <object_component id="oc-31e">
         <name>.text:suavizarRpm</name>
         <load_address>0xcd9e</load_address>
         <run_address>0xcd9e</run_address>
         <size>0x52</size>
         <input_file_ref idref="fl-a"/>
      </object_component>
      <object_component id="oc-ba">
         <name>.text</name>
         <load_address>0xcdf0</load_address>
         <run_address>0xcdf0</run_address>
         <size>0x4c</size>
         <input_file_ref idref="fl-3c"/>
      </object_component>
      <object_component id="oc-3a0">
         <name>.text:setCLK</name>
         <load_address>0xce3c</load_address>
         <run_address>0xce3c</run_address>
         <size>0x4a</size>
         <input_file_ref idref="fl-12"/>
      </object_component>
      <object_component id="oc-340">
         <name>.text:str2numSigned</name>
         <load_address>0xce86</load_address>
         <run_address>0xce86</run_address>
         <size>0x48</size>
         <input_file_ref idref="fl-a"/>
      </object_component>
      <object_component id="oc-4c0">
         <name>.text:MCP2515_write_many_registers</name>
         <load_address>0xcece</load_address>
         <run_address>0xcece</run_address>
         <size>0x46</size>
         <input_file_ref idref="fl-b"/>
      </object_component>
      <object_component id="oc-17c">
         <name>.text:recorrerCallbacks</name>
         <load_address>0xcf14</load_address>
         <run_address>0xcf14</run_address>
         <size>0x46</size>
         <input_file_ref idref="fl-f"/>
      </object_component>
      <object_component id="oc-33a">
         <name>.text:str2numUnsigned</name>
         <load_address>0xcf5a</load_address>
         <run_address>0xcf5a</run_address>
         <size>0x46</size>
         <input_file_ref idref="fl-a"/>
      </object_component>
      <object_component id="oc-26f">
         <name>.text:MCP2515_bit_modify</name>
         <load_address>0xcfa0</load_address>
         <run_address>0xcfa0</run_address>
         <size>0x42</size>
         <input_file_ref idref="fl-b"/>
      </object_component>
      <object_component id="oc-22e">
         <name>.text:__TI_auto_init_nobinit_nopinit:__TI_auto_init_nobinit_nopinit</name>
         <load_address>0xcfe2</load_address>
         <run_address>0xcfe2</run_address>
         <size>0x42</size>
         <input_file_ref idref="fl-40"/>
      </object_component>
      <object_component id="oc-2c5">
         <name>.text:rtiSubmitCallback</name>
         <load_address>0xd024</load_address>
         <run_address>0xd024</run_address>
         <size>0x40</size>
         <input_file_ref idref="fl-f"/>
      </object_component>
      <object_component id="oc-3e6">
         <name>.text:servoUpdate</name>
         <load_address>0xd064</load_address>
         <run_address>0xd064</run_address>
         <size>0x3e</size>
         <input_file_ref idref="fl-10"/>
      </object_component>
      <object_component id="oc-2ad">
         <name>.text:commsInit</name>
         <load_address>0xd0a2</load_address>
         <run_address>0xd0a2</run_address>
         <size>0x3a</size>
         <input_file_ref idref="fl-5"/>
      </object_component>
      <object_component id="oc-346">
         <name>.text:gpioToggle</name>
         <load_address>0xd0dc</load_address>
         <run_address>0xd0dc</run_address>
         <size>0x3a</size>
         <input_file_ref idref="fl-6"/>
      </object_component>
      <object_component id="oc-406">
         <name>.text:uartWriteString</name>
         <load_address>0xd116</load_address>
         <run_address>0xd116</run_address>
         <size>0x38</size>
         <input_file_ref idref="fl-13"/>
      </object_component>
      <object_component id="oc-16e">
         <name>.text:uart_transmit_rti</name>
         <load_address>0xd14e</load_address>
         <run_address>0xd14e</run_address>
         <size>0x38</size>
         <input_file_ref idref="fl-13"/>
      </object_component>
      <object_component id="oc-276">
         <name>.text:MCP2515_write</name>
         <load_address>0xd186</load_address>
         <run_address>0xd186</run_address>
         <size>0x36</size>
         <input_file_ref idref="fl-b"/>
      </object_component>
      <object_component id="oc-1c9">
         <name>.text:MCP2515_read</name>
         <load_address>0xd1bc</load_address>
         <run_address>0xd1bc</run_address>
         <size>0x34</size>
         <input_file_ref idref="fl-b"/>
      </object_component>
      <object_component id="oc-2b9">
         <name>.text:servoInit</name>
         <load_address>0xd1f0</load_address>
         <run_address>0xd1f0</run_address>
         <size>0x34</size>
         <input_file_ref idref="fl-10"/>
      </object_component>
      <object_component id="oc-4ac">
         <name>.text:pwmWrite</name>
         <load_address>0xd224</load_address>
         <run_address>0xd224</run_address>
         <size>0x32</size>
         <input_file_ref idref="fl-e"/>
      </object_component>
      <object_component id="oc-3b0">
         <name>.text:uartInit</name>
         <load_address>0xd256</load_address>
         <run_address>0xd256</run_address>
         <size>0x32</size>
         <input_file_ref idref="fl-13"/>
      </object_component>
      <object_component id="oc-3bf">
         <name>.text:MCP2515_CanVariable_init</name>
         <load_address>0xd288</load_address>
         <run_address>0xd288</run_address>
         <size>0x30</size>
         <input_file_ref idref="fl-b"/>
      </object_component>
      <object_component id="oc-e1">
         <name>.text:Port_1</name>
         <load_address>0xd2b8</load_address>
         <run_address>0xd2b8</run_address>
         <size>0x30</size>
         <input_file_ref idref="fl-5"/>
      </object_component>
      <object_component id="oc-321">
         <name>.text:getAngulo</name>
         <load_address>0xd2e8</load_address>
         <run_address>0xd2e8</run_address>
         <size>0x30</size>
         <input_file_ref idref="fl-a"/>
      </object_component>
      <object_component id="oc-475">
         <name>.text:hwTimerInit</name>
         <load_address>0xd318</load_address>
         <run_address>0xd318</run_address>
         <size>0x30</size>
         <input_file_ref idref="fl-7"/>
      </object_component>
      <object_component id="oc-175">
         <name>.text:uart_receive_rti</name>
         <load_address>0xd348</load_address>
         <run_address>0xd348</run_address>
         <size>0x30</size>
         <input_file_ref idref="fl-13"/>
      </object_component>
      <object_component id="oc-3c6">
         <name>.text:adcInit</name>
         <load_address>0xd378</load_address>
         <run_address>0xd378</run_address>
         <size>0x2e</size>
         <input_file_ref idref="fl-2"/>
      </object_component>
      <object_component id="oc-262">
         <name>.text</name>
         <load_address>0xd3a6</load_address>
         <run_address>0xd3a6</run_address>
         <size>0x2c</size>
         <input_file_ref idref="fl-2e"/>
      </object_component>
      <object_component id="oc-2df">
         <name>.text</name>
         <load_address>0xd3d2</load_address>
         <run_address>0xd3d2</run_address>
         <size>0x2c</size>
         <input_file_ref idref="fl-2f"/>
      </object_component>
      <object_component id="oc-b5">
         <name>.text</name>
         <load_address>0xd3fe</load_address>
         <run_address>0xd3fe</run_address>
         <size>0x2c</size>
         <input_file_ref idref="fl-3a"/>
      </object_component>
      <object_component id="oc-334">
         <name>.text:uartRead</name>
         <load_address>0xd42a</load_address>
         <run_address>0xd42a</run_address>
         <size>0x2a</size>
         <input_file_ref idref="fl-13"/>
      </object_component>
      <object_component id="oc-4a2">
         <name>.text</name>
         <load_address>0xd454</load_address>
         <run_address>0xd454</run_address>
         <size>0x26</size>
         <input_file_ref idref="fl-3e"/>
      </object_component>
      <object_component id="oc-2ff">
         <name>.text:CANBuildMsg16</name>
         <load_address>0xd47a</load_address>
         <run_address>0xd47a</run_address>
         <size>0x24</size>
         <input_file_ref idref="fl-5"/>
      </object_component>
      <object_component id="oc-2a1">
         <name>.text:systemInit</name>
         <load_address>0xd49e</load_address>
         <run_address>0xd49e</run_address>
         <size>0x24</size>
         <input_file_ref idref="fl-12"/>
      </object_component>
      <object_component id="oc-305">
         <name>.text:CANSend</name>
         <load_address>0xd4c2</load_address>
         <run_address>0xd4c2</run_address>
         <size>0x22</size>
         <input_file_ref idref="fl-5"/>
      </object_component>
      <object_component id="oc-463">
         <name>.text:MCP2515_reset</name>
         <load_address>0xd4e4</load_address>
         <run_address>0xd4e4</run_address>
         <size>0x22</size>
         <input_file_ref idref="fl-b"/>
      </object_component>
      <object_component id="oc-ff">
         <name>.text:isr_Timer1_CCR1</name>
         <load_address>0xd506</load_address>
         <run_address>0xd506</run_address>
         <size>0x20</size>
         <input_file_ref idref="fl-7"/>
      </object_component>
      <object_component id="oc-ed">
         <name>.text:isr_receive</name>
         <load_address>0xd526</load_address>
         <run_address>0xd526</run_address>
         <size>0x20</size>
         <input_file_ref idref="fl-13"/>
      </object_component>
      <object_component id="oc-e7">
         <name>.text:isr_transmit</name>
         <load_address>0xd546</load_address>
         <run_address>0xd546</run_address>
         <size>0x20</size>
         <input_file_ref idref="fl-13"/>
      </object_component>
      <object_component id="oc-2b3">
         <name>.text:joystickInit</name>
         <load_address>0xd566</load_address>
         <run_address>0xd566</run_address>
         <size>0x20</size>
         <input_file_ref idref="fl-9"/>
      </object_component>
      <object_component id="oc-11d">
         <name>.text:_c_int00_noargs</name>
         <load_address>0xd586</load_address>
         <run_address>0xd586</run_address>
         <size>0x1c</size>
         <input_file_ref idref="fl-3f"/>
      </object_component>
      <object_component id="oc-105">
         <name>.text:isr_Timer1_CCR0</name>
         <load_address>0xd5a2</load_address>
         <run_address>0xd5a2</run_address>
         <size>0x1a</size>
         <input_file_ref idref="fl-7"/>
      </object_component>
      <object_component id="oc-f3">
         <name>.text:rti_isr_timerA0</name>
         <load_address>0xd5bc</load_address>
         <run_address>0xd5bc</run_address>
         <size>0x1a</size>
         <input_file_ref idref="fl-f"/>
      </object_component>
      <object_component id="oc-f9">
         <name>.text:rti_isr_wdt</name>
         <load_address>0xd5d6</load_address>
         <run_address>0xd5d6</run_address>
         <size>0x1a</size>
         <input_file_ref idref="fl-f"/>
      </object_component>
      <object_component id="oc-312">
         <name>.text:CANReceive</name>
         <load_address>0xd5f0</load_address>
         <run_address>0xd5f0</run_address>
         <size>0x18</size>
         <input_file_ref idref="fl-5"/>
      </object_component>
      <object_component id="oc-3f9">
         <name>.text</name>
         <load_address>0xd608</load_address>
         <run_address>0xd608</run_address>
         <size>0x16</size>
         <input_file_ref idref="fl-30"/>
      </object_component>
      <object_component id="oc-481">
         <name>.text:update_t_on0</name>
         <load_address>0xd61e</load_address>
         <run_address>0xd61e</run_address>
         <size>0x16</size>
         <input_file_ref idref="fl-e"/>
      </object_component>
      <object_component id="oc-493">
         <name>.text:update_t_on1</name>
         <load_address>0xd634</load_address>
         <run_address>0xd634</run_address>
         <size>0x16</size>
         <input_file_ref idref="fl-e"/>
      </object_component>
      <object_component id="oc-47b">
         <name>.text:update_t_periodo0</name>
         <load_address>0xd64a</load_address>
         <run_address>0xd64a</run_address>
         <size>0x16</size>
         <input_file_ref idref="fl-e"/>
      </object_component>
      <object_component id="oc-48d">
         <name>.text:update_t_periodo1</name>
         <load_address>0xd660</load_address>
         <run_address>0xd660</run_address>
         <size>0x16</size>
         <input_file_ref idref="fl-e"/>
      </object_component>
      <object_component id="oc-10b">
         <name>.text:decompress:ZI:__TI_zero_init_nomemset:__TI_zero_init_nomemset</name>
         <load_address>0xd676</load_address>
         <run_address>0xd676</run_address>
         <size>0x14</size>
         <input_file_ref idref="fl-41"/>
      </object_component>
      <object_component id="oc-3ff">
         <name>.text</name>
         <load_address>0xd68a</load_address>
         <run_address>0xd68a</run_address>
         <size>0x14</size>
         <input_file_ref idref="fl-3d"/>
      </object_component>
      <object_component id="oc-3cc">
         <name>.text:adcRead</name>
         <load_address>0xd69e</load_address>
         <run_address>0xd69e</run_address>
         <size>0x12</size>
         <input_file_ref idref="fl-2"/>
      </object_component>
      <object_component id="oc-3a">
         <name>.text:decompress:none:__TI_decompress_none</name>
         <load_address>0xd6b0</load_address>
         <run_address>0xd6b0</run_address>
         <size>0x12</size>
         <input_file_ref idref="fl-47"/>
      </object_component>
      <object_component id="oc-cf">
         <name>.text:memcpy</name>
         <load_address>0xd6c2</load_address>
         <run_address>0xd6c2</run_address>
         <size>0x12</size>
         <input_file_ref idref="fl-4c"/>
      </object_component>
      <object_component id="oc-268">
         <name>.text:SPI_transmit</name>
         <load_address>0xd6d4</load_address>
         <run_address>0xd6d4</run_address>
         <size>0x10</size>
         <input_file_ref idref="fl-11"/>
      </object_component>
      <object_component id="oc-4df">
         <name>.text:hwTimerSetCCR0</name>
         <load_address>0xd6e4</load_address>
         <run_address>0xd6e4</run_address>
         <size>0x10</size>
         <input_file_ref idref="fl-7"/>
      </object_component>
      <object_component id="oc-4e9">
         <name>.text:hwTimerSetCCR1</name>
         <load_address>0xd6f4</load_address>
         <run_address>0xd6f4</run_address>
         <size>0x10</size>
         <input_file_ref idref="fl-7"/>
      </object_component>
      <object_component id="oc-bf">
         <name>.text</name>
         <load_address>0xd704</load_address>
         <run_address>0xd704</run_address>
         <size>0x10</size>
         <input_file_ref idref="fl-32"/>
      </object_component>
      <object_component id="oc-30b">
         <name>.text:CANStatus</name>
         <load_address>0xd714</load_address>
         <run_address>0xd714</run_address>
         <size>0xe</size>
         <input_file_ref idref="fl-5"/>
      </object_component>
      <object_component id="oc-1cf">
         <name>.text:MCP2515_clear_rx0</name>
         <load_address>0xd722</load_address>
         <run_address>0xd722</run_address>
         <size>0xe</size>
         <input_file_ref idref="fl-b"/>
      </object_component>
      <object_component id="oc-3d5">
         <name>.text:joystickUpdate</name>
         <load_address>0xd730</load_address>
         <run_address>0xd730</run_address>
         <size>0xe</size>
         <input_file_ref idref="fl-9"/>
      </object_component>
      <object_component id="oc-32d">
         <name>.text:uartStatus</name>
         <load_address>0xd73e</load_address>
         <run_address>0xd73e</run_address>
         <size>0xe</size>
         <input_file_ref idref="fl-13"/>
      </object_component>
      <object_component id="oc-2f9">
         <name>.text:CANBuildMsg8</name>
         <load_address>0xd74c</load_address>
         <run_address>0xd74c</run_address>
         <size>0xc</size>
         <input_file_ref idref="fl-5"/>
      </object_component>
      <object_component id="oc-1d5">
         <name>.text:MCP2515_int_clear</name>
         <load_address>0xd758</load_address>
         <run_address>0xd758</run_address>
         <size>0xc</size>
         <input_file_ref idref="fl-b"/>
      </object_component>
      <object_component id="oc-318">
         <name>.text:CANUnbuildMsg8</name>
         <load_address>0xd764</load_address>
         <run_address>0xd764</run_address>
         <size>0xa</size>
         <input_file_ref idref="fl-5"/>
      </object_component>
      <object_component id="oc-2f2">
         <name>.text:UARTSend</name>
         <load_address>0xd76e</load_address>
         <run_address>0xd76e</run_address>
         <size>0xa</size>
         <input_file_ref idref="fl-5"/>
      </object_component>
      <object_component id="oc-197">
         <name>.text:main</name>
         <load_address>0xd778</load_address>
         <run_address>0xd778</run_address>
         <size>0xa</size>
         <input_file_ref idref="fl-a"/>
      </object_component>
      <object_component id="oc-2d9">
         <name>.text:readJoystick</name>
         <load_address>0xd782</load_address>
         <run_address>0xd782</run_address>
         <size>0xa</size>
         <input_file_ref idref="fl-9"/>
      </object_component>
      <object_component id="oc-327">
         <name>.text:servoWrite</name>
         <load_address>0xd78c</load_address>
         <run_address>0xd78c</run_address>
         <size>0xa</size>
         <input_file_ref idref="fl-10"/>
      </object_component>
      <object_component id="oc-dc">
         <name>.text:_isr:__TI_ISR_TRAP</name>
         <load_address>0xd796</load_address>
         <run_address>0xd796</run_address>
         <size>0x8</size>
         <input_file_ref idref="fl-39"/>
      </object_component>
      <object_component id="oc-39a">
         <name>.text:stopWDT</name>
         <load_address>0xd79e</load_address>
         <run_address>0xd79e</run_address>
         <size>0x8</size>
         <input_file_ref idref="fl-12"/>
      </object_component>
      <object_component id="oc-222">
         <name>.text:abort</name>
         <load_address>0xd7a6</load_address>
         <run_address>0xd7a6</run_address>
         <size>0x6</size>
         <input_file_ref idref="fl-49"/>
      </object_component>
      <object_component id="oc-3f2">
         <name>.text:readJoystickVal</name>
         <load_address>0xd7ac</load_address>
         <run_address>0xd7ac</run_address>
         <size>0x6</size>
         <input_file_ref idref="fl-9"/>
      </object_component>
      <object_component id="oc-2bf">
         <name>.text:setFlag</name>
         <load_address>0xd7b2</load_address>
         <run_address>0xd7b2</run_address>
         <size>0x6</size>
         <input_file_ref idref="fl-a"/>
      </object_component>
      <object_component id="oc-1f1">
         <name>.text:uartGetChar</name>
         <load_address>0xd7b8</load_address>
         <run_address>0xd7b8</run_address>
         <size>0x6</size>
         <input_file_ref idref="fl-13"/>
      </object_component>
      <object_component id="oc-1ea">
         <name>.text:uartPutChar</name>
         <load_address>0xd7be</load_address>
         <run_address>0xd7be</run_address>
         <size>0x6</size>
         <input_file_ref idref="fl-13"/>
      </object_component>
      <object_component id="oc-40c">
         <name>.text:uartSend</name>
         <load_address>0xd7c4</load_address>
         <run_address>0xd7c4</run_address>
         <size>0x6</size>
         <input_file_ref idref="fl-13"/>
      </object_component>
      <object_component id="oc-421">
         <name>.text:writeServoPos</name>
         <load_address>0xd7ca</load_address>
         <run_address>0xd7ca</run_address>
         <size>0x6</size>
         <input_file_ref idref="fl-10"/>
      </object_component>
      <object_component id="oc-191">
         <name>.text:_system_pre_init</name>
         <load_address>0xd7d0</load_address>
         <run_address>0xd7d0</run_address>
         <size>0x4</size>
         <input_file_ref idref="fl-45"/>
      </object_component>
      <object_component id="oc-35f">
         <name>.text:_system_post_cinit</name>
         <load_address>0xd7d4</load_address>
         <run_address>0xd7d4</run_address>
         <size>0x2</size>
         <input_file_ref idref="fl-46"/>
      </object_component>
      <object_component id="oc-547">
         <name>.cinit..data.load</name>
         <load_address>0xd7d6</load_address>
         <run_address>0xd7d6</run_address>
         <size>0x13</size>
      </object_component>
      <object_component id="oc-544">
         <name>__TI_handler_table</name>
         <load_address>0xd7ea</load_address>
         <run_address>0xd7ea</run_address>
         <size>0x6</size>
      </object_component>
      <object_component id="oc-546">
         <name>.cinit..bss.load</name>
         <load_address>0xd7f0</load_address>
         <run_address>0xd7f0</run_address>
         <size>0x4</size>
      </object_component>
      <object_component id="oc-545">
         <name>__TI_cinit_table</name>
         <load_address>0xd7f4</load_address>
         <run_address>0xd7f4</run_address>
         <size>0x8</size>
      </object_component>
      <object_component id="oc-506">
         <name>.binit</name>
         <load_address>0xc000</load_address>
         <run_address>0xc000</run_address>
         <size>0x0</size>
      </object_component>
      <object_component id="oc-40">
         <name>.int00</name>
         <load_address>0xffe0</load_address>
         <run_address>0xffe0</run_address>
         <size>0x2</size>
         <input_file_ref idref="fl-33"/>
      </object_component>
      <object_component id="oc-41">
         <name>.int02</name>
         <load_address>0xffe4</load_address>
         <run_address>0xffe4</run_address>
         <size>0x2</size>
         <input_file_ref idref="fl-5"/>
      </object_component>
      <object_component id="oc-42">
         <name>.int03</name>
         <load_address>0xffe6</load_address>
         <run_address>0xffe6</run_address>
         <size>0x2</size>
         <input_file_ref idref="fl-34"/>
      </object_component>
      <object_component id="oc-43">
         <name>.int05</name>
         <load_address>0xffea</load_address>
         <run_address>0xffea</run_address>
         <size>0x2</size>
         <input_file_ref idref="fl-35"/>
      </object_component>
      <object_component id="oc-44">
         <name>.int06</name>
         <load_address>0xffec</load_address>
         <run_address>0xffec</run_address>
         <size>0x2</size>
         <input_file_ref idref="fl-13"/>
      </object_component>
      <object_component id="oc-45">
         <name>.int07</name>
         <load_address>0xffee</load_address>
         <run_address>0xffee</run_address>
         <size>0x2</size>
         <input_file_ref idref="fl-13"/>
      </object_component>
      <object_component id="oc-46">
         <name>.int08</name>
         <load_address>0xfff0</load_address>
         <run_address>0xfff0</run_address>
         <size>0x2</size>
         <input_file_ref idref="fl-36"/>
      </object_component>
      <object_component id="oc-47">
         <name>.int09</name>
         <load_address>0xfff2</load_address>
         <run_address>0xfff2</run_address>
         <size>0x2</size>
         <input_file_ref idref="fl-f"/>
      </object_component>
      <object_component id="oc-48">
         <name>.int10</name>
         <load_address>0xfff4</load_address>
         <run_address>0xfff4</run_address>
         <size>0x2</size>
         <input_file_ref idref="fl-f"/>
      </object_component>
      <object_component id="oc-49">
         <name>.int11</name>
         <load_address>0xfff6</load_address>
         <run_address>0xfff6</run_address>
         <size>0x2</size>
         <input_file_ref idref="fl-37"/>
      </object_component>
      <object_component id="oc-4a">
         <name>.int12</name>
         <load_address>0xfff8</load_address>
         <run_address>0xfff8</run_address>
         <size>0x2</size>
         <input_file_ref idref="fl-7"/>
      </object_component>
      <object_component id="oc-4b">
         <name>.int13</name>
         <load_address>0xfffa</load_address>
         <run_address>0xfffa</run_address>
         <size>0x2</size>
         <input_file_ref idref="fl-7"/>
      </object_component>
      <object_component id="oc-4c">
         <name>.int14</name>
         <load_address>0xfffc</load_address>
         <run_address>0xfffc</run_address>
         <size>0x2</size>
         <input_file_ref idref="fl-38"/>
      </object_component>
      <object_component id="oc-b4">
         <name>.reset</name>
         <load_address>0xfffe</load_address>
         <run_address>0xfffe</run_address>
         <size>0x2</size>
         <input_file_ref idref="fl-3f"/>
      </object_component>
      <object_component id="oc-38b">
         <name>.debug_info</name>
         <load_address>0x0</load_address>
         <run_address>0x0</run_address>
         <size>0x1db</size>
         <input_file_ref idref="fl-2"/>
      </object_component>
      <object_component id="oc-3ce">
         <name>.debug_info</name>
         <load_address>0x1db</load_address>
         <run_address>0x1db</run_address>
         <size>0x122</size>
         <input_file_ref idref="fl-2"/>
      </object_component>
      <object_component id="oc-3c9">
         <name>.debug_info</name>
         <load_address>0x2fd</load_address>
         <run_address>0x2fd</run_address>
         <size>0x191</size>
         <input_file_ref idref="fl-2"/>
      </object_component>
      <object_component id="oc-27f">
         <name>.debug_info</name>
         <load_address>0x48e</load_address>
         <run_address>0x48e</run_address>
         <size>0x26b</size>
         <input_file_ref idref="fl-2"/>
      </object_component>
      <object_component id="oc-ca">
         <name>.debug_info</name>
         <load_address>0x6f9</load_address>
         <run_address>0x6f9</run_address>
         <size>0x84</size>
         <input_file_ref idref="fl-2"/>
      </object_component>
      <object_component id="oc-284">
         <name>.debug_info</name>
         <load_address>0x77d</load_address>
         <run_address>0x77d</run_address>
         <size>0x275</size>
         <input_file_ref idref="fl-2"/>
      </object_component>
      <object_component id="oc-1df">
         <name>.debug_info</name>
         <load_address>0x9f2</load_address>
         <run_address>0x9f2</run_address>
         <size>0xbb</size>
         <input_file_ref idref="fl-2"/>
      </object_component>
      <object_component id="oc-382">
         <name>.debug_info</name>
         <load_address>0xaad</load_address>
         <run_address>0xaad</run_address>
         <size>0x2c</size>
         <input_file_ref idref="fl-2"/>
      </object_component>
      <object_component id="oc-457">
         <name>.debug_info</name>
         <load_address>0xad9</load_address>
         <run_address>0xad9</run_address>
         <size>0x1cc</size>
         <input_file_ref idref="fl-3"/>
      </object_component>
      <object_component id="oc-390">
         <name>.debug_info</name>
         <load_address>0xca5</load_address>
         <run_address>0xca5</run_address>
         <size>0x2c</size>
         <input_file_ref idref="fl-3"/>
      </object_component>
      <object_component id="oc-261">
         <name>.debug_info</name>
         <load_address>0xcd1</load_address>
         <run_address>0xcd1</run_address>
         <size>0x358</size>
         <input_file_ref idref="fl-5"/>
      </object_component>
      <object_component id="oc-3bd">
         <name>.debug_info</name>
         <load_address>0x1029</load_address>
         <run_address>0x1029</run_address>
         <size>0xfb</size>
         <input_file_ref idref="fl-5"/>
      </object_component>
      <object_component id="oc-162">
         <name>.debug_info</name>
         <load_address>0x1124</load_address>
         <run_address>0x1124</run_address>
         <size>0xfd</size>
         <input_file_ref idref="fl-5"/>
      </object_component>
      <object_component id="oc-16b">
         <name>.debug_info</name>
         <load_address>0x1221</load_address>
         <run_address>0x1221</run_address>
         <size>0x105</size>
         <input_file_ref idref="fl-5"/>
      </object_component>
      <object_component id="oc-2ae">
         <name>.debug_info</name>
         <load_address>0x1326</load_address>
         <run_address>0x1326</run_address>
         <size>0x1df</size>
         <input_file_ref idref="fl-5"/>
      </object_component>
      <object_component id="oc-2f3">
         <name>.debug_info</name>
         <load_address>0x1505</load_address>
         <run_address>0x1505</run_address>
         <size>0x15a</size>
         <input_file_ref idref="fl-5"/>
      </object_component>
      <object_component id="oc-e3">
         <name>.debug_info</name>
         <load_address>0x165f</load_address>
         <run_address>0x165f</run_address>
         <size>0x133</size>
         <input_file_ref idref="fl-5"/>
      </object_component>
      <object_component id="oc-319">
         <name>.debug_info</name>
         <load_address>0x1792</load_address>
         <run_address>0x1792</run_address>
         <size>0x190</size>
         <input_file_ref idref="fl-5"/>
      </object_component>
      <object_component id="oc-30c">
         <name>.debug_info</name>
         <load_address>0x1922</load_address>
         <run_address>0x1922</run_address>
         <size>0x139</size>
         <input_file_ref idref="fl-5"/>
      </object_component>
      <object_component id="oc-306">
         <name>.debug_info</name>
         <load_address>0x1a5b</load_address>
         <run_address>0x1a5b</run_address>
         <size>0x18b</size>
         <input_file_ref idref="fl-5"/>
      </object_component>
      <object_component id="oc-313">
         <name>.debug_info</name>
         <load_address>0x1be6</load_address>
         <run_address>0x1be6</run_address>
         <size>0x17f</size>
         <input_file_ref idref="fl-5"/>
      </object_component>
      <object_component id="oc-2fa">
         <name>.debug_info</name>
         <load_address>0x1d65</load_address>
         <run_address>0x1d65</run_address>
         <size>0x1a6</size>
         <input_file_ref idref="fl-5"/>
      </object_component>
      <object_component id="oc-300">
         <name>.debug_info</name>
         <load_address>0x1f0b</load_address>
         <run_address>0x1f0b</run_address>
         <size>0x1ac</size>
         <input_file_ref idref="fl-5"/>
      </object_component>
      <object_component id="oc-1be">
         <name>.debug_info</name>
         <load_address>0x20b7</load_address>
         <run_address>0x20b7</run_address>
         <size>0xb6</size>
         <input_file_ref idref="fl-5"/>
      </object_component>
      <object_component id="oc-2d3">
         <name>.debug_info</name>
         <load_address>0x216d</load_address>
         <run_address>0x216d</run_address>
         <size>0x1e9</size>
         <input_file_ref idref="fl-6"/>
      </object_component>
      <object_component id="oc-348">
         <name>.debug_info</name>
         <load_address>0x2356</load_address>
         <run_address>0x2356</run_address>
         <size>0x19d</size>
         <input_file_ref idref="fl-6"/>
      </object_component>
      <object_component id="oc-2ce">
         <name>.debug_info</name>
         <load_address>0x24f3</load_address>
         <run_address>0x24f3</run_address>
         <size>0x2d3</size>
         <input_file_ref idref="fl-6"/>
      </object_component>
      <object_component id="oc-29d">
         <name>.debug_info</name>
         <load_address>0x27c6</load_address>
         <run_address>0x27c6</run_address>
         <size>0x3ca</size>
         <input_file_ref idref="fl-7"/>
      </object_component>
      <object_component id="oc-185">
         <name>.debug_info</name>
         <load_address>0x2b90</load_address>
         <run_address>0x2b90</run_address>
         <size>0x200</size>
         <input_file_ref idref="fl-7"/>
      </object_component>
      <object_component id="oc-100">
         <name>.debug_info</name>
         <load_address>0x2d90</load_address>
         <run_address>0x2d90</run_address>
         <size>0x142</size>
         <input_file_ref idref="fl-7"/>
      </object_component>
      <object_component id="oc-106">
         <name>.debug_info</name>
         <load_address>0x2ed2</load_address>
         <run_address>0x2ed2</run_address>
         <size>0x142</size>
         <input_file_ref idref="fl-7"/>
      </object_component>
      <object_component id="oc-4ea">
         <name>.debug_info</name>
         <load_address>0x3014</load_address>
         <run_address>0x3014</run_address>
         <size>0x18c</size>
         <input_file_ref idref="fl-7"/>
      </object_component>
      <object_component id="oc-4e0">
         <name>.debug_info</name>
         <load_address>0x31a0</load_address>
         <run_address>0x31a0</run_address>
         <size>0x18c</size>
         <input_file_ref idref="fl-7"/>
      </object_component>
      <object_component id="oc-476">
         <name>.debug_info</name>
         <load_address>0x332c</load_address>
         <run_address>0x332c</run_address>
         <size>0x180</size>
         <input_file_ref idref="fl-7"/>
      </object_component>
      <object_component id="oc-488">
         <name>.debug_info</name>
         <load_address>0x34ac</load_address>
         <run_address>0x34ac</run_address>
         <size>0x47d</size>
         <input_file_ref idref="fl-7"/>
      </object_component>
      <object_component id="oc-20d">
         <name>.debug_info</name>
         <load_address>0x3929</load_address>
         <run_address>0x3929</run_address>
         <size>0x2c</size>
         <input_file_ref idref="fl-7"/>
      </object_component>
      <object_component id="oc-3dc">
         <name>.debug_info</name>
         <load_address>0x3955</load_address>
         <run_address>0x3955</run_address>
         <size>0x1b9</size>
         <input_file_ref idref="fl-9"/>
      </object_component>
      <object_component id="oc-3d3">
         <name>.debug_info</name>
         <load_address>0x3b0e</load_address>
         <run_address>0x3b0e</run_address>
         <size>0x124</size>
         <input_file_ref idref="fl-9"/>
      </object_component>
      <object_component id="oc-3f3">
         <name>.debug_info</name>
         <load_address>0x3c32</load_address>
         <run_address>0x3c32</run_address>
         <size>0x13b</size>
         <input_file_ref idref="fl-9"/>
      </object_component>
      <object_component id="oc-3d8">
         <name>.debug_info</name>
         <load_address>0x3d6d</load_address>
         <run_address>0x3d6d</run_address>
         <size>0x143</size>
         <input_file_ref idref="fl-9"/>
      </object_component>
      <object_component id="oc-2da">
         <name>.debug_info</name>
         <load_address>0x3eb0</load_address>
         <run_address>0x3eb0</run_address>
         <size>0x160</size>
         <input_file_ref idref="fl-9"/>
      </object_component>
      <object_component id="oc-2b5">
         <name>.debug_info</name>
         <load_address>0x4010</load_address>
         <run_address>0x4010</run_address>
         <size>0x1a5</size>
         <input_file_ref idref="fl-9"/>
      </object_component>
      <object_component id="oc-29f">
         <name>.debug_info</name>
         <load_address>0x41b5</load_address>
         <run_address>0x41b5</run_address>
         <size>0x638</size>
         <input_file_ref idref="fl-a"/>
      </object_component>
      <object_component id="oc-2a8">
         <name>.debug_info</name>
         <load_address>0x47ed</load_address>
         <run_address>0x47ed</run_address>
         <size>0x230</size>
         <input_file_ref idref="fl-a"/>
      </object_component>
      <object_component id="oc-2aa">
         <name>.debug_info</name>
         <load_address>0x4a1d</load_address>
         <run_address>0x4a1d</run_address>
         <size>0x1b0</size>
         <input_file_ref idref="fl-a"/>
      </object_component>
      <object_component id="oc-33c">
         <name>.debug_info</name>
         <load_address>0x4bcd</load_address>
         <run_address>0x4bcd</run_address>
         <size>0x1cd</size>
         <input_file_ref idref="fl-a"/>
      </object_component>
      <object_component id="oc-342">
         <name>.debug_info</name>
         <load_address>0x4d9a</load_address>
         <run_address>0x4d9a</run_address>
         <size>0x1a2</size>
         <input_file_ref idref="fl-a"/>
      </object_component>
      <object_component id="oc-2c1">
         <name>.debug_info</name>
         <load_address>0x4f3c</load_address>
         <run_address>0x4f3c</run_address>
         <size>0x11b</size>
         <input_file_ref idref="fl-a"/>
      </object_component>
      <object_component id="oc-2ee">
         <name>.debug_info</name>
         <load_address>0x5057</load_address>
         <run_address>0x5057</run_address>
         <size>0x1fb</size>
         <input_file_ref idref="fl-a"/>
      </object_component>
      <object_component id="oc-2e6">
         <name>.debug_info</name>
         <load_address>0x5252</load_address>
         <run_address>0x5252</run_address>
         <size>0x1e3</size>
         <input_file_ref idref="fl-a"/>
      </object_component>
      <object_component id="oc-216">
         <name>.debug_info</name>
         <load_address>0x5435</load_address>
         <run_address>0x5435</run_address>
         <size>0x196</size>
         <input_file_ref idref="fl-a"/>
      </object_component>
      <object_component id="oc-322">
         <name>.debug_info</name>
         <load_address>0x55cb</load_address>
         <run_address>0x55cb</run_address>
         <size>0x178</size>
         <input_file_ref idref="fl-a"/>
      </object_component>
      <object_component id="oc-21c">
         <name>.debug_info</name>
         <load_address>0x5743</load_address>
         <run_address>0x5743</run_address>
         <size>0x29f</size>
         <input_file_ref idref="fl-a"/>
      </object_component>
      <object_component id="oc-198">
         <name>.debug_info</name>
         <load_address>0x59e2</load_address>
         <run_address>0x59e2</run_address>
         <size>0x12a</size>
         <input_file_ref idref="fl-a"/>
      </object_component>
      <object_component id="oc-1dc">
         <name>.debug_info</name>
         <load_address>0x5b0c</load_address>
         <run_address>0x5b0c</run_address>
         <size>0x22b</size>
         <input_file_ref idref="fl-b"/>
      </object_component>
      <object_component id="oc-4c2">
         <name>.debug_info</name>
         <load_address>0x5d37</load_address>
         <run_address>0x5d37</run_address>
         <size>0x1f4</size>
         <input_file_ref idref="fl-b"/>
      </object_component>
      <object_component id="oc-4bc">
         <name>.debug_info</name>
         <load_address>0x5f2b</load_address>
         <run_address>0x5f2b</run_address>
         <size>0x215</size>
         <input_file_ref idref="fl-b"/>
      </object_component>
      <object_component id="oc-278">
         <name>.debug_info</name>
         <load_address>0x6140</load_address>
         <run_address>0x6140</run_address>
         <size>0x1ad</size>
         <input_file_ref idref="fl-b"/>
      </object_component>
      <object_component id="oc-1cc">
         <name>.debug_info</name>
         <load_address>0x62ed</load_address>
         <run_address>0x62ed</run_address>
         <size>0x18d</size>
         <input_file_ref idref="fl-b"/>
      </object_component>
      <object_component id="oc-466">
         <name>.debug_info</name>
         <load_address>0x647a</load_address>
         <run_address>0x647a</run_address>
         <size>0x143</size>
         <input_file_ref idref="fl-b"/>
      </object_component>
      <object_component id="oc-3b9">
         <name>.debug_info</name>
         <load_address>0x65bd</load_address>
         <run_address>0x65bd</run_address>
         <size>0x230</size>
         <input_file_ref idref="fl-b"/>
      </object_component>
      <object_component id="oc-1c6">
         <name>.debug_info</name>
         <load_address>0x67ed</load_address>
         <run_address>0x67ed</run_address>
         <size>0x215</size>
         <input_file_ref idref="fl-b"/>
      </object_component>
      <object_component id="oc-1d8">
         <name>.debug_info</name>
         <load_address>0x6a02</load_address>
         <run_address>0x6a02</run_address>
         <size>0x14f</size>
         <input_file_ref idref="fl-b"/>
      </object_component>
      <object_component id="oc-272">
         <name>.debug_info</name>
         <load_address>0x6b51</load_address>
         <run_address>0x6b51</run_address>
         <size>0x1ef</size>
         <input_file_ref idref="fl-b"/>
      </object_component>
      <object_component id="oc-1d2">
         <name>.debug_info</name>
         <load_address>0x6d40</load_address>
         <run_address>0x6d40</run_address>
         <size>0x154</size>
         <input_file_ref idref="fl-b"/>
      </object_component>
      <object_component id="oc-418">
         <name>.debug_info</name>
         <load_address>0x6e94</load_address>
         <run_address>0x6e94</run_address>
         <size>0x1cb</size>
         <input_file_ref idref="fl-b"/>
      </object_component>
      <object_component id="oc-167">
         <name>.debug_info</name>
         <load_address>0x705f</load_address>
         <run_address>0x705f</run_address>
         <size>0x1cc</size>
         <input_file_ref idref="fl-b"/>
      </object_component>
      <object_component id="oc-3c2">
         <name>.debug_info</name>
         <load_address>0x722b</load_address>
         <run_address>0x722b</run_address>
         <size>0x16f</size>
         <input_file_ref idref="fl-b"/>
      </object_component>
      <object_component id="oc-4f5">
         <name>.debug_info</name>
         <load_address>0x739a</load_address>
         <run_address>0x739a</run_address>
         <size>0x288</size>
         <input_file_ref idref="fl-e"/>
      </object_component>
      <object_component id="oc-49a">
         <name>.debug_info</name>
         <load_address>0x7622</load_address>
         <run_address>0x7622</run_address>
         <size>0xfd</size>
         <input_file_ref idref="fl-e"/>
      </object_component>
      <object_component id="oc-49d">
         <name>.debug_info</name>
         <load_address>0x771f</load_address>
         <run_address>0x771f</run_address>
         <size>0xf3</size>
         <input_file_ref idref="fl-e"/>
      </object_component>
      <object_component id="oc-4dd">
         <name>.debug_info</name>
         <load_address>0x7812</load_address>
         <run_address>0x7812</run_address>
         <size>0xfd</size>
         <input_file_ref idref="fl-e"/>
      </object_component>
      <object_component id="oc-4e7">
         <name>.debug_info</name>
         <load_address>0x790f</load_address>
         <run_address>0x790f</run_address>
         <size>0xf3</size>
         <input_file_ref idref="fl-e"/>
      </object_component>
      <object_component id="oc-48e">
         <name>.debug_info</name>
         <load_address>0x7a02</load_address>
         <run_address>0x7a02</run_address>
         <size>0x141</size>
         <input_file_ref idref="fl-e"/>
      </object_component>
      <object_component id="oc-47c">
         <name>.debug_info</name>
         <load_address>0x7b43</load_address>
         <run_address>0x7b43</run_address>
         <size>0x141</size>
         <input_file_ref idref="fl-e"/>
      </object_component>
      <object_component id="oc-494">
         <name>.debug_info</name>
         <load_address>0x7c84</load_address>
         <run_address>0x7c84</run_address>
         <size>0x137</size>
         <input_file_ref idref="fl-e"/>
      </object_component>
      <object_component id="oc-482">
         <name>.debug_info</name>
         <load_address>0x7dbb</load_address>
         <run_address>0x7dbb</run_address>
         <size>0x137</size>
         <input_file_ref idref="fl-e"/>
      </object_component>
      <object_component id="oc-4ad">
         <name>.debug_info</name>
         <load_address>0x7ef2</load_address>
         <run_address>0x7ef2</run_address>
         <size>0x1a8</size>
         <input_file_ref idref="fl-e"/>
      </object_component>
      <object_component id="oc-3de">
         <name>.debug_info</name>
         <load_address>0x809a</load_address>
         <run_address>0x809a</run_address>
         <size>0x251</size>
         <input_file_ref idref="fl-e"/>
      </object_component>
      <object_component id="oc-296">
         <name>.debug_info</name>
         <load_address>0x82eb</load_address>
         <run_address>0x82eb</run_address>
         <size>0x17f</size>
         <input_file_ref idref="fl-f"/>
      </object_component>
      <object_component id="oc-202">
         <name>.debug_info</name>
         <load_address>0x846a</load_address>
         <run_address>0x846a</run_address>
         <size>0xf7</size>
         <input_file_ref idref="fl-f"/>
      </object_component>
      <object_component id="oc-205">
         <name>.debug_info</name>
         <load_address>0x8561</load_address>
         <run_address>0x8561</run_address>
         <size>0xf9</size>
         <input_file_ref idref="fl-f"/>
      </object_component>
      <object_component id="oc-1ff">
         <name>.debug_info</name>
         <load_address>0x865a</load_address>
         <run_address>0x865a</run_address>
         <size>0xff</size>
         <input_file_ref idref="fl-f"/>
      </object_component>
      <object_component id="oc-208">
         <name>.debug_info</name>
         <load_address>0x8759</load_address>
         <run_address>0x8759</run_address>
         <size>0xf9</size>
         <input_file_ref idref="fl-f"/>
      </object_component>
      <object_component id="oc-1fc">
         <name>.debug_info</name>
         <load_address>0x8852</load_address>
         <run_address>0x8852</run_address>
         <size>0xe5</size>
         <input_file_ref idref="fl-f"/>
      </object_component>
      <object_component id="oc-17d">
         <name>.debug_info</name>
         <load_address>0x8937</load_address>
         <run_address>0x8937</run_address>
         <size>0x133</size>
         <input_file_ref idref="fl-f"/>
      </object_component>
      <object_component id="oc-fa">
         <name>.debug_info</name>
         <load_address>0x8a6a</load_address>
         <run_address>0x8a6a</run_address>
         <size>0x139</size>
         <input_file_ref idref="fl-f"/>
      </object_component>
      <object_component id="oc-f4">
         <name>.debug_info</name>
         <load_address>0x8ba3</load_address>
         <run_address>0x8ba3</run_address>
         <size>0x141</size>
         <input_file_ref idref="fl-f"/>
      </object_component>
      <object_component id="oc-2c7">
         <name>.debug_info</name>
         <load_address>0x8ce4</load_address>
         <run_address>0x8ce4</run_address>
         <size>0x194</size>
         <input_file_ref idref="fl-f"/>
      </object_component>
      <object_component id="oc-3ed">
         <name>.debug_info</name>
         <load_address>0x8e78</load_address>
         <run_address>0x8e78</run_address>
         <size>0x1fc</size>
         <input_file_ref idref="fl-10"/>
      </object_component>
      <object_component id="oc-3e4">
         <name>.debug_info</name>
         <load_address>0x9074</load_address>
         <run_address>0x9074</run_address>
         <size>0x121</size>
         <input_file_ref idref="fl-10"/>
      </object_component>
      <object_component id="oc-423">
         <name>.debug_info</name>
         <load_address>0x9195</load_address>
         <run_address>0x9195</run_address>
         <size>0x154</size>
         <input_file_ref idref="fl-10"/>
      </object_component>
      <object_component id="oc-3e7">
         <name>.debug_info</name>
         <load_address>0x92e9</load_address>
         <run_address>0x92e9</run_address>
         <size>0x15e</size>
         <input_file_ref idref="fl-10"/>
      </object_component>
      <object_component id="oc-328">
         <name>.debug_info</name>
         <load_address>0x9447</load_address>
         <run_address>0x9447</run_address>
         <size>0x15f</size>
         <input_file_ref idref="fl-10"/>
      </object_component>
      <object_component id="oc-2ba">
         <name>.debug_info</name>
         <load_address>0x95a6</load_address>
         <run_address>0x95a6</run_address>
         <size>0x1dd</size>
         <input_file_ref idref="fl-10"/>
      </object_component>
      <object_component id="oc-269">
         <name>.debug_info</name>
         <load_address>0x9783</load_address>
         <run_address>0x9783</run_address>
         <size>0x14c</size>
         <input_file_ref idref="fl-11"/>
      </object_component>
      <object_component id="oc-461">
         <name>.debug_info</name>
         <load_address>0x98cf</load_address>
         <run_address>0x98cf</run_address>
         <size>0x11a</size>
         <input_file_ref idref="fl-11"/>
      </object_component>
      <object_component id="oc-45b">
         <name>.debug_info</name>
         <load_address>0x99e9</load_address>
         <run_address>0x99e9</run_address>
         <size>0x397</size>
         <input_file_ref idref="fl-12"/>
      </object_component>
      <object_component id="oc-39d">
         <name>.debug_info</name>
         <load_address>0x9d80</load_address>
         <run_address>0x9d80</run_address>
         <size>0x121</size>
         <input_file_ref idref="fl-12"/>
      </object_component>
      <object_component id="oc-3a4">
         <name>.debug_info</name>
         <load_address>0x9ea1</load_address>
         <run_address>0x9ea1</run_address>
         <size>0x175</size>
         <input_file_ref idref="fl-12"/>
      </object_component>
      <object_component id="oc-3aa">
         <name>.debug_info</name>
         <load_address>0xa016</load_address>
         <run_address>0xa016</run_address>
         <size>0x1b7</size>
         <input_file_ref idref="fl-12"/>
      </object_component>
      <object_component id="oc-2a5">
         <name>.debug_info</name>
         <load_address>0xa1cd</load_address>
         <run_address>0xa1cd</run_address>
         <size>0x21d</size>
         <input_file_ref idref="fl-12"/>
      </object_component>
      <object_component id="oc-28d">
         <name>.debug_info</name>
         <load_address>0xa3ea</load_address>
         <run_address>0xa3ea</run_address>
         <size>0x279</size>
         <input_file_ref idref="fl-13"/>
      </object_component>
      <object_component id="oc-1e8">
         <name>.debug_info</name>
         <load_address>0xa663</load_address>
         <run_address>0xa663</run_address>
         <size>0x100</size>
         <input_file_ref idref="fl-13"/>
      </object_component>
      <object_component id="oc-1f8">
         <name>.debug_info</name>
         <load_address>0xa763</load_address>
         <run_address>0xa763</run_address>
         <size>0xfe</size>
         <input_file_ref idref="fl-13"/>
      </object_component>
      <object_component id="oc-1e5">
         <name>.debug_info</name>
         <load_address>0xa861</load_address>
         <run_address>0xa861</run_address>
         <size>0x182</size>
         <input_file_ref idref="fl-13"/>
      </object_component>
      <object_component id="oc-1ed">
         <name>.debug_info</name>
         <load_address>0xa9e3</load_address>
         <run_address>0xa9e3</run_address>
         <size>0x139</size>
         <input_file_ref idref="fl-13"/>
      </object_component>
      <object_component id="oc-171">
         <name>.debug_info</name>
[...]
         <object_component_ref idref="oc-1d5"/>
      </symbol>
      <symbol id="sm-32b">
         <name>MCP2515_write</name>
         <value>0xd186</value>
         <object_component_ref idref="oc-276"/>
      </symbol>
      <symbol id="sm-37d">
         <name>pwmWrite</name>
         <value>0xd224</value>
         <object_component_ref idref="oc-4ac"/>
      </symbol>
      <symbol id="sm-37e">
         <name>update_t_periodo0</name>
         <value>0xd64a</value>
         <object_component_ref idref="oc-47b"/>
      </symbol>
      <symbol id="sm-37f">
         <name>update_t_periodo1</name>
         <value>0xd660</value>
         <object_component_ref idref="oc-48d"/>
      </symbol>
      <symbol id="sm-380">
         <name>update_t_on0</name>
         <value>0xd61e</value>
         <object_component_ref idref="oc-481"/>
      </symbol>
      <symbol id="sm-381">
         <name>update_t_on1</name>
         <value>0xd634</value>
         <object_component_ref idref="oc-493"/>
      </symbol>
      <symbol id="sm-382">
         <name>pwmInit</name>
         <value>0xc8a0</value>
         <object_component_ref idref="oc-3dd"/>
      </symbol>
      <symbol id="sm-3c7">
         <name>recorrerCallbacks</name>
         <value>0xcf14</value>
         <object_component_ref idref="oc-17c"/>
      </symbol>
      <symbol id="sm-3c8">
         <name>__TI_int09</name>
         <value>0xfff2</value>
         <object_component_ref idref="oc-47"/>
      </symbol>
      <symbol id="sm-3c9">
         <name>__TI_int10</name>
         <value>0xfff4</value>
         <object_component_ref idref="oc-48"/>
      </symbol>
      <symbol id="sm-3ca">
         <name>rti_isr_wdt</name>
         <value>0xd5d6</value>
         <object_component_ref idref="oc-f9"/>
      </symbol>
      <symbol id="sm-3cb">
         <name>rti_isr_timerA0</name>
         <value>0xd5bc</value>
         <object_component_ref idref="oc-f3"/>
      </symbol>
      <symbol id="sm-3cc">
         <name>rtiSubmitCallback</name>
         <value>0xd024</value>
         <object_component_ref idref="oc-2c5"/>
      </symbol>
      <symbol id="sm-3f6">
         <name>servoUpdate</name>
         <value>0xd064</value>
         <object_component_ref idref="oc-3e6"/>
      </symbol>
      <symbol id="sm-3f7">
         <name>servoWrite</name>
         <value>0xd78c</value>
         <object_component_ref idref="oc-327"/>
      </symbol>
      <symbol id="sm-3f8">
         <name>servoInit</name>
         <value>0xd1f0</value>
         <object_component_ref idref="oc-2b9"/>
      </symbol>
      <symbol id="sm-3f9">
         <name>writeServoPos</name>
         <value>0xd7ca</value>
         <object_component_ref idref="oc-421"/>
      </symbol>
      <symbol id="sm-40d">
         <name>SPI_init</name>
         <value>0xcc98</value>
         <object_component_ref idref="oc-45d"/>
      </symbol>
      <symbol id="sm-40e">
         <name>SPI_transmit</name>
         <value>0xd6d4</value>
         <object_component_ref idref="oc-268"/>
      </symbol>
      <symbol id="sm-443">
         <name>systemInit</name>
         <value>0xd49e</value>
         <object_component_ref idref="oc-2a1"/>
      </symbol>
      <symbol id="sm-444">
         <name>setRTI</name>
         <value>0xc70a</value>
         <object_component_ref idref="oc-3a6"/>
      </symbol>
      <symbol id="sm-445">
         <name>stopWDT</name>
         <value>0xd79e</value>
         <object_component_ref idref="oc-39a"/>
      </symbol>
      <symbol id="sm-446">
         <name>setCLK</name>
         <value>0xce3c</value>
         <object_component_ref idref="oc-3a0"/>
      </symbol>
      <symbol id="sm-4bb">
         <name>uartRead</name>
         <value>0xd42a</value>
         <object_component_ref idref="oc-334"/>
      </symbol>
      <symbol id="sm-4bc">
         <name>__TI_int06</name>
         <value>0xffec</value>
         <object_component_ref idref="oc-44"/>
      </symbol>
      <symbol id="sm-4bd">
         <name>__TI_int07</name>
         <value>0xffee</value>
         <object_component_ref idref="oc-45"/>
      </symbol>
      <symbol id="sm-4be">
         <name>uart_receive_rti</name>
         <value>0xd348</value>
         <object_component_ref idref="oc-175"/>
      </symbol>
      <symbol id="sm-4bf">
         <name>isr_receive</name>
         <value>0xd526</value>
         <object_component_ref idref="oc-ed"/>
      </symbol>
      <symbol id="sm-4c0">
         <name>uartStatus</name>
         <value>0xd73e</value>
         <object_component_ref idref="oc-32d"/>
      </symbol>
      <symbol id="sm-4c1">
         <name>uartWriteString</name>
         <value>0xd116</value>
         <object_component_ref idref="oc-406"/>
      </symbol>
      <symbol id="sm-4c2">
         <name>isr_transmit</name>
         <value>0xd546</value>
         <object_component_ref idref="oc-e7"/>
      </symbol>
      <symbol id="sm-4c3">
         <name>uartInit</name>
         <value>0xd256</value>
         <object_component_ref idref="oc-3b0"/>
      </symbol>
      <symbol id="sm-4c4">
         <name>uartSend</name>
         <value>0xd7c4</value>
         <object_component_ref idref="oc-40c"/>
      </symbol>
      <symbol id="sm-4c5">
         <name>uart_transmit_rti</name>
         <value>0xd14e</value>
         <object_component_ref idref="oc-16e"/>
      </symbol>
      <symbol id="sm-4c6">
         <name>uartPutChar</name>
         <value>0xd7be</value>
         <object_component_ref idref="oc-1ea"/>
      </symbol>
      <symbol id="sm-4c7">
         <name>uartGetChar</name>
         <value>0xd7b8</value>
         <object_component_ref idref="oc-1f1"/>
      </symbol>
      <symbol id="sm-4cf">
         <name>__mspabi_srai</name>
         <value>0xd3a6</value>
         <object_component_ref idref="oc-262"/>
      </symbol>
      <symbol id="sm-4d0">
         <name>__mspabi_srai_8</name>
         <value>0xd3c0</value>
         <object_component_ref idref="oc-262"/>
      </symbol>
      <symbol id="sm-4d1">
         <name>__mspabi_srai_9</name>
         <value>0xd3be</value>
         <object_component_ref idref="oc-262"/>
      </symbol>
      <symbol id="sm-4d2">
         <name>__mspabi_srai_6</name>
         <value>0xd3c4</value>
         <object_component_ref idref="oc-262"/>
      </symbol>
      <symbol id="sm-4d3">
         <name>__mspabi_srai_7</name>
         <value>0xd3c2</value>
         <object_component_ref idref="oc-262"/>
      </symbol>
      <symbol id="sm-4d4">
         <name>__mspabi_srai_4</name>
         <value>0xd3c8</value>
         <object_component_ref idref="oc-262"/>
      </symbol>
      <symbol id="sm-4d5">
         <name>__mspabi_srai_5</name>
         <value>0xd3c6</value>
         <object_component_ref idref="oc-262"/>
      </symbol>
      <symbol id="sm-4d6">
         <name>__mspabi_srai_2</name>
         <value>0xd3cc</value>
         <object_component_ref idref="oc-262"/>
      </symbol>
      <symbol id="sm-4d7">
         <name>__mspabi_srai_3</name>
         <value>0xd3ca</value>
         <object_component_ref idref="oc-262"/>
      </symbol>
      <symbol id="sm-4d8">
         <name>__mspabi_srai_1</name>
         <value>0xd3ce</value>
         <object_component_ref idref="oc-262"/>
      </symbol>
      <symbol id="sm-4d9">
         <name>__mspabi_srai_15</name>
         <value>0xd3b2</value>
         <object_component_ref idref="oc-262"/>
      </symbol>
      <symbol id="sm-4da">
         <name>__mspabi_srai_14</name>
         <value>0xd3b4</value>
         <object_component_ref idref="oc-262"/>
      </symbol>
      <symbol id="sm-4db">
         <name>__mspabi_srai_13</name>
         <value>0xd3b6</value>
         <object_component_ref idref="oc-262"/>
      </symbol>
      <symbol id="sm-4dc">
         <name>__mspabi_srai_12</name>
         <value>0xd3b8</value>
         <object_component_ref idref="oc-262"/>
      </symbol>
      <symbol id="sm-4dd">
         <name>__mspabi_srai_11</name>
         <value>0xd3ba</value>
         <object_component_ref idref="oc-262"/>
      </symbol>
      <symbol id="sm-4de">
         <name>__mspabi_srai_10</name>
         <value>0xd3bc</value>
         <object_component_ref idref="oc-262"/>
      </symbol>
      <symbol id="sm-4ea">
         <name>__mspabi_remi</name>
         <value>0xd3d2</value>
         <object_component_ref idref="oc-2df"/>
      </symbol>
      <symbol id="sm-4eb">
         <name>__mspabi_divi</name>
         <value>0xd3d2</value>
         <object_component_ref idref="oc-2df"/>
      </symbol>
      <symbol id="sm-4f5">
         <name>__mspabi_remu</name>
         <value>0xd608</value>
         <object_component_ref idref="oc-3f9"/>
      </symbol>
      <symbol id="sm-4f6">
         <name>__mspabi_divu</name>
         <value>0xd608</value>
         <object_component_ref idref="oc-3f9"/>
      </symbol>
      <symbol id="sm-504">
         <name>__mspabi_remul</name>
         <value>0xccf0</value>
         <object_component_ref idref="oc-4a7"/>
      </symbol>
      <symbol id="sm-505">
         <name>__mspabi_divul</name>
         <value>0xccf0</value>
         <object_component_ref idref="oc-4a7"/>
      </symbol>
      <symbol id="sm-50e">
         <name>__mspabi_func_epilog_2</name>
         <value>0xd70e</value>
         <object_component_ref idref="oc-bf"/>
      </symbol>
      <symbol id="sm-50f">
         <name>__mspabi_func_epilog_3</name>
         <value>0xd70c</value>
         <object_component_ref idref="oc-bf"/>
      </symbol>
      <symbol id="sm-510">
         <name>__mspabi_func_epilog_1</name>
         <value>0xd710</value>
         <object_component_ref idref="oc-bf"/>
      </symbol>
      <symbol id="sm-511">
         <name>__mspabi_func_epilog_6</name>
         <value>0xd706</value>
         <object_component_ref idref="oc-bf"/>
      </symbol>
      <symbol id="sm-512">
         <name>__mspabi_func_epilog_7</name>
         <value>0xd704</value>
         <object_component_ref idref="oc-bf"/>
      </symbol>
      <symbol id="sm-513">
         <name>__mspabi_func_epilog_4</name>
         <value>0xd70a</value>
         <object_component_ref idref="oc-bf"/>
      </symbol>
      <symbol id="sm-514">
         <name>__mspabi_func_epilog_5</name>
         <value>0xd708</value>
         <object_component_ref idref="oc-bf"/>
      </symbol>
      <symbol id="sm-517">
         <name>__TI_int00</name>
         <value>0xffe0</value>
         <object_component_ref idref="oc-40"/>
      </symbol>
      <symbol id="sm-51a">
         <name>__TI_int03</name>
         <value>0xffe6</value>
         <object_component_ref idref="oc-42"/>
      </symbol>
      <symbol id="sm-51d">
         <name>__TI_int05</name>
         <value>0xffea</value>
         <object_component_ref idref="oc-43"/>
      </symbol>
      <symbol id="sm-520">
         <name>__TI_int08</name>
         <value>0xfff0</value>
         <object_component_ref idref="oc-46"/>
      </symbol>
      <symbol id="sm-523">
         <name>__TI_int11</name>
         <value>0xfff6</value>
         <object_component_ref idref="oc-49"/>
      </symbol>
      <symbol id="sm-526">
         <name>__TI_int14</name>
         <value>0xfffc</value>
         <object_component_ref idref="oc-4c"/>
      </symbol>
      <symbol id="sm-52e">
         <name>__TI_ISR_TRAP</name>
         <value>0xd796</value>
         <object_component_ref idref="oc-dc"/>
      </symbol>
      <symbol id="sm-536">
         <name>__mspabi_slli</name>
         <value>0xd3fe</value>
         <object_component_ref idref="oc-b5"/>
      </symbol>
      <symbol id="sm-537">
         <name>__mspabi_slli_9</name>
         <value>0xd416</value>
         <object_component_ref idref="oc-b5"/>
      </symbol>
      <symbol id="sm-538">
         <name>__mspabi_slli_8</name>
         <value>0xd418</value>
         <object_component_ref idref="oc-b5"/>
      </symbol>
      <symbol id="sm-539">
         <name>__mspabi_slli_7</name>
         <value>0xd41a</value>
         <object_component_ref idref="oc-b5"/>
      </symbol>
      <symbol id="sm-53a">
         <name>__mspabi_slli_6</name>
         <value>0xd41c</value>
         <object_component_ref idref="oc-b5"/>
      </symbol>
      <symbol id="sm-53b">
         <name>__mspabi_slli_5</name>
         <value>0xd41e</value>
         <object_component_ref idref="oc-b5"/>
      </symbol>
      <symbol id="sm-53c">
         <name>__mspabi_slli_4</name>
         <value>0xd420</value>
         <object_component_ref idref="oc-b5"/>
      </symbol>
      <symbol id="sm-53d">
         <name>__mspabi_slli_3</name>
         <value>0xd422</value>
         <object_component_ref idref="oc-b5"/>
      </symbol>
      <symbol id="sm-53e">
         <name>__mspabi_slli_2</name>
         <value>0xd424</value>
         <object_component_ref idref="oc-b5"/>
      </symbol>
      <symbol id="sm-53f">
         <name>__mspabi_slli_1</name>
         <value>0xd426</value>
         <object_component_ref idref="oc-b5"/>
      </symbol>
      <symbol id="sm-540">
         <name>__mspabi_slli_15</name>
         <value>0xd40a</value>
         <object_component_ref idref="oc-b5"/>
      </symbol>
      <symbol id="sm-541">
         <name>__mspabi_slli_14</name>
         <value>0xd40c</value>
         <object_component_ref idref="oc-b5"/>
      </symbol>
      <symbol id="sm-542">
         <name>__mspabi_slli_13</name>
         <value>0xd40e</value>
         <object_component_ref idref="oc-b5"/>
      </symbol>
      <symbol id="sm-543">
         <name>__mspabi_slli_12</name>
         <value>0xd410</value>
         <object_component_ref idref="oc-b5"/>
      </symbol>
      <symbol id="sm-544">
         <name>__mspabi_slli_11</name>
         <value>0xd412</value>
         <object_component_ref idref="oc-b5"/>
      </symbol>
      <symbol id="sm-545">
         <name>__mspabi_slli_10</name>
         <value>0xd414</value>
         <object_component_ref idref="oc-b5"/>
      </symbol>
      <symbol id="sm-54e">
         <name>__mspabi_srli_8</name>
         <value>0xce1a</value>
         <object_component_ref idref="oc-ba"/>
      </symbol>
      <symbol id="sm-54f">
         <name>__mspabi_srli_9</name>
         <value>0xce16</value>
         <object_component_ref idref="oc-ba"/>
      </symbol>
      <symbol id="sm-550">
         <name>__mspabi_srli_6</name>
         <value>0xce22</value>
         <object_component_ref idref="oc-ba"/>
      </symbol>
      <symbol id="sm-551">
         <name>__mspabi_srli_7</name>
         <value>0xce1e</value>
         <object_component_ref idref="oc-ba"/>
      </symbol>
      <symbol id="sm-552">
         <name>__mspabi_srli_4</name>
         <value>0xce2a</value>
         <object_component_ref idref="oc-ba"/>
      </symbol>
      <symbol id="sm-553">
         <name>__mspabi_srli_5</name>
         <value>0xce26</value>
         <object_component_ref idref="oc-ba"/>
      </symbol>
      <symbol id="sm-554">
         <name>__mspabi_srli_2</name>
         <value>0xce32</value>
         <object_component_ref idref="oc-ba"/>
      </symbol>
      <symbol id="sm-555">
         <name>__mspabi_srli_3</name>
         <value>0xce2e</value>
         <object_component_ref idref="oc-ba"/>
      </symbol>
      <symbol id="sm-556">
         <name>__mspabi_srli_1</name>
         <value>0xce36</value>
         <object_component_ref idref="oc-ba"/>
      </symbol>
      <symbol id="sm-557">
         <name>__mspabi_srli</name>
         <value>0xcdf0</value>
         <object_component_ref idref="oc-ba"/>
      </symbol>
      <symbol id="sm-558">
         <name>__mspabi_srli_15</name>
         <value>0xcdfe</value>
         <object_component_ref idref="oc-ba"/>
      </symbol>
      <symbol id="sm-559">
         <name>__mspabi_srli_14</name>
         <value>0xce02</value>
         <object_component_ref idref="oc-ba"/>
      </symbol>
      <symbol id="sm-55a">
         <name>__mspabi_srli_13</name>
         <value>0xce06</value>
         <object_component_ref idref="oc-ba"/>
      </symbol>
      <symbol id="sm-55b">
         <name>__mspabi_srli_12</name>
         <value>0xce0a</value>
         <object_component_ref idref="oc-ba"/>
      </symbol>
      <symbol id="sm-55c">
         <name>__mspabi_srli_11</name>
         <value>0xce0e</value>
         <object_component_ref idref="oc-ba"/>
      </symbol>
      <symbol id="sm-55d">
         <name>__mspabi_srli_10</name>
         <value>0xce12</value>
         <object_component_ref idref="oc-ba"/>
      </symbol>
      <symbol id="sm-567">
         <name>__mspabi_mpyi_sw</name>
         <value>0xd68a</value>
         <object_component_ref idref="oc-3ff"/>
      </symbol>
      <symbol id="sm-568">
         <name>__mspabi_mpyi</name>
         <value>0xd68a</value>
         <object_component_ref idref="oc-3ff"/>
      </symbol>
      <symbol id="sm-572">
         <name>__mspabi_mpyl_sw</name>
         <value>0xd454</value>
         <object_component_ref idref="oc-4a2"/>
      </symbol>
      <symbol id="sm-573">
         <name>__mspabi_mpyl</name>
         <value>0xd454</value>
         <object_component_ref idref="oc-4a2"/>
      </symbol>
      <symbol id="sm-583">
         <name>_stack</name>
         <value>0x3b0</value>
         <object_component_ref idref="oc-b1"/>
      </symbol>
      <symbol id="sm-584">
         <name>_c_int00_noargs</name>
         <value>0xd586</value>
         <object_component_ref idref="oc-11d"/>
      </symbol>
      <symbol id="sm-585">
         <name>_reset_vector</name>
         <value>0xfffe</value>
         <object_component_ref idref="oc-b4"/>
      </symbol>
      <symbol id="sm-5a7">
         <name>__TI_auto_init_nobinit_nopinit</name>
         <value>0xcfe2</value>
         <object_component_ref idref="oc-22e"/>
      </symbol>
      <symbol id="sm-5bf">
         <name>__TI_zero_init_nomemset</name>
         <value>0xd676</value>
         <object_component_ref idref="oc-10b"/>
      </symbol>
      <symbol id="sm-5cb">
         <name>_system_pre_init</name>
         <value>0xd7d0</value>
         <object_component_ref idref="oc-191"/>
      </symbol>
      <symbol id="sm-5d4">
         <name>_system_post_cinit</name>
         <value>0xd7d4</value>
         <object_component_ref idref="oc-35f"/>
      </symbol>
      <symbol id="sm-5ea">
         <name>__TI_decompress_none</name>
         <value>0xd6b0</value>
         <object_component_ref idref="oc-3a"/>
      </symbol>
      <symbol id="sm-60d">
         <name>__TI_decompress_lzss</name>
         <value>0xc932</value>
         <object_component_ref idref="oc-34"/>
      </symbol>
      <symbol id="sm-617">
         <name>C$$EXIT</name>
         <value>0xd7a6</value>
         <object_component_ref idref="oc-222"/>
      </symbol>
      <symbol id="sm-618">
         <name>abort</name>
         <value>0xd7a6</value>
         <object_component_ref idref="oc-222"/>
      </symbol>
      <symbol id="sm-628">
         <name>memcpy</name>
         <value>0xd6c2</value>
         <object_component_ref idref="oc-cf"/>
      </symbol>
      <symbol id="sm-62d">
         <name>UARTReceive</name>
         <value>0xd42a</value>
      </symbol>
      <symbol id="sm-62e">
         <name>UARTStatus</name>
         <value>0xd73e</value>
      </symbol>
   </symbol_table>
   <title>Link successful</title>
</link_info>
