******************************************************************************
                  MSP430 Linker PC v18.12.1                    
******************************************************************************
>> Linked Mon Dec  5 10:37:34 2022

OUTPUT FILE NAME:   <ECU Tablero.out>
ENTRY POINT SYMBOL: "_c_int00_noargs"  address: 0000d586


MEMORY CONFIGURATION

         name            origin    length      used     unused   attr    fill
----------------------  --------  ---------  --------  --------  ----  --------
  SFR                   00000000   00000010  00000000  00000010  RWIX
  PERIPHERALS_8BIT      00000010   000000f0  00000000  000000f0  RWIX
  PERIPHERALS_16BIT     00000100   00000100  00000000  00000100  RWIX
  RAM                   00000200   00000200  0000016a  00000096  RWIX
  INFOD                 00001000   00000040  00000000  00000040  RWIX
  INFOC                 00001040   00000040  00000000  00000040  RWIX
  INFOB                 00001080   00000040  00000000  00000040  RWIX
  INFOA                 000010c0   00000040  00000000  00000040  RWIX
  FLASH                 0000c000   00003fde  000017fc  000027e2  RWIX
  BSLSIGNATURE          0000ffde   00000002  00000002  00000000  RWIX  ffff 
  INT00                 0000ffe0   00000002  00000002  00000000  RWIX
  INT01                 0000ffe2   00000002  00000000  00000002  RWIX
  INT02                 0000ffe4   00000002  00000002  00000000  RWIX
  INT03                 0000ffe6   00000002  00000002  00000000  RWIX
  INT04                 0000ffe8   00000002  00000000  00000002  RWIX
  INT05                 0000ffea   00000002  00000002  00000000  RWIX
  INT06                 0000ffec   00000002  00000002  00000000  RWIX
  INT07                 0000ffee   00000002  00000002  00000000  RWIX
  INT08                 0000fff0   00000002  00000002  00000000  RWIX
  INT09                 0000fff2   00000002  00000002  00000000  RWIX
  INT10                 0000fff4   00000002  00000002  00000000  RWIX
  INT11                 0000fff6   00000002  00000002  00000000  RWIX
  INT12                 0000fff8   00000002  00000002  00000000  RWIX
  INT13                 0000fffa   00000002  00000002  00000000  RWIX
  INT14                 0000fffc   00000002  00000002  00000000  RWIX
  RESET                 0000fffe   00000002  00000002  00000000  RWIX


SECTION ALLOCATION MAP

 output                                  attributes/
section   page    origin      length       input sections
--------  ----  ----------  ----------   ----------------
.bss       0    00000200    00000107     UNINITIALIZED
                  00000200    00000032     uart.obj (.bss:receive_buffer)
                  00000232    00000032     uart.obj (.bss:transmit_buffer)
                  00000264    00000014     rti.obj (.bss:callbackCounter)
                  00000278    00000014     rti.obj (.bss:callbackTime)
                  0000028c    00000014     rti.obj (.bss:rtiCallback)
                  000002a0    00000010     comms.obj (.bss:can_a_enviar)
                  000002b0    00000010     comms.obj (.bss:can_a_recibir)
                  000002c0    0000000a     hw_timer.obj (.bss)
                  000002ca    0000000a     (.common:uart_received)
                  000002d4    00000008     (.common:uart_to_send)
                  000002dc    00000006     (.common:can_to_send)
                  000002e2    00000005     servo.obj (.bss)
                  000002e7    00000005     uart.obj (.bss)
                  000002ec    00000004     joystick.obj (.bss)
                  000002f0    00000004     main.obj (.bss:rpmVec$2)
                  000002f4    00000004     pwm.obj (.bss:t_on_copy)
                  000002f8    00000004     pwm.obj (.bss:t_periodo_copy)
                  000002fc    00000002     pwm.obj (.bss:t_on_flag)
                  000002fe    00000002     pwm.obj (.bss:t_periodo_flag)
                  00000300    00000002     (.common:can_received)
                  00000302    00000001     comms.obj (.bss)
                  00000303    00000001     rti.obj (.bss)
                  00000304    00000001     (.common:cycle_flag)
                  00000305    00000001     (.common:joystickVal)
                  00000306    00000001     (.common:rpmMedidas)

.data      0    00000308    00000013     UNINITIALIZED
                  00000308    0000000e     main.obj (.data)
                  00000316    00000002     hw_timer.obj (.data:yaInit$1)
                  00000318    00000001     adc_2.obj (.data)
                  00000319    00000001     rti.obj (.data)
                  0000031a    00000001     system.obj (.data)

.stack     0    000003b0    00000050     UNINITIALIZED
                  000003b0    00000002     rts430_eabi.lib : boot.c.obj (.stack)
                  000003b2    0000004e     --HOLE--

.text      0    0000c000    000017d6     
                  0000c000    000004ea     hw_timer.obj (.text:hwSetTimer)
                  0000c4ea    00000114     main.obj (.text:appRun)
                  0000c5fe    0000010c     gpio.obj (.text:gpioMode)
                  0000c70a    000000e6     system.obj (.text:setRTI)
                  0000c7f0    000000b0     mcp2515.obj (.text:MCP2515_init)
                  0000c8a0    00000092     pwm.obj (.text:pwmInit)
                  0000c932    0000007c     rts430_eabi.lib : copy_decompress_lzss.c.obj (.text:decompress:lzss:__TI_decompress_lzss)
                  0000c9ae    0000007a     mcp2515.obj (.text:MCP2515_write_id)
                  0000ca28    00000072     main.obj (.text:appInit)
                  0000ca9a    0000006e     main.obj (.text:num2strSigned)
                  0000cb08    00000066     mcp2515.obj (.text:MCP2515_can_tx0)
                  0000cb6e    00000066     mcp2515.obj (.text:MCP2515_read_id)
                  0000cbd4    00000064     mcp2515.obj (.text:MCP2515_can_rx0)
                  0000cc38    00000060     gpio.obj (.text:gpioWrite)
                  0000cc98    00000058     spi.obj (.text:SPI_init)
                  0000ccf0    00000058     rts430_eabi.lib : div32u.asm.obj (.text)
                  0000cd48    00000056     main.obj (.text:num2strUnsigned)
                  0000cd9e    00000052     main.obj (.text:suavizarRpm)
                  0000cdf0    0000004c     rts430_eabi.lib : lsr16.asm.obj (.text)
                  0000ce3c    0000004a     system.obj (.text:setCLK)
                  0000ce86    00000048     main.obj (.text:str2numSigned)
                  0000cece    00000046     mcp2515.obj (.text:MCP2515_write_many_registers)
                  0000cf14    00000046     rti.obj (.text:recorrerCallbacks)
                  0000cf5a    00000046     main.obj (.text:str2numUnsigned)
                  0000cfa0    00000042     mcp2515.obj (.text:MCP2515_bit_modify)
                  0000cfe2    00000042     rts430_eabi.lib : autoinit.c.obj (.text:__TI_auto_init_nobinit_nopinit:__TI_auto_init_nobinit_nopinit)
                  0000d024    00000040     rti.obj (.text:rtiSubmitCallback)
                  0000d064    0000003e     servo.obj (.text:servoUpdate)
                  0000d0a2    0000003a     comms.obj (.text:commsInit)
                  0000d0dc    0000003a     gpio.obj (.text:gpioToggle)
                  0000d116    00000038     uart.obj (.text:uartWriteString)
                  0000d14e    00000038     uart.obj (.text:uart_transmit_rti)
                  0000d186    00000036     mcp2515.obj (.text:MCP2515_write)
                  0000d1bc    00000034     mcp2515.obj (.text:MCP2515_read)
                  0000d1f0    00000034     servo.obj (.text:servoInit)
                  0000d224    00000032     pwm.obj (.text:pwmWrite)
                  0000d256    00000032     uart.obj (.text:uartInit)
                  0000d288    00000030     mcp2515.obj (.text:MCP2515_CanVariable_init)
                  0000d2b8    00000030     comms.obj (.text:Port_1)
                  0000d2e8    00000030     main.obj (.text:getAngulo)
                  0000d318    00000030     hw_timer.obj (.text:hwTimerInit)
                  0000d348    00000030     uart.obj (.text:uart_receive_rti)
                  0000d378    0000002e     adc_2.obj (.text:adcInit)
                  0000d3a6    0000002c     rts430_eabi.lib : asr16.asm.obj (.text)
                  0000d3d2    0000002c                     : div16s.asm.obj (.text)
                  0000d3fe    0000002c                     : lsl16.asm.obj (.text)
                  0000d42a    0000002a     uart.obj (.text:uartRead)
                  0000d454    00000026     rts430_eabi.lib : mult32.asm.obj (.text)
                  0000d47a    00000024     comms.obj (.text:CANBuildMsg16)
                  0000d49e    00000024     system.obj (.text:systemInit)
                  0000d4c2    00000022     comms.obj (.text:CANSend)
                  0000d4e4    00000022     mcp2515.obj (.text:MCP2515_reset)
                  0000d506    00000020     hw_timer.obj (.text:isr_Timer1_CCR1)
                  0000d526    00000020     uart.obj (.text:isr_receive)
                  0000d546    00000020     uart.obj (.text:isr_transmit)
                  0000d566    00000020     joystick.obj (.text:joystickInit)
                  0000d586    0000001c     rts430_eabi.lib : boot.c.obj (.text:_c_int00_noargs)
                  0000d5a2    0000001a     hw_timer.obj (.text:isr_Timer1_CCR0)
                  0000d5bc    0000001a     rti.obj (.text:rti_isr_timerA0)
                  0000d5d6    0000001a     rti.obj (.text:rti_isr_wdt)
                  0000d5f0    00000018     comms.obj (.text:CANReceive)
                  0000d608    00000016     rts430_eabi.lib : div16u.asm.obj (.text)
                  0000d61e    00000016     pwm.obj (.text:update_t_on0)
                  0000d634    00000016     pwm.obj (.text:update_t_on1)
                  0000d64a    00000016     pwm.obj (.text:update_t_periodo0)
                  0000d660    00000016     pwm.obj (.text:update_t_periodo1)
                  0000d676    00000014     rts430_eabi.lib : copy_zero_init.c.obj (.text:decompress:ZI:__TI_zero_init_nomemset:__TI_zero_init_nomemset)
                  0000d68a    00000014                     : mult16.asm.obj (.text)
                  0000d69e    00000012     adc_2.obj (.text:adcRead)
                  0000d6b0    00000012     rts430_eabi.lib : copy_decompress_none.c.obj (.text:decompress:none:__TI_decompress_none)
                  0000d6c2    00000012                     : memcpy.c.obj (.text:memcpy)
                  0000d6d4    00000010     spi.obj (.text:SPI_transmit)
                  0000d6e4    00000010     hw_timer.obj (.text:hwTimerSetCCR0)
                  0000d6f4    00000010     hw_timer.obj (.text:hwTimerSetCCR1)
                  0000d704    00000010     rts430_eabi.lib : epilog.asm.obj (.text)
                  0000d714    0000000e     comms.obj (.text:CANStatus)
                  0000d722    0000000e     mcp2515.obj (.text:MCP2515_clear_rx0)
                  0000d730    0000000e     joystick.obj (.text:joystickUpdate)
                  0000d73e    0000000e     uart.obj (.text:uartStatus)
                  0000d74c    0000000c     comms.obj (.text:CANBuildMsg8)
                  0000d758    0000000c     mcp2515.obj (.text:MCP2515_int_clear)
                  0000d764    0000000a     comms.obj (.text:CANUnbuildMsg8)
                  0000d76e    0000000a     comms.obj (.text:UARTSend)
                  0000d778    0000000a     main.obj (.text:main)
                  0000d782    0000000a     joystick.obj (.text:readJoystick)
                  0000d78c    0000000a     servo.obj (.text:servoWrite)
                  0000d796    00000008     rts430_eabi.lib : isr_trap.asm.obj (.text:_isr:__TI_ISR_TRAP)
                  0000d79e    00000008     system.obj (.text:stopWDT)
                  0000d7a6    00000006     rts430_eabi.lib : exit.c.obj (.text:abort)
                  0000d7ac    00000006     joystick.obj (.text:readJoystickVal)
                  0000d7b2    00000006     main.obj (.text:setFlag)
                  0000d7b8    00000006     uart.obj (.text:uartGetChar)
                  0000d7be    00000006     uart.obj (.text:uartPutChar)
                  0000d7c4    00000006     uart.obj (.text:uartSend)
                  0000d7ca    00000006     servo.obj (.text:writeServoPos)
                  0000d7d0    00000004     rts430_eabi.lib : pre_init.c.obj (.text:_system_pre_init)
                  0000d7d4    00000002                     : startup.c.obj (.text:_system_post_cinit)

.cinit     0    0000d7d6    00000026     
                  0000d7d6    00000013     (.cinit..data.load) [load image, compression = lzss]
                  0000d7e9    00000001     --HOLE-- [fill = 0]
                  0000d7ea    00000006     (__TI_handler_table)
                  0000d7f0    00000004     (.cinit..bss.load) [load image, compression = zero_init]
                  0000d7f4    00000008     (__TI_cinit_table)

.binit     0    0000c000    00000000     

.init_array 
*          0    0000c000    00000000     UNINITIALIZED

TRAPINT    0    0000ffe0    00000002     
                  0000ffe0    00000002     rts430_eabi.lib : int00.asm.obj (.int00)

PORT1      0    0000ffe4    00000002     
                  0000ffe4    00000002     comms.obj (.int02)

PORT2      0    0000ffe6    00000002     
                  0000ffe6    00000002     rts430_eabi.lib : int03.asm.obj (.int03)

ADC10      0    0000ffea    00000002     
                  0000ffea    00000002     rts430_eabi.lib : int05.asm.obj (.int05)

USCIAB0TX 
*          0    0000ffec    00000002     
                  0000ffec    00000002     uart.obj (.int06)

USCIAB0RX 
*          0    0000ffee    00000002     
                  0000ffee    00000002     uart.obj (.int07)

TIMER0_A1 
*          0    0000fff0    00000002     
                  0000fff0    00000002     rts430_eabi.lib : int08.asm.obj (.int08)

TIMER0_A0 
*          0    0000fff2    00000002     
                  0000fff2    00000002     rti.obj (.int09)

WDT        0    0000fff4    00000002     
                  0000fff4    00000002     rti.obj (.int10)

COMPARATORA 
*          0    0000fff6    00000002     
                  0000fff6    00000002     rts430_eabi.lib : int11.asm.obj (.int11)

TIMER1_A1 
*          0    0000fff8    00000002     
                  0000fff8    00000002     hw_timer.obj (.int12)

TIMER1_A0 
*          0    0000fffa    00000002     
                  0000fffa    00000002     hw_timer.obj (.int13)

NMI        0    0000fffc    00000002     
                  0000fffc    00000002     rts430_eabi.lib : int14.asm.obj (.int14)

.reset     0    0000fffe    00000002     
                  0000fffe    00000002     rts430_eabi.lib : boot.c.obj (.reset)

$fill000   0    0000ffde    00000002     
                  0000ffde    00000002     --HOLE-- [fill = ffff]

MODULE SUMMARY

       Module                       code   ro data   rw data
       ------                       ----   -------   -------
    .\
       hw_timer.obj                 1396   4         12     
       mcp2515.obj                  952    0         0      
       main.obj                     874    0         47     
       uart.obj                     348    4         105    
       gpio.obj                     422    0         0      
       system.obj                   348    0         1      
       pwm.obj                      284    0         12     
       comms.obj                    246    2         33     
       rti.obj                      186    4         62     
       servo.obj                    130    0         5      
       spi.obj                      104    0         0      
       joystick.obj                 62     0         4      
       adc_2.obj                    64     0         1      
    +--+----------------------------+------+---------+---------+
       Total:                       5416   14        282    
                                                            
    C:\Users\marco\OneDrive\Documents\ITBA\Micros y Control\CCStudio\ccs\tools\compiler\ti-cgt-msp430_18.12.1.LTS\lib\rts430_eabi.lib
       copy_decompress_lzss.c.obj   124    0         0      
       div32u.asm.obj               88     0         0      
       lsr16.asm.obj                76     0         0      
       autoinit.c.obj               66     0         0      
       asr16.asm.obj                44     0         0      
       div16s.asm.obj               44     0         0      
       lsl16.asm.obj                44     0         0      
       mult32.asm.obj               38     0         0      
       boot.c.obj                   28     2         0      
       div16u.asm.obj               22     0         0      
       copy_zero_init.c.obj         20     0         0      
       mult16.asm.obj               20     0         0      
       copy_decompress_none.c.obj   18     0         0      
       memcpy.c.obj                 18     0         0      
       epilog.asm.obj               16     0         0      
       isr_trap.asm.obj             8      0         0      
       exit.c.obj                   6      0         0      
       pre_init.c.obj               4      0         0      
       int00.asm.obj                0      2         0      
       int03.asm.obj                0      2         0      
       int05.asm.obj                0      2         0      
       int08.asm.obj                0      2         0      
       int11.asm.obj                0      2         0      
       int14.asm.obj                0      2         0      
       startup.c.obj                2      0         0      
    +--+----------------------------+------+---------+---------+
       Total:                       686    14        0      
                                                            
       Stack:                       0      0         80     
       Linker Generated:            0      37        0      
    +--+----------------------------+------+---------+---------+
       Grand Total:                 6102   65        362    


LINKER GENERATED COPY TABLES

__TI_cinit_table @ 0000d7f4 records: 2, size/record: 4, table size: 8
	.data: load addr=0000d7d6, load size=00000013 bytes, run addr=00000308, run size=00000013 bytes, compression=lzss
	.bss: load addr=0000d7f0, load size=00000004 bytes, run addr=00000200, run size=00000107 bytes, compression=zero_init


LINKER GENERATED HANDLER TABLE

__TI_handler_table @ 0000d7ea records: 3, size/record: 2, table size: 6
	index: 0, handler: __TI_zero_init
	index: 1, handler: __TI_decompress_lzss
	index: 2, handler: __TI_decompress_none


GLOBAL SYMBOLS: SORTED ALPHABETICALLY BY Name 

address   name                          
-------   ----                          
0000004a  ADC10AE0                      
000001b0  ADC10CTL0                     
000001b2  ADC10CTL1                     
00000048  ADC10DTC0                     
00000049  ADC10DTC1                     
000001b4  ADC10MEM                      
000001bc  ADC10SA                       
00000057  BCSCTL1                       
00000058  BCSCTL2                       
00000053  BCSCTL3                       
0000d7a6  C$$EXIT                       
00000059  CACTL1                        
0000005a  CACTL2                        
000010fb  CALBC1_12MHZ                  
000010f9  CALBC1_16MHZ                  
000010ff  CALBC1_1MHZ                   
000010fd  CALBC1_8MHZ                   
000010fa  CALDCO_12MHZ                  
000010f8  CALDCO_16MHZ                  
000010fe  CALDCO_1MHZ                   
000010fc  CALDCO_8MHZ                   
0000d47a  CANBuildMsg16                 
0000d74c  CANBuildMsg8                  
0000d5f0  CANReceive                    
0000d4c2  CANSend                       
0000d714  CANStatus                     
0000d764  CANUnbuildMsg8                
0000005b  CAPD                          
00000056  DCOCTL                        
00000128  FCTL1                         
0000012a  FCTL2                         
0000012c  FCTL3                         
00000000  IE1                           
00000001  IE2                           
00000002  IFG1                          
00000003  IFG2                          
0000d288  MCP2515_CanVariable_init      
0000cfa0  MCP2515_bit_modify            
0000cbd4  MCP2515_can_rx0               
0000cb08  MCP2515_can_tx0               
0000d722  MCP2515_clear_rx0             
0000c7f0  MCP2515_init                  
0000d758  MCP2515_int_clear             
0000d1bc  MCP2515_read                  
0000cb6e  MCP2515_read_id               
0000d4e4  MCP2515_reset                 
0000d186  MCP2515_write                 
0000c9ae  MCP2515_write_id              
0000cece  MCP2515_write_many_registers  
00000022  P1DIR                         
00000025  P1IE                          
00000024  P1IES                         
00000023  P1IFG                         
00000020  P1IN                          
00000021  P1OUT                         
00000027  P1REN                         
00000026  P1SEL                         
00000041  P1SEL2                        
0000002a  P2DIR                         
0000002d  P2IE                          
0000002c  P2IES                         
0000002b  P2IFG                         
00000028  P2IN                          
00000029  P2OUT                         
0000002f  P2REN                         
0000002e  P2SEL                         
00000042  P2SEL2                        
0000001a  P3DIR                         
00000018  P3IN                          
00000019  P3OUT                         
00000010  P3REN                         
0000001b  P3SEL                         
00000043  P3SEL2                        
0000d2b8  Port_1                        
0000cc98  SPI_init                      
0000d6d4  SPI_transmit                  
00000172  TA0CCR0                       
00000174  TA0CCR1                       
00000176  TA0CCR2                       
00000162  TA0CCTL0                      
00000164  TA0CCTL1                      
00000166  TA0CCTL2                      
00000160  TA0CTL                        
0000012e  TA0IV                         
00000170  TA0R                          
00000192  TA1CCR0                       
00000194  TA1CCR1                       
00000196  TA1CCR2                       
00000182  TA1CCTL0                      
00000184  TA1CCTL1                      
00000186  TA1CCTL2                      
00000180  TA1CTL                        
0000011e  TA1IV                         
00000190  TA1R                          
000010db  TLV_ADC10_1_LEN               
000010da  TLV_ADC10_1_TAG               
000010c0  TLV_CHECKSUM                  
000010f7  TLV_DCO_30_LEN                
000010f6  TLV_DCO_30_TAG                
0000d42a  UARTReceive                   
0000d76e  UARTSend                      
0000d73e  UARTStatus                    
0000005d  UCA0ABCTL                     
00000062  UCA0BR0                       
00000063  UCA0BR1                       
00000060  UCA0CTL0                      
00000061  UCA0CTL1                      
0000005f  UCA0IRRCTL                    
0000005e  UCA0IRTCTL                    
00000064  UCA0MCTL                      
00000066  UCA0RXBUF                     
00000065  UCA0STAT                      
00000067  UCA0TXBUF                     
0000006a  UCB0BR0                       
0000006b  UCB0BR1                       
00000068  UCB0CTL0                      
00000069  UCB0CTL1                      
0000006c  UCB0I2CIE                     
00000118  UCB0I2COA                     
0000011a  UCB0I2CSA                     
0000006e  UCB0RXBUF                     
0000006d  UCB0STAT                      
0000006f  UCB0TXBUF                     
00000120  WDTCTL                        
00000400  __STACK_END                   
00000050  __STACK_SIZE                  
0000d7f4  __TI_CINIT_Base               
0000d7fc  __TI_CINIT_Limit              
0000d7ea  __TI_Handler_Table_Base       
0000d7f0  __TI_Handler_Table_Limit      
0000d796  __TI_ISR_TRAP                 
0000cfe2  __TI_auto_init_nobinit_nopinit
0000c932  __TI_decompress_lzss          
0000d6b0  __TI_decompress_none          
0000ffe0  __TI_int00                    
0000ffe4  __TI_int02                    
0000ffe6  __TI_int03                    
0000ffea  __TI_int05                    
0000ffec  __TI_int06                    
0000ffee  __TI_int07                    
0000fff0  __TI_int08                    
0000fff2  __TI_int09                    
0000fff4  __TI_int10                    
0000fff6  __TI_int11                    
0000fff8  __TI_int12                    
0000fffa  __TI_int13                    
0000fffc  __TI_int14                    
ffffffff  __TI_pprof_out_hndl           
ffffffff  __TI_prof_data_size           
ffffffff  __TI_prof_data_start          
0000d676  __TI_zero_init_nomemset       
ffffffff  __c_args__                    
0000d3d2  __mspabi_divi                 
0000d608  __mspabi_divu                 
0000ccf0  __mspabi_divul                
0000d710  __mspabi_func_epilog_1        
0000d70e  __mspabi_func_epilog_2        
0000d70c  __mspabi_func_epilog_3        
0000d70a  __mspabi_func_epilog_4        
0000d708  __mspabi_func_epilog_5        
0000d706  __mspabi_func_epilog_6        
0000d704  __mspabi_func_epilog_7        
0000d68a  __mspabi_mpyi                 
0000d68a  __mspabi_mpyi_sw              
0000d454  __mspabi_mpyl                 
0000d454  __mspabi_mpyl_sw              
0000d3d2  __mspabi_remi                 
0000d608  __mspabi_remu                 
0000ccf0  __mspabi_remul                
0000d3fe  __mspabi_slli                 
0000d426  __mspabi_slli_1               
0000d414  __mspabi_slli_10              
0000d412  __mspabi_slli_11              
0000d410  __mspabi_slli_12              
0000d40e  __mspabi_slli_13              
0000d40c  __mspabi_slli_14              
0000d40a  __mspabi_slli_15              
0000d424  __mspabi_slli_2               
0000d422  __mspabi_slli_3               
0000d420  __mspabi_slli_4               
0000d41e  __mspabi_slli_5               
0000d41c  __mspabi_slli_6               
0000d41a  __mspabi_slli_7               
0000d418  __mspabi_slli_8               
0000d416  __mspabi_slli_9               
0000d3a6  __mspabi_srai                 
0000d3ce  __mspabi_srai_1               
0000d3bc  __mspabi_srai_10              
0000d3ba  __mspabi_srai_11              
0000d3b8  __mspabi_srai_12              
0000d3b6  __mspabi_srai_13              
0000d3b4  __mspabi_srai_14              
0000d3b2  __mspabi_srai_15              
0000d3cc  __mspabi_srai_2               
0000d3ca  __mspabi_srai_3               
0000d3c8  __mspabi_srai_4               
0000d3c6  __mspabi_srai_5               
0000d3c4  __mspabi_srai_6               
0000d3c2  __mspabi_srai_7               
0000d3c0  __mspabi_srai_8               
0000d3be  __mspabi_srai_9               
0000cdf0  __mspabi_srli                 
0000ce36  __mspabi_srli_1               
0000ce12  __mspabi_srli_10              
0000ce0e  __mspabi_srli_11              
0000ce0a  __mspabi_srli_12              
0000ce06  __mspabi_srli_13              
0000ce02  __mspabi_srli_14              
0000cdfe  __mspabi_srli_15              
0000ce32  __mspabi_srli_2               
0000ce2e  __mspabi_srli_3               
0000ce2a  __mspabi_srli_4               
0000ce26  __mspabi_srli_5               
0000ce22  __mspabi_srli_6               
0000ce1e  __mspabi_srli_7               
0000ce1a  __mspabi_srli_8               
0000ce16  __mspabi_srli_9               
0000d586  _c_int00_noargs               
0000fffe  _reset_vector                 
000003b0  _stack                        
0000d7d4  _system_post_cinit            
0000d7d0  _system_pre_init              
0000d7a6  abort                         
0000d378  adcInit                       
0000d69e  adcRead                       
0000030e  angulo                        
0000ca28  appInit                       
0000c4ea  appRun                        
0000030f  can_receive_msg_length        
00000300  can_received                  
00000310  can_send_msg_length           
000002dc  can_to_send                   
0000d0a2  commsInit                     
00000304  cycle_flag                    
00000312  duracion_ciclo_en_50ms        
0000d2e8  getAngulo                     
0000c5fe  gpioMode                      
0000d0dc  gpioToggle                    
0000cc38  gpioWrite                     
0000c000  hwSetTimer                    
0000d318  hwTimerInit                   
0000d6e4  hwTimerSetCCR0                
0000d6f4  hwTimerSetCCR1                
0000d5a2  isr_Timer1_CCR0               
0000d506  isr_Timer1_CCR1               
0000d526  isr_receive                   
0000d546  isr_transmit                  
0000d566  joystickInit                  
0000d730  joystickUpdate                
00000305  joystickVal                   
0000d778  main                          
0000d6c2  memcpy                        
00000308  modoRemoto                    
0000ca9a  num2strSigned                 
0000cd48  num2strUnsigned               
0000030a  phi1                          
0000030c  phi2                          
0000c8a0  pwmInit                       
0000d224  pwmWrite                      
0000d782  readJoystick                  
0000d7ac  readJoystickVal               
0000cf14  recorrerCallbacks             
00000306  rpmMedidas                    
0000d024  rtiSubmitCallback             
0000d5bc  rti_isr_timerA0               
0000d5d6  rti_isr_wdt                   
0000d1f0  servoInit                     
0000d064  servoUpdate                   
0000d78c  servoWrite                    
0000ce3c  setCLK                        
0000d7b2  setFlag                       
0000c70a  setRTI                        
0000d79e  stopWDT                       
0000ce86  str2numSigned                 
0000cf5a  str2numUnsigned               
0000cd9e  suavizarRpm                   
0000d49e  systemInit                    
0000d7b8  uartGetChar                   
0000d256  uartInit                      
0000d7be  uartPutChar                   
0000d42a  uartRead                      
0000d7c4  uartSend                      
0000d73e  uartStatus                    
0000d116  uartWriteString               
0000d348  uart_receive_rti              
000002ca  uart_received                 
00000311  uart_received_length          
000002d4  uart_to_send                  
0000d14e  uart_transmit_rti             
0000d61e  update_t_on0                  
0000d634  update_t_on1                  
0000d64a  update_t_periodo0             
0000d660  update_t_periodo1             
0000d7ca  writeServoPos                 


GLOBAL SYMBOLS: SORTED BY Symbol Address 

address   name                          
-------   ----                          
00000000  IE1                           
00000001  IE2                           
00000002  IFG1                          
00000003  IFG2                          
00000010  P3REN                         
00000018  P3IN                          
00000019  P3OUT                         
0000001a  P3DIR                         
0000001b  P3SEL                         
00000020  P1IN                          
00000021  P1OUT                         
00000022  P1DIR                         
00000023  P1IFG                         
00000024  P1IES                         
00000025  P1IE                          
00000026  P1SEL                         
00000027  P1REN                         
00000028  P2IN                          
00000029  P2OUT                         
0000002a  P2DIR                         
0000002b  P2IFG                         
0000002c  P2IES                         
0000002d  P2IE                          
0000002e  P2SEL                         
0000002f  P2REN                         
00000041  P1SEL2                        
00000042  P2SEL2                        
00000043  P3SEL2                        
00000048  ADC10DTC0                     
00000049  ADC10DTC1                     
0000004a  ADC10AE0                      
00000050  __STACK_SIZE                  
00000053  BCSCTL3                       
00000056  DCOCTL                        
00000057  BCSCTL1                       
00000058  BCSCTL2                       
00000059  CACTL1                        
0000005a  CACTL2                        
0000005b  CAPD                          
0000005d  UCA0ABCTL                     
0000005e  UCA0IRTCTL                    
0000005f  UCA0IRRCTL                    
00000060  UCA0CTL0                      
00000061  UCA0CTL1                      
00000062  UCA0BR0                       
00000063  UCA0BR1                       
00000064  UCA0MCTL                      
00000065  UCA0STAT                      
00000066  UCA0RXBUF                     
00000067  UCA0TXBUF                     
00000068  UCB0CTL0                      
00000069  UCB0CTL1                      
0000006a  UCB0BR0                       
0000006b  UCB0BR1                       
0000006c  UCB0I2CIE                     
0000006d  UCB0STAT                      
0000006e  UCB0RXBUF                     
0000006f  UCB0TXBUF                     
00000118  UCB0I2COA                     
0000011a  UCB0I2CSA                     
0000011e  TA1IV                         
00000120  WDTCTL                        
00000128  FCTL1                         
0000012a  FCTL2                         
0000012c  FCTL3                         
0000012e  TA0IV                         
00000160  TA0CTL                        
00000162  TA0CCTL0                      
00000164  TA0CCTL1                      
00000166  TA0CCTL2                      
00000170  TA0R                          
00000172  TA0CCR0                       
00000174  TA0CCR1                       
00000176  TA0CCR2                       
00000180  TA1CTL                        
00000182  TA1CCTL0                      
00000184  TA1CCTL1                      
00000186  TA1CCTL2                      
00000190  TA1R                          
00000192  TA1CCR0                       
00000194  TA1CCR1                       
00000196  TA1CCR2                       
000001b0  ADC10CTL0                     
000001b2  ADC10CTL1                     
000001b4  ADC10MEM                      
000001bc  ADC10SA                       
000002ca  uart_received                 
000002d4  uart_to_send                  
000002dc  can_to_send                   
00000300  can_received                  
00000304  cycle_flag                    
00000305  joystickVal                   
00000306  rpmMedidas                    
00000308  modoRemoto                    
0000030a  phi1                          
0000030c  phi2                          
0000030e  angulo                        
0000030f  can_receive_msg_length        
00000310  can_send_msg_length           
00000311  uart_received_length          
00000312  duracion_ciclo_en_50ms        
000003b0  _stack                        
00000400  __STACK_END                   
000010c0  TLV_CHECKSUM                  
000010da  TLV_ADC10_1_TAG               
000010db  TLV_ADC10_1_LEN               
000010f6  TLV_DCO_30_TAG                
000010f7  TLV_DCO_30_LEN                
000010f8  CALDCO_16MHZ                  
000010f9  CALBC1_16MHZ                  
000010fa  CALDCO_12MHZ                  
000010fb  CALBC1_12MHZ                  
000010fc  CALDCO_8MHZ                   
000010fd  CALBC1_8MHZ                   
000010fe  CALDCO_1MHZ                   
000010ff  CALBC1_1MHZ                   
0000c000  hwSetTimer                    
0000c4ea  appRun                        
0000c5fe  gpioMode                      
0000c70a  setRTI                        
0000c7f0  MCP2515_init                  
0000c8a0  pwmInit                       
0000c932  __TI_decompress_lzss          
0000c9ae  MCP2515_write_id              
0000ca28  appInit                       
0000ca9a  num2strSigned                 
0000cb08  MCP2515_can_tx0               
0000cb6e  MCP2515_read_id               
0000cbd4  MCP2515_can_rx0               
0000cc38  gpioWrite                     
0000cc98  SPI_init                      
0000ccf0  __mspabi_divul                
0000ccf0  __mspabi_remul                
0000cd48  num2strUnsigned               
0000cd9e  suavizarRpm                   
0000cdf0  __mspabi_srli                 
0000cdfe  __mspabi_srli_15              
0000ce02  __mspabi_srli_14              
0000ce06  __mspabi_srli_13              
0000ce0a  __mspabi_srli_12              
0000ce0e  __mspabi_srli_11              
0000ce12  __mspabi_srli_10              
0000ce16  __mspabi_srli_9               
0000ce1a  __mspabi_srli_8               
0000ce1e  __mspabi_srli_7               
0000ce22  __mspabi_srli_6               
0000ce26  __mspabi_srli_5               
0000ce2a  __mspabi_srli_4               
0000ce2e  __mspabi_srli_3               
0000ce32  __mspabi_srli_2               
0000ce36  __mspabi_srli_1               
0000ce3c  setCLK                        
0000ce86  str2numSigned                 
0000cece  MCP2515_write_many_registers  
0000cf14  recorrerCallbacks             
0000cf5a  str2numUnsigned               
0000cfa0  MCP2515_bit_modify            
0000cfe2  __TI_auto_init_nobinit_nopinit
0000d024  rtiSubmitCallback             
0000d064  servoUpdate                   
0000d0a2  commsInit                     
0000d0dc  gpioToggle                    
0000d116  uartWriteString               
0000d14e  uart_transmit_rti             
0000d186  MCP2515_write                 
0000d1bc  MCP2515_read                  
0000d1f0  servoInit                     
0000d224  pwmWrite                      
0000d256  uartInit                      
0000d288  MCP2515_CanVariable_init      
0000d2b8  Port_1                        
0000d2e8  getAngulo                     
0000d318  hwTimerInit                   
0000d348  uart_receive_rti              
0000d378  adcInit                       
0000d3a6  __mspabi_srai                 
0000d3b2  __mspabi_srai_15              
0000d3b4  __mspabi_srai_14              
0000d3b6  __mspabi_srai_13              
0000d3b8  __mspabi_srai_12              
0000d3ba  __mspabi_srai_11              
0000d3bc  __mspabi_srai_10              
0000d3be  __mspabi_srai_9               
0000d3c0  __mspabi_srai_8               
0000d3c2  __mspabi_srai_7               
0000d3c4  __mspabi_srai_6               
0000d3c6  __mspabi_srai_5               
0000d3c8  __mspabi_srai_4               
0000d3ca  __mspabi_srai_3               
0000d3cc  __mspabi_srai_2               
0000d3ce  __mspabi_srai_1               
0000d3d2  __mspabi_divi                 
0000d3d2  __mspabi_remi                 
0000d3fe  __mspabi_slli                 
0000d40a  __mspabi_slli_15              
0000d40c  __mspabi_slli_14              
0000d40e  __mspabi_slli_13              
0000d410  __mspabi_slli_12              
0000d412  __mspabi_slli_11              
0000d414  __mspabi_slli_10              
0000d416  __mspabi_slli_9               
0000d418  __mspabi_slli_8               
0000d41a  __mspabi_slli_7               
0000d41c  __mspabi_slli_6               
0000d41e  __mspabi_slli_5               
0000d420  __mspabi_slli_4               
0000d422  __mspabi_slli_3               
0000d424  __mspabi_slli_2               
0000d426  __mspabi_slli_1               
0000d42a  UARTReceive                   
0000d42a  uartRead                      
0000d454  __mspabi_mpyl                 
0000d454  __mspabi_mpyl_sw              
0000d47a  CANBuildMsg16                 
0000d49e  systemInit                    
0000d4c2  CANSend                       
0000d4e4  MCP2515_reset                 
0000d506  isr_Timer1_CCR1               
0000d526  isr_receive                   
0000d546  isr_transmit                  
0000d566  joystickInit                  
0000d586  _c_int00_noargs               
0000d5a2  isr_Timer1_CCR0               
0000d5bc  rti_isr_timerA0               
0000d5d6  rti_isr_wdt                   
0000d5f0  CANReceive                    
0000d608  __mspabi_divu                 
0000d608  __mspabi_remu                 
0000d61e  update_t_on0                  
0000d634  update_t_on1                  
0000d64a  update_t_periodo0             
0000d660  update_t_periodo1             
0000d676  __TI_zero_init_nomemset       
0000d68a  __mspabi_mpyi                 
0000d68a  __mspabi_mpyi_sw              
0000d69e  adcRead                       
0000d6b0  __TI_decompress_none          
0000d6c2  memcpy                        
0000d6d4  SPI_transmit                  
0000d6e4  hwTimerSetCCR0                
0000d6f4  hwTimerSetCCR1                
0000d704  __mspabi_func_epilog_7        
0000d706  __mspabi_func_epilog_6        
0000d708  __mspabi_func_epilog_5        
0000d70a  __mspabi_func_epilog_4        
0000d70c  __mspabi_func_epilog_3        
0000d70e  __mspabi_func_epilog_2        
0000d710  __mspabi_func_epilog_1        
0000d714  CANStatus                     
0000d722  MCP2515_clear_rx0             
0000d730  joystickUpdate                
0000d73e  UARTStatus                    
0000d73e  uartStatus                    
0000d74c  CANBuildMsg8                  
0000d758  MCP2515_int_clear             
0000d764  CANUnbuildMsg8                
0000d76e  UARTSend                      
0000d778  main                          
0000d782  readJoystick                  
0000d78c  servoWrite                    
0000d796  __TI_ISR_TRAP                 
0000d79e  stopWDT                       
0000d7a6  C$$EXIT                       
0000d7a6  abort                         
0000d7ac  readJoystickVal               
0000d7b2  setFlag                       
0000d7b8  uartGetChar                   
0000d7be  uartPutChar                   
0000d7c4  uartSend                      
0000d7ca  writeServoPos                 
0000d7d0  _system_pre_init              
0000d7d4  _system_post_cinit            
0000d7ea  __TI_Handler_Table_Base       
0000d7f0  __TI_Handler_Table_Limit      
0000d7f4  __TI_CINIT_Base               
0000d7fc  __TI_CINIT_Limit              
0000ffe0  __TI_int00                    
0000ffe4  __TI_int02                    
0000ffe6  __TI_int03                    
0000ffea  __TI_int05                    
0000ffec  __TI_int06                    
0000ffee  __TI_int07                    
0000fff0  __TI_int08                    
0000fff2  __TI_int09                    
0000fff4  __TI_int10                    
0000fff6  __TI_int11                    
0000fff8  __TI_int12                    
0000fffa  __TI_int13                    
0000fffc  __TI_int14                    
0000fffe  _reset_vector                 
ffffffff  __TI_pprof_out_hndl           
ffffffff  __TI_prof_data_size           
ffffffff  __TI_prof_data_start          
ffffffff  __c_args__                    

[294 symbols]
