******************************************************************************
                  MSP430 Linker PC v18.12.1                    
******************************************************************************
>> Linked Fri Dec  2 19:38:36 2022

OUTPUT FILE NAME:   <tablero_motor_2_12.out>
ENTRY POINT SYMBOL: "_c_int00_noargs"  address: 0000d522


MEMORY CONFIGURATION

         name            origin    length      used     unused   attr    fill
----------------------  --------  ---------  --------  --------  ----  --------
  SFR                   00000000   00000010  00000000  00000010  RWIX
  PERIPHERALS_8BIT      00000010   000000f0  00000000  000000f0  RWIX
  PERIPHERALS_16BIT     00000100   00000100  00000000  00000100  RWIX
  RAM                   00000200   00000200  00000138  000000c8  RWIX
  INFOD                 00001000   00000040  00000000  00000040  RWIX
  INFOC                 00001040   00000040  00000000  00000040  RWIX
  INFOB                 00001080   00000040  00000000  00000040  RWIX
  INFOA                 000010c0   00000040  00000000  00000040  RWIX
  FLASH                 0000c000   00003fde  0000175e  00002880  RWIX
  BSLSIGNATURE          0000ffde   00000002  00000002  00000000  RWIX  ffff 
  INT00                 0000ffe0   00000002  00000002  00000000  RWIX
  INT01                 0000ffe2   00000002  00000000  00000002  RWIX
  INT02                 0000ffe4   00000002  00000002  00000000  RWIX
  INT03                 0000ffe6   00000002  00000002  00000000  RWIX
  INT04                 0000ffe8   00000002  00000000  00000002  RWIX
  INT05                 0000ffea   00000002  00000002  00000000  RWIX
  INT06                 0000ffec   00000002  00000002  00000000  RWIX
  INT07                 0000ffee   00000002  00000002  00000000  RWIX
  INT08                 0000fff0   00000002  00000002  00000000  RWIX
  INT09                 0000fff2   00000002  00000002  00000000  RWIX
  INT10                 0000fff4   00000002  00000002  00000000  RWIX
  INT11                 0000fff6   00000002  00000002  00000000  RWIX
  INT12                 0000fff8   00000002  00000002  00000000  RWIX
  INT13                 0000fffa   00000002  00000002  00000000  RWIX
  INT14                 0000fffc   00000002  00000002  00000000  RWIX
  RESET                 0000fffe   00000002  00000002  00000000  RWIX


SECTION ALLOCATION MAP

 output                                  attributes/
section   page    origin      length       input sections
--------  ----  ----------  ----------   ----------------
.bss       0    00000200    000000e3     UNINITIALIZED
                  00000200    00000032     uart.obj (.bss:receive_buffer)
                  00000232    00000032     uart.obj (.bss:transmit_buffer)
                  00000264    00000014     rti.obj (.bss:callbackCounter)
                  00000278    00000014     rti.obj (.bss:callbackTime)
                  0000028c    00000014     rti.obj (.bss:rtiCallback)
                  000002a0    00000010     comms.obj (.bss:can_a_enviar)
                  000002b0    00000010     comms.obj (.bss:can_a_recibir)
                  000002c0    0000000a     hw_timer.obj (.bss)
                  000002ca    00000005     uart.obj (.bss)
                  000002cf    00000001     comms.obj (.bss)
                  000002d0    00000004     pwm.obj (.bss:t_on_copy)
                  000002d4    00000004     pwm.obj (.bss:t_periodo_copy)
                  000002d8    00000003     servo.obj (.bss)
                  000002db    00000001     rti.obj (.bss)
                  000002dc    00000002     pwm.obj (.bss:t_on_flag)
                  000002de    00000002     pwm.obj (.bss:t_periodo_flag)
                  000002e0    00000002     (.common:zeroJoystick)
                  000002e2    00000001     (.common:cycle_flag)

.data      0    000002e4    00000005     UNINITIALIZED
                  000002e4    00000002     hw_timer.obj (.data:yaInit$1)
                  000002e6    00000001     adc_2.obj (.data)
                  000002e7    00000001     rti.obj (.data)
                  000002e8    00000001     system.obj (.data)

.stack     0    000003b0    00000050     UNINITIALIZED
                  000003b0    00000002     rts430_eabi.lib : boot.c.obj (.stack)
                  000003b2    0000004e     --HOLE--

.text      0    0000c000    00001744     
                  0000c000    000004ea     hw_timer.obj (.text:hwSetTimer)
                  0000c4ea    000001e2     main.obj (.text:main)
                  0000c6cc    0000010c     gpio.obj (.text:gpioMode)
                  0000c7d8    000000e6     system.obj (.text:setRTI)
                  0000c8be    000000b0     mcp2515.obj (.text:MCP2515_init)
                  0000c96e    00000092     pwm.obj (.text:pwmInit)
                  0000ca00    0000007c     rts430_eabi.lib : copy_decompress_lzss.c.obj (.text:decompress:lzss:__TI_decompress_lzss)
                  0000ca7c    0000007a     mcp2515.obj (.text:MCP2515_write_id)
                  0000caf6    0000006a     main.obj (.text:num2str)
                  0000cb60    00000066     mcp2515.obj (.text:MCP2515_can_tx0)
                  0000cbc6    00000066     mcp2515.obj (.text:MCP2515_read_id)
                  0000cc2c    00000064     mcp2515.obj (.text:MCP2515_can_rx0)
                  0000cc90    00000060     gpio.obj (.text:gpioWrite)
                  0000ccf0    00000058     spi.obj (.text:SPI_init)
                  0000cd48    00000058     rts430_eabi.lib : div32u.asm.obj (.text)
                  0000cda0    00000052     main.obj (.text:num2str_phi)
                  0000cdf2    00000050     servo.obj (.text:servoInit)
                  0000ce42    0000004c     rts430_eabi.lib : lsr16.asm.obj (.text)
                  0000ce8e    0000004a     system.obj (.text:setCLK)
                  0000ced8    00000046     mcp2515.obj (.text:MCP2515_write_many_registers)
                  0000cf1e    00000046     rti.obj (.text:recorrerCallbacks)
                  0000cf64    00000044     main.obj (.text:str2num)
                  0000cfa8    00000042     mcp2515.obj (.text:MCP2515_bit_modify)
                  0000cfea    00000042     rts430_eabi.lib : autoinit.c.obj (.text:__TI_auto_init_nobinit_nopinit:__TI_auto_init_nobinit_nopinit)
                  0000d02c    00000042     main.obj (.text:str2num_phi)
                  0000d06e    00000040     rti.obj (.text:rtiSubmitCallback)
                  0000d0ae    0000003a     comms.obj (.text:commsInit)
                  0000d0e8    0000003a     gpio.obj (.text:gpioToggle)
                  0000d122    00000038     servo.obj (.text:servoWrite)
                  0000d15a    00000038     uart.obj (.text:uartWriteString)
                  0000d192    00000038     uart.obj (.text:uart_transmit_rti)
                  0000d1ca    00000036     mcp2515.obj (.text:MCP2515_write)
                  0000d200    00000034     mcp2515.obj (.text:MCP2515_read)
                  0000d234    00000032     pwm.obj (.text:pwmWrite)
                  0000d266    00000032     uart.obj (.text:uartInit)
                  0000d298    00000030     mcp2515.obj (.text:MCP2515_CanVariable_init)
                  0000d2c8    00000030     comms.obj (.text:Port_1)
                  0000d2f8    00000030     hw_timer.obj (.text:hwTimerInit)
                  0000d328    00000030     uart.obj (.text:uart_receive_rti)
                  0000d358    0000002e     adc_2.obj (.text:adcInit)
                  0000d386    0000002c     rts430_eabi.lib : asr16.asm.obj (.text)
                  0000d3b2    0000002c                     : div16s.asm.obj (.text)
                  0000d3de    0000002c                     : lsl16.asm.obj (.text)
                  0000d40a    0000002a     uart.obj (.text:uartRead)
                  0000d434    00000026     rts430_eabi.lib : mult32.asm.obj (.text)
                  0000d45a    00000024     system.obj (.text:systemInit)
                  0000d47e    00000022     comms.obj (.text:CANSend)
                  0000d4a0    00000022     mcp2515.obj (.text:MCP2515_reset)
                  0000d4c2    00000020     hw_timer.obj (.text:isr_Timer1_CCR1)
                  0000d4e2    00000020     uart.obj (.text:isr_receive)
                  0000d502    00000020     uart.obj (.text:isr_transmit)
                  0000d522    0000001c     rts430_eabi.lib : boot.c.obj (.text:_c_int00_noargs)
                  0000d53e    0000001a     hw_timer.obj (.text:isr_Timer1_CCR0)
                  0000d558    0000001a     rti.obj (.text:rti_isr_timerA0)
                  0000d572    0000001a     rti.obj (.text:rti_isr_wdt)
                  0000d58c    00000018     comms.obj (.text:CANReceive)
                  0000d5a4    00000016     rts430_eabi.lib : div16u.asm.obj (.text)
                  0000d5ba    00000016     pwm.obj (.text:update_t_on0)
                  0000d5d0    00000016     pwm.obj (.text:update_t_on1)
                  0000d5e6    00000016     pwm.obj (.text:update_t_periodo0)
                  0000d5fc    00000016     pwm.obj (.text:update_t_periodo1)
                  0000d612    00000014     rts430_eabi.lib : copy_zero_init.c.obj (.text:decompress:ZI:__TI_zero_init_nomemset:__TI_zero_init_nomemset)
                  0000d626    00000014                     : mult16.asm.obj (.text)
                  0000d63a    00000012     adc_2.obj (.text:adcRead)
                  0000d64c    00000012     rts430_eabi.lib : copy_decompress_none.c.obj (.text:decompress:none:__TI_decompress_none)
                  0000d65e    00000012     joystick_2.obj (.text:joystickRead)
                  0000d670    00000012     rts430_eabi.lib : memcpy.c.obj (.text:memcpy)
                  0000d682    00000010     spi.obj (.text:SPI_transmit)
                  0000d692    00000010     hw_timer.obj (.text:hwTimerSetCCR0)
                  0000d6a2    00000010     hw_timer.obj (.text:hwTimerSetCCR1)
                  0000d6b2    00000010     rts430_eabi.lib : epilog.asm.obj (.text)
                  0000d6c2    0000000e     comms.obj (.text:CANStatus)
                  0000d6d0    0000000e     mcp2515.obj (.text:MCP2515_clear_rx0)
                  0000d6de    0000000e     joystick_2.obj (.text:joystickInit)
                  0000d6ec    0000000e     uart.obj (.text:uartStatus)
                  0000d6fa    0000000c     mcp2515.obj (.text:MCP2515_int_clear)
                  0000d706    0000000a     comms.obj (.text:UARTSend)
                  0000d710    00000008     rts430_eabi.lib : isr_trap.asm.obj (.text:_isr:__TI_ISR_TRAP)
                  0000d718    00000008     system.obj (.text:stopWDT)
                  0000d720    00000006     rts430_eabi.lib : exit.c.obj (.text:abort)
                  0000d726    00000006     main.obj (.text:setFlag)
                  0000d72c    00000006     uart.obj (.text:uartGetChar)
                  0000d732    00000006     uart.obj (.text:uartPutChar)
                  0000d738    00000006     uart.obj (.text:uartSend)
                  0000d73e    00000004     rts430_eabi.lib : pre_init.c.obj (.text:_system_pre_init)
                  0000d742    00000002                     : startup.c.obj (.text:_system_post_cinit)

.cinit     0    0000d744    0000001a     
                  0000d744    00000007     (.cinit..data.load) [load image, compression = lzss]
                  0000d74b    00000001     --HOLE-- [fill = 0]
                  0000d74c    00000006     (__TI_handler_table)
                  0000d752    00000004     (.cinit..bss.load) [load image, compression = zero_init]
                  0000d756    00000008     (__TI_cinit_table)

.binit     0    0000c000    00000000     

.init_array 
*          0    0000c000    00000000     UNINITIALIZED

TRAPINT    0    0000ffe0    00000002     
                  0000ffe0    00000002     rts430_eabi.lib : int00.asm.obj (.int00)

PORT1      0    0000ffe4    00000002     
                  0000ffe4    00000002     comms.obj (.int02)

PORT2      0    0000ffe6    00000002     
                  0000ffe6    00000002     rts430_eabi.lib : int03.asm.obj (.int03)

ADC10      0    0000ffea    00000002     
                  0000ffea    00000002     rts430_eabi.lib : int05.asm.obj (.int05)

USCIAB0TX 
*          0    0000ffec    00000002     
                  0000ffec    00000002     uart.obj (.int06)

USCIAB0RX 
*          0    0000ffee    00000002     
                  0000ffee    00000002     uart.obj (.int07)

TIMER0_A1 
*          0    0000fff0    00000002     
                  0000fff0    00000002     rts430_eabi.lib : int08.asm.obj (.int08)

TIMER0_A0 
*          0    0000fff2    00000002     
                  0000fff2    00000002     rti.obj (.int09)

WDT        0    0000fff4    00000002     
                  0000fff4    00000002     rti.obj (.int10)

COMPARATORA 
*          0    0000fff6    00000002     
                  0000fff6    00000002     rts430_eabi.lib : int11.asm.obj (.int11)

TIMER1_A1 
*          0    0000fff8    00000002     
                  0000fff8    00000002     hw_timer.obj (.int12)

TIMER1_A0 
*          0    0000fffa    00000002     
                  0000fffa    00000002     hw_timer.obj (.int13)

NMI        0    0000fffc    00000002     
                  0000fffc    00000002     rts430_eabi.lib : int14.asm.obj (.int14)

.reset     0    0000fffe    00000002     
                  0000fffe    00000002     rts430_eabi.lib : boot.c.obj (.reset)

$fill000   0    0000ffde    00000002     
                  0000ffde    00000002     --HOLE-- [fill = ffff]

MODULE SUMMARY

       Module                       code   ro data   rw data
       ------                       ----   -------   -------
    .\
       hw_timer.obj                 1396   4         12     
       mcp2515.obj                  952    0         0      
       main.obj                     810    0         1      
       uart.obj                     348    4         105    
       gpio.obj                     422    0         0      
       system.obj                   348    0         1      
       pwm.obj                      284    0         12     
       rti.obj                      186    4         62     
       comms.obj                    188    2         33     
       servo.obj                    136    0         3      
       spi.obj                      104    0         0      
       adc_2.obj                    64     0         1      
       joystick_2.obj               32     0         2      
    +--+----------------------------+------+---------+---------+
       Total:                       5270   14        232    
                                                            
    C:\Users\marco\OneDrive\Documents\ITBA\Micros y Control\CCStudio\ccs\tools\compiler\ti-cgt-msp430_18.12.1.LTS\lib\rts430_eabi.lib
       copy_decompress_lzss.c.obj   124    0         0      
       div32u.asm.obj               88     0         0      
       lsr16.asm.obj                76     0         0      
       autoinit.c.obj               66     0         0      
       asr16.asm.obj                44     0         0      
       div16s.asm.obj               44     0         0      
       lsl16.asm.obj                44     0         0      
       mult32.asm.obj               38     0         0      
       boot.c.obj                   28     2         0      
       div16u.asm.obj               22     0         0      
       copy_zero_init.c.obj         20     0         0      
       mult16.asm.obj               20     0         0      
       copy_decompress_none.c.obj   18     0         0      
       memcpy.c.obj                 18     0         0      
       epilog.asm.obj               16     0         0      
       isr_trap.asm.obj             8      0         0      
       exit.c.obj                   6      0         0      
       pre_init.c.obj               4      0         0      
       int00.asm.obj                0      2         0      
       int03.asm.obj                0      2         0      
       int05.asm.obj                0      2         0      
       int08.asm.obj                0      2         0      
       int11.asm.obj                0      2         0      
       int14.asm.obj                0      2         0      
       startup.c.obj                2      0         0      
    +--+----------------------------+------+---------+---------+
       Total:                       686    14        0      
                                                            
       Stack:                       0      0         80     
       Linker Generated:            0      25        0      
    +--+----------------------------+------+---------+---------+
       Grand Total:                 5956   53        312    


LINKER GENERATED COPY TABLES

__TI_cinit_table @ 0000d756 records: 2, size/record: 4, table size: 8
	.data: load addr=0000d744, load size=00000007 bytes, run addr=000002e4, run size=00000005 bytes, compression=lzss
	.bss: load addr=0000d752, load size=00000004 bytes, run addr=00000200, run size=000000e3 bytes, compression=zero_init


LINKER GENERATED HANDLER TABLE

__TI_handler_table @ 0000d74c records: 3, size/record: 2, table size: 6
	index: 0, handler: __TI_zero_init
	index: 1, handler: __TI_decompress_lzss
	index: 2, handler: __TI_decompress_none


GLOBAL SYMBOLS: SORTED ALPHABETICALLY BY Name 

address   name                          
-------   ----                          
0000004a  ADC10AE0                      
000001b0  ADC10CTL0                     
000001b2  ADC10CTL1                     
00000048  ADC10DTC0                     
00000049  ADC10DTC1                     
000001b4  ADC10MEM                      
000001bc  ADC10SA                       
00000057  BCSCTL1                       
00000058  BCSCTL2                       
00000053  BCSCTL3                       
0000d720  C$$EXIT                       
00000059  CACTL1                        
0000005a  CACTL2                        
000010fb  CALBC1_12MHZ                  
000010f9  CALBC1_16MHZ                  
000010ff  CALBC1_1MHZ                   
000010fd  CALBC1_8MHZ                   
000010fa  CALDCO_12MHZ                  
000010f8  CALDCO_16MHZ                  
000010fe  CALDCO_1MHZ                   
000010fc  CALDCO_8MHZ                   
0000d58c  CANReceive                    
0000d47e  CANSend                       
0000d6c2  CANStatus                     
0000005b  CAPD                          
00000056  DCOCTL                        
00000128  FCTL1                         
0000012a  FCTL2                         
0000012c  FCTL3                         
00000000  IE1                           
00000001  IE2                           
00000002  IFG1                          
00000003  IFG2                          
0000d298  MCP2515_CanVariable_init      
0000cfa8  MCP2515_bit_modify            
0000cc2c  MCP2515_can_rx0               
0000cb60  MCP2515_can_tx0               
0000d6d0  MCP2515_clear_rx0             
0000c8be  MCP2515_init                  
0000d6fa  MCP2515_int_clear             
0000d200  MCP2515_read                  
0000cbc6  MCP2515_read_id               
0000d4a0  MCP2515_reset                 
0000d1ca  MCP2515_write                 
0000ca7c  MCP2515_write_id              
0000ced8  MCP2515_write_many_registers  
00000022  P1DIR                         
00000025  P1IE                          
00000024  P1IES                         
00000023  P1IFG                         
00000020  P1IN                          
00000021  P1OUT                         
00000027  P1REN                         
00000026  P1SEL                         
00000041  P1SEL2                        
0000002a  P2DIR                         
0000002d  P2IE                          
0000002c  P2IES                         
0000002b  P2IFG                         
00000028  P2IN                          
00000029  P2OUT                         
0000002f  P2REN                         
0000002e  P2SEL                         
00000042  P2SEL2                        
0000001a  P3DIR                         
00000018  P3IN                          
00000019  P3OUT                         
00000010  P3REN                         
0000001b  P3SEL                         
00000043  P3SEL2                        
0000d2c8  Port_1                        
0000ccf0  SPI_init                      
0000d682  SPI_transmit                  
00000172  TA0CCR0                       
00000174  TA0CCR1                       
00000176  TA0CCR2                       
00000162  TA0CCTL0                      
00000164  TA0CCTL1                      
00000166  TA0CCTL2                      
00000160  TA0CTL                        
0000012e  TA0IV                         
00000170  TA0R                          
00000192  TA1CCR0                       
00000194  TA1CCR1                       
00000196  TA1CCR2                       
00000182  TA1CCTL0                      
00000184  TA1CCTL1                      
00000186  TA1CCTL2                      
00000180  TA1CTL                        
0000011e  TA1IV                         
00000190  TA1R                          
000010db  TLV_ADC10_1_LEN               
000010da  TLV_ADC10_1_TAG               
000010c0  TLV_CHECKSUM                  
000010f7  TLV_DCO_30_LEN                
000010f6  TLV_DCO_30_TAG                
0000d40a  UARTReceive                   
0000d706  UARTSend                      
0000d6ec  UARTStatus                    
0000005d  UCA0ABCTL                     
00000062  UCA0BR0                       
00000063  UCA0BR1                       
00000060  UCA0CTL0                      
00000061  UCA0CTL1                      
0000005f  UCA0IRRCTL                    
0000005e  UCA0IRTCTL                    
00000064  UCA0MCTL                      
00000066  UCA0RXBUF                     
00000065  UCA0STAT                      
00000067  UCA0TXBUF                     
0000006a  UCB0BR0                       
0000006b  UCB0BR1                       
00000068  UCB0CTL0                      
00000069  UCB0CTL1                      
0000006c  UCB0I2CIE                     
00000118  UCB0I2COA                     
0000011a  UCB0I2CSA                     
0000006e  UCB0RXBUF                     
0000006d  UCB0STAT                      
0000006f  UCB0TXBUF                     
00000120  WDTCTL                        
00000400  __STACK_END                   
00000050  __STACK_SIZE                  
0000d756  __TI_CINIT_Base               
0000d75e  __TI_CINIT_Limit              
0000d74c  __TI_Handler_Table_Base       
0000d752  __TI_Handler_Table_Limit      
0000d710  __TI_ISR_TRAP                 
0000cfea  __TI_auto_init_nobinit_nopinit
0000ca00  __TI_decompress_lzss          
0000d64c  __TI_decompress_none          
0000ffe0  __TI_int00                    
0000ffe4  __TI_int02                    
0000ffe6  __TI_int03                    
0000ffea  __TI_int05                    
0000ffec  __TI_int06                    
0000ffee  __TI_int07                    
0000fff0  __TI_int08                    
0000fff2  __TI_int09                    
0000fff4  __TI_int10                    
0000fff6  __TI_int11                    
0000fff8  __TI_int12                    
0000fffa  __TI_int13                    
0000fffc  __TI_int14                    
ffffffff  __TI_pprof_out_hndl           
ffffffff  __TI_prof_data_size           
ffffffff  __TI_prof_data_start          
0000d612  __TI_zero_init_nomemset       
ffffffff  __c_args__                    
0000d3b2  __mspabi_divi                 
0000d5a4  __mspabi_divu                 
0000cd48  __mspabi_divul                
0000d6be  __mspabi_func_epilog_1        
0000d6bc  __mspabi_func_epilog_2        
0000d6ba  __mspabi_func_epilog_3        
0000d6b8  __mspabi_func_epilog_4        
0000d6b6  __mspabi_func_epilog_5        
0000d6b4  __mspabi_func_epilog_6        
0000d6b2  __mspabi_func_epilog_7        
0000d626  __mspabi_mpyi                 
0000d626  __mspabi_mpyi_sw              
0000d434  __mspabi_mpyl                 
0000d434  __mspabi_mpyl_sw              
0000d3b2  __mspabi_remi                 
0000d5a4  __mspabi_remu                 
0000cd48  __mspabi_remul                
0000d3de  __mspabi_slli                 
0000d406  __mspabi_slli_1               
0000d3f4  __mspabi_slli_10              
0000d3f2  __mspabi_slli_11              
0000d3f0  __mspabi_slli_12              
0000d3ee  __mspabi_slli_13              
0000d3ec  __mspabi_slli_14              
0000d3ea  __mspabi_slli_15              
0000d404  __mspabi_slli_2               
0000d402  __mspabi_slli_3               
0000d400  __mspabi_slli_4               
0000d3fe  __mspabi_slli_5               
0000d3fc  __mspabi_slli_6               
0000d3fa  __mspabi_slli_7               
0000d3f8  __mspabi_slli_8               
0000d3f6  __mspabi_slli_9               
0000d386  __mspabi_srai                 
0000d3ae  __mspabi_srai_1               
0000d39c  __mspabi_srai_10              
0000d39a  __mspabi_srai_11              
0000d398  __mspabi_srai_12              
0000d396  __mspabi_srai_13              
0000d394  __mspabi_srai_14              
0000d392  __mspabi_srai_15              
0000d3ac  __mspabi_srai_2               
0000d3aa  __mspabi_srai_3               
0000d3a8  __mspabi_srai_4               
0000d3a6  __mspabi_srai_5               
0000d3a4  __mspabi_srai_6               
0000d3a2  __mspabi_srai_7               
0000d3a0  __mspabi_srai_8               
0000d39e  __mspabi_srai_9               
0000ce42  __mspabi_srli                 
0000ce88  __mspabi_srli_1               
0000ce64  __mspabi_srli_10              
0000ce60  __mspabi_srli_11              
0000ce5c  __mspabi_srli_12              
0000ce58  __mspabi_srli_13              
0000ce54  __mspabi_srli_14              
0000ce50  __mspabi_srli_15              
0000ce84  __mspabi_srli_2               
0000ce80  __mspabi_srli_3               
0000ce7c  __mspabi_srli_4               
0000ce78  __mspabi_srli_5               
0000ce74  __mspabi_srli_6               
0000ce70  __mspabi_srli_7               
0000ce6c  __mspabi_srli_8               
0000ce68  __mspabi_srli_9               
0000d522  _c_int00_noargs               
0000fffe  _reset_vector                 
000003b0  _stack                        
0000d742  _system_post_cinit            
0000d73e  _system_pre_init              
0000d720  abort                         
0000d358  adcInit                       
0000d63a  adcRead                       
0000d0ae  commsInit                     
000002e2  cycle_flag                    
0000c6cc  gpioMode                      
0000d0e8  gpioToggle                    
0000cc90  gpioWrite                     
0000c000  hwSetTimer                    
0000d2f8  hwTimerInit                   
0000d692  hwTimerSetCCR0                
0000d6a2  hwTimerSetCCR1                
0000d53e  isr_Timer1_CCR0               
0000d4c2  isr_Timer1_CCR1               
0000d4e2  isr_receive                   
0000d502  isr_transmit                  
0000d6de  joystickInit                  
0000d65e  joystickRead                  
0000c4ea  main                          
0000d670  memcpy                        
0000caf6  num2str                       
0000cda0  num2str_phi                   
0000c96e  pwmInit                       
0000d234  pwmWrite                      
0000cf1e  recorrerCallbacks             
0000d06e  rtiSubmitCallback             
0000d558  rti_isr_timerA0               
0000d572  rti_isr_wdt                   
0000cdf2  servoInit                     
0000d122  servoWrite                    
0000ce8e  setCLK                        
0000d726  setFlag                       
0000c7d8  setRTI                        
0000d718  stopWDT                       
0000cf64  str2num                       
0000d02c  str2num_phi                   
0000d45a  systemInit                    
0000d72c  uartGetChar                   
0000d266  uartInit                      
0000d732  uartPutChar                   
0000d40a  uartRead                      
0000d738  uartSend                      
0000d6ec  uartStatus                    
0000d15a  uartWriteString               
0000d328  uart_receive_rti              
0000d192  uart_transmit_rti             
0000d5ba  update_t_on0                  
0000d5d0  update_t_on1                  
0000d5e6  update_t_periodo0             
0000d5fc  update_t_periodo1             
000002e0  zeroJoystick                  


GLOBAL SYMBOLS: SORTED BY Symbol Address 

address   name                          
-------   ----                          
00000000  IE1                           
00000001  IE2                           
00000002  IFG1                          
00000003  IFG2                          
00000010  P3REN                         
00000018  P3IN                          
00000019  P3OUT                         
0000001a  P3DIR                         
0000001b  P3SEL                         
00000020  P1IN                          
00000021  P1OUT                         
00000022  P1DIR                         
00000023  P1IFG                         
00000024  P1IES                         
00000025  P1IE                          
00000026  P1SEL                         
00000027  P1REN                         
00000028  P2IN                          
00000029  P2OUT                         
0000002a  P2DIR                         
0000002b  P2IFG                         
0000002c  P2IES                         
0000002d  P2IE                          
0000002e  P2SEL                         
0000002f  P2REN                         
00000041  P1SEL2                        
00000042  P2SEL2                        
00000043  P3SEL2                        
00000048  ADC10DTC0                     
00000049  ADC10DTC1                     
0000004a  ADC10AE0                      
00000050  __STACK_SIZE                  
00000053  BCSCTL3                       
00000056  DCOCTL                        
00000057  BCSCTL1                       
00000058  BCSCTL2                       
00000059  CACTL1                        
0000005a  CACTL2                        
0000005b  CAPD                          
0000005d  UCA0ABCTL                     
0000005e  UCA0IRTCTL                    
0000005f  UCA0IRRCTL                    
00000060  UCA0CTL0                      
00000061  UCA0CTL1                      
00000062  UCA0BR0                       
00000063  UCA0BR1                       
00000064  UCA0MCTL                      
00000065  UCA0STAT                      
00000066  UCA0RXBUF                     
00000067  UCA0TXBUF                     
00000068  UCB0CTL0                      
00000069  UCB0CTL1                      
0000006a  UCB0BR0                       
0000006b  UCB0BR1                       
0000006c  UCB0I2CIE                     
0000006d  UCB0STAT                      
0000006e  UCB0RXBUF                     
0000006f  UCB0TXBUF                     
00000118  UCB0I2COA                     
0000011a  UCB0I2CSA                     
0000011e  TA1IV                         
00000120  WDTCTL                        
00000128  FCTL1                         
0000012a  FCTL2                         
0000012c  FCTL3                         
0000012e  TA0IV                         
00000160  TA0CTL                        
00000162  TA0CCTL0                      
00000164  TA0CCTL1                      
00000166  TA0CCTL2                      
00000170  TA0R                          
00000172  TA0CCR0                       
00000174  TA0CCR1                       
00000176  TA0CCR2                       
00000180  TA1CTL                        
00000182  TA1CCTL0                      
00000184  TA1CCTL1                      
00000186  TA1CCTL2                      
00000190  TA1R                          
00000192  TA1CCR0                       
00000194  TA1CCR1                       
00000196  TA1CCR2                       
000001b0  ADC10CTL0                     
000001b2  ADC10CTL1                     
000001b4  ADC10MEM                      
000001bc  ADC10SA                       
000002e0  zeroJoystick                  
000002e2  cycle_flag                    
000003b0  _stack                        
00000400  __STACK_END                   
000010c0  TLV_CHECKSUM                  
000010da  TLV_ADC10_1_TAG               
000010db  TLV_ADC10_1_LEN               
000010f6  TLV_DCO_30_TAG                
000010f7  TLV_DCO_30_LEN                
000010f8  CALDCO_16MHZ                  
000010f9  CALBC1_16MHZ                  
000010fa  CALDCO_12MHZ                  
000010fb  CALBC1_12MHZ                  
000010fc  CALDCO_8MHZ                   
000010fd  CALBC1_8MHZ                   
000010fe  CALDCO_1MHZ                   
000010ff  CALBC1_1MHZ                   
0000c000  hwSetTimer                    
0000c4ea  main                          
0000c6cc  gpioMode                      
0000c7d8  setRTI                        
0000c8be  MCP2515_init                  
0000c96e  pwmInit                       
0000ca00  __TI_decompress_lzss          
0000ca7c  MCP2515_write_id              
0000caf6  num2str                       
0000cb60  MCP2515_can_tx0               
0000cbc6  MCP2515_read_id               
0000cc2c  MCP2515_can_rx0               
0000cc90  gpioWrite                     
0000ccf0  SPI_init                      
0000cd48  __mspabi_divul                
0000cd48  __mspabi_remul                
0000cda0  num2str_phi                   
0000cdf2  servoInit                     
0000ce42  __mspabi_srli                 
0000ce50  __mspabi_srli_15              
0000ce54  __mspabi_srli_14              
0000ce58  __mspabi_srli_13              
0000ce5c  __mspabi_srli_12              
0000ce60  __mspabi_srli_11              
0000ce64  __mspabi_srli_10              
0000ce68  __mspabi_srli_9               
0000ce6c  __mspabi_srli_8               
0000ce70  __mspabi_srli_7               
0000ce74  __mspabi_srli_6               
0000ce78  __mspabi_srli_5               
0000ce7c  __mspabi_srli_4               
0000ce80  __mspabi_srli_3               
0000ce84  __mspabi_srli_2               
0000ce88  __mspabi_srli_1               
0000ce8e  setCLK                        
0000ced8  MCP2515_write_many_registers  
0000cf1e  recorrerCallbacks             
0000cf64  str2num                       
0000cfa8  MCP2515_bit_modify            
0000cfea  __TI_auto_init_nobinit_nopinit
0000d02c  str2num_phi                   
0000d06e  rtiSubmitCallback             
0000d0ae  commsInit                     
0000d0e8  gpioToggle                    
0000d122  servoWrite                    
0000d15a  uartWriteString               
0000d192  uart_transmit_rti             
0000d1ca  MCP2515_write                 
0000d200  MCP2515_read                  
0000d234  pwmWrite                      
0000d266  uartInit                      
0000d298  MCP2515_CanVariable_init      
0000d2c8  Port_1                        
0000d2f8  hwTimerInit                   
0000d328  uart_receive_rti              
0000d358  adcInit                       
0000d386  __mspabi_srai                 
0000d392  __mspabi_srai_15              
0000d394  __mspabi_srai_14              
0000d396  __mspabi_srai_13              
0000d398  __mspabi_srai_12              
0000d39a  __mspabi_srai_11              
0000d39c  __mspabi_srai_10              
0000d39e  __mspabi_srai_9               
0000d3a0  __mspabi_srai_8               
0000d3a2  __mspabi_srai_7               
0000d3a4  __mspabi_srai_6               
0000d3a6  __mspabi_srai_5               
0000d3a8  __mspabi_srai_4               
0000d3aa  __mspabi_srai_3               
0000d3ac  __mspabi_srai_2               
0000d3ae  __mspabi_srai_1               
0000d3b2  __mspabi_divi                 
0000d3b2  __mspabi_remi                 
0000d3de  __mspabi_slli                 
0000d3ea  __mspabi_slli_15              
0000d3ec  __mspabi_slli_14              
0000d3ee  __mspabi_slli_13              
0000d3f0  __mspabi_slli_12              
0000d3f2  __mspabi_slli_11              
0000d3f4  __mspabi_slli_10              
0000d3f6  __mspabi_slli_9               
0000d3f8  __mspabi_slli_8               
0000d3fa  __mspabi_slli_7               
0000d3fc  __mspabi_slli_6               
0000d3fe  __mspabi_slli_5               
0000d400  __mspabi_slli_4               
0000d402  __mspabi_slli_3               
0000d404  __mspabi_slli_2               
0000d406  __mspabi_slli_1               
0000d40a  UARTReceive                   
0000d40a  uartRead                      
0000d434  __mspabi_mpyl                 
0000d434  __mspabi_mpyl_sw              
0000d45a  systemInit                    
0000d47e  CANSend                       
0000d4a0  MCP2515_reset                 
0000d4c2  isr_Timer1_CCR1               
0000d4e2  isr_receive                   
0000d502  isr_transmit                  
0000d522  _c_int00_noargs               
0000d53e  isr_Timer1_CCR0               
0000d558  rti_isr_timerA0               
0000d572  rti_isr_wdt                   
0000d58c  CANReceive                    
0000d5a4  __mspabi_divu                 
0000d5a4  __mspabi_remu                 
0000d5ba  update_t_on0                  
0000d5d0  update_t_on1                  
0000d5e6  update_t_periodo0             
0000d5fc  update_t_periodo1             
0000d612  __TI_zero_init_nomemset       
0000d626  __mspabi_mpyi                 
0000d626  __mspabi_mpyi_sw              
0000d63a  adcRead                       
0000d64c  __TI_decompress_none          
0000d65e  joystickRead                  
0000d670  memcpy                        
0000d682  SPI_transmit                  
0000d692  hwTimerSetCCR0                
0000d6a2  hwTimerSetCCR1                
0000d6b2  __mspabi_func_epilog_7        
0000d6b4  __mspabi_func_epilog_6        
0000d6b6  __mspabi_func_epilog_5        
0000d6b8  __mspabi_func_epilog_4        
0000d6ba  __mspabi_func_epilog_3        
0000d6bc  __mspabi_func_epilog_2        
0000d6be  __mspabi_func_epilog_1        
0000d6c2  CANStatus                     
0000d6d0  MCP2515_clear_rx0             
0000d6de  joystickInit                  
0000d6ec  UARTStatus                    
0000d6ec  uartStatus                    
0000d6fa  MCP2515_int_clear             
0000d706  UARTSend                      
0000d710  __TI_ISR_TRAP                 
0000d718  stopWDT                       
0000d720  C$$EXIT                       
0000d720  abort                         
0000d726  setFlag                       
0000d72c  uartGetChar                   
0000d732  uartPutChar                   
0000d738  uartSend                      
0000d73e  _system_pre_init              
0000d742  _system_post_cinit            
0000d74c  __TI_Handler_Table_Base       
0000d752  __TI_Handler_Table_Limit      
0000d756  __TI_CINIT_Base               
0000d75e  __TI_CINIT_Limit              
0000ffe0  __TI_int00                    
0000ffe4  __TI_int02                    
0000ffe6  __TI_int03                    
0000ffea  __TI_int05                    
0000ffec  __TI_int06                    
0000ffee  __TI_int07                    
0000fff0  __TI_int08                    
0000fff2  __TI_int09                    
0000fff4  __TI_int10                    
0000fff6  __TI_int11                    
0000fff8  __TI_int12                    
0000fffa  __TI_int13                    
0000fffc  __TI_int14                    
0000fffe  _reset_vector                 
ffffffff  __TI_pprof_out_hndl           
ffffffff  __TI_prof_data_size           
ffffffff  __TI_prof_data_start          
ffffffff  __c_args__                    

[270 symbols]
