<?xml version="1.0" encoding="ISO-8859-1" ?>
<link_info>
   <banner>MSP430 Linker PC v18.12.1.LTS</banner>
   <copyright>Copyright (c) 2003-2018 Texas Instruments Incorporated</copyright>
   <link_time>0x638a7e6c</link_time>
   <link_errors>0x0</link_errors>
   <output_file>tablero_motor_2_12.out</output_file>
   <entry_point>
      <name>_c_int00_noargs</name>
      <address>0xd522</address>
   </entry_point>
   <input_file_list>
      <input_file id="fl-2">
         <path>.\</path>
         <kind>object</kind>
         <file>adc_2.obj</file>
         <name>adc_2.obj</name>
      </input_file>
      <input_file id="fl-3">
         <path>.\</path>
         <kind>object</kind>
         <file>bujia.obj</file>
         <name>bujia.obj</name>
      </input_file>
      <input_file id="fl-4">
         <path>.\</path>
         <kind>object</kind>
         <file>comms.obj</file>
         <name>comms.obj</name>
      </input_file>
      <input_file id="fl-5">
         <path>.\</path>
         <kind>object</kind>
         <file>dc_motor.obj</file>
         <name>dc_motor.obj</name>
      </input_file>
      <input_file id="fl-6">
         <path>.\</path>
         <kind>object</kind>
         <file>gpio.obj</file>
         <name>gpio.obj</name>
      </input_file>
      <input_file id="fl-7">
         <path>.\</path>
         <kind>object</kind>
         <file>hw_timer.obj</file>
         <name>hw_timer.obj</name>
      </input_file>
      <input_file id="fl-8">
         <path>.\</path>
         <kind>object</kind>
         <file>inputCapture.obj</file>
         <name>inputCapture.obj</name>
      </input_file>
      <input_file id="fl-9">
         <path>.\</path>
         <kind>object</kind>
         <file>joystick_2.obj</file>
         <name>joystick_2.obj</name>
      </input_file>
      <input_file id="fl-a">
         <path>.\</path>
         <kind>object</kind>
         <file>main.obj</file>
         <name>main.obj</name>
      </input_file>
      <input_file id="fl-b">
         <path>.\</path>
         <kind>object</kind>
         <file>mcp2515.obj</file>
         <name>mcp2515.obj</name>
      </input_file>
      <input_file id="fl-c">
         <path>.\</path>
         <kind>object</kind>
         <file>optoacoplador.obj</file>
         <name>optoacoplador.obj</name>
      </input_file>
      <input_file id="fl-d">
         <path>.\</path>
         <kind>object</kind>
         <file>pwm.obj</file>
         <name>pwm.obj</name>
      </input_file>
      <input_file id="fl-e">
         <path>.\</path>
         <kind>object</kind>
         <file>rti.obj</file>
         <name>rti.obj</name>
      </input_file>
      <input_file id="fl-f">
         <path>.\</path>
         <kind>object</kind>
         <file>servo.obj</file>
         <name>servo.obj</name>
      </input_file>
      <input_file id="fl-10">
         <path>.\</path>
         <kind>object</kind>
         <file>spi.obj</file>
         <name>spi.obj</name>
      </input_file>
      <input_file id="fl-11">
         <path>.\</path>
         <kind>object</kind>
         <file>system.obj</file>
         <name>system.obj</name>
      </input_file>
      <input_file id="fl-12">
         <path>.\</path>
         <kind>object</kind>
         <file>uart.obj</file>
         <name>uart.obj</name>
      </input_file>
      <input_file id="fl-17">
         <kind>object</kind>
         <file>&lt;internal&gt;</file>
         <name>&lt;internal&gt;</name>
      </input_file>
      <input_file id="fl-2d">
         <path>C:\Users\marco\OneDrive\Documents\ITBA\Micros y Control\CCStudio\ccs\tools\compiler\ti-cgt-msp430_18.12.1.LTS\lib\</path>
         <kind>archive</kind>
         <file>rts430_eabi.lib</file>
         <name>asr16.asm.obj</name>
      </input_file>
      <input_file id="fl-2e">
         <path>C:\Users\marco\OneDrive\Documents\ITBA\Micros y Control\CCStudio\ccs\tools\compiler\ti-cgt-msp430_18.12.1.LTS\lib\</path>
         <kind>archive</kind>
         <file>rts430_eabi.lib</file>
         <name>div16s.asm.obj</name>
      </input_file>
      <input_file id="fl-2f">
         <path>C:\Users\marco\OneDrive\Documents\ITBA\Micros y Control\CCStudio\ccs\tools\compiler\ti-cgt-msp430_18.12.1.LTS\lib\</path>
         <kind>archive</kind>
         <file>rts430_eabi.lib</file>
         <name>div16u.asm.obj</name>
      </input_file>
      <input_file id="fl-30">
         <path>C:\Users\marco\OneDrive\Documents\ITBA\Micros y Control\CCStudio\ccs\tools\compiler\ti-cgt-msp430_18.12.1.LTS\lib\</path>
         <kind>archive</kind>
         <file>rts430_eabi.lib</file>
         <name>div32u.asm.obj</name>
      </input_file>
      <input_file id="fl-31">
         <path>C:\Users\marco\OneDrive\Documents\ITBA\Micros y Control\CCStudio\ccs\tools\compiler\ti-cgt-msp430_18.12.1.LTS\lib\</path>
         <kind>archive</kind>
         <file>rts430_eabi.lib</file>
         <name>epilog.asm.obj</name>
      </input_file>
      <input_file id="fl-32">
         <path>C:\Users\marco\OneDrive\Documents\ITBA\Micros y Control\CCStudio\ccs\tools\compiler\ti-cgt-msp430_18.12.1.LTS\lib\</path>
         <kind>archive</kind>
         <file>rts430_eabi.lib</file>
         <name>int00.asm.obj</name>
      </input_file>
      <input_file id="fl-33">
         <path>C:\Users\marco\OneDrive\Documents\ITBA\Micros y Control\CCStudio\ccs\tools\compiler\ti-cgt-msp430_18.12.1.LTS\lib\</path>
         <kind>archive</kind>
         <file>rts430_eabi.lib</file>
         <name>int03.asm.obj</name>
      </input_file>
      <input_file id="fl-34">
         <path>C:\Users\marco\OneDrive\Documents\ITBA\Micros y Control\CCStudio\ccs\tools\compiler\ti-cgt-msp430_18.12.1.LTS\lib\</path>
         <kind>archive</kind>
         <file>rts430_eabi.lib</file>
         <name>int05.asm.obj</name>
      </input_file>
      <input_file id="fl-35">
         <path>C:\Users\marco\OneDrive\Documents\ITBA\Micros y Control\CCStudio\ccs\tools\compiler\ti-cgt-msp430_18.12.1.LTS\lib\</path>
         <kind>archive</kind>
         <file>rts430_eabi.lib</file>
         <name>int08.asm.obj</name>
      </input_file>
      <input_file id="fl-36">
         <path>C:\Users\marco\OneDrive\Documents\ITBA\Micros y Control\CCStudio\ccs\tools\compiler\ti-cgt-msp430_18.12.1.LTS\lib\</path>
         <kind>archive</kind>
         <file>rts430_eabi.lib</file>
         <name>int11.asm.obj</name>
      </input_file>
      <input_file id="fl-37">
         <path>C:\Users\marco\OneDrive\Documents\ITBA\Micros y Control\CCStudio\ccs\tools\compiler\ti-cgt-msp430_18.12.1.LTS\lib\</path>
         <kind>archive</kind>
         <file>rts430_eabi.lib</file>
         <name>int14.asm.obj</name>
      </input_file>
      <input_file id="fl-38">
         <path>C:\Users\marco\OneDrive\Documents\ITBA\Micros y Control\CCStudio\ccs\tools\compiler\ti-cgt-msp430_18.12.1.LTS\lib\</path>
         <kind>archive</kind>
         <file>rts430_eabi.lib</file>
         <name>isr_trap.asm.obj</name>
      </input_file>
      <input_file id="fl-39">
         <path>C:\Users\marco\OneDrive\Documents\ITBA\Micros y Control\CCStudio\ccs\tools\compiler\ti-cgt-msp430_18.12.1.LTS\lib\</path>
         <kind>archive</kind>
         <file>rts430_eabi.lib</file>
         <name>lsl16.asm.obj</name>
      </input_file>
      <input_file id="fl-3a">
         <path>C:\Users\marco\OneDrive\Documents\ITBA\Micros y Control\CCStudio\ccs\tools\compiler\ti-cgt-msp430_18.12.1.LTS\lib\</path>
         <kind>archive</kind>
         <file>rts430_eabi.lib</file>
         <name>lsr16.asm.obj</name>
      </input_file>
      <input_file id="fl-3b">
         <path>C:\Users\marco\OneDrive\Documents\ITBA\Micros y Control\CCStudio\ccs\tools\compiler\ti-cgt-msp430_18.12.1.LTS\lib\</path>
         <kind>archive</kind>
         <file>rts430_eabi.lib</file>
         <name>mult16.asm.obj</name>
      </input_file>
      <input_file id="fl-3c">
         <path>C:\Users\marco\OneDrive\Documents\ITBA\Micros y Control\CCStudio\ccs\tools\compiler\ti-cgt-msp430_18.12.1.LTS\lib\</path>
         <kind>archive</kind>
         <file>rts430_eabi.lib</file>
         <name>mult32.asm.obj</name>
      </input_file>
      <input_file id="fl-3d">
         <path>C:\Users\marco\OneDrive\Documents\ITBA\Micros y Control\CCStudio\ccs\tools\compiler\ti-cgt-msp430_18.12.1.LTS\lib\</path>
         <kind>archive</kind>
         <file>rts430_eabi.lib</file>
         <name>boot.c.obj</name>
      </input_file>
      <input_file id="fl-3e">
         <path>C:\Users\marco\OneDrive\Documents\ITBA\Micros y Control\CCStudio\ccs\tools\compiler\ti-cgt-msp430_18.12.1.LTS\lib\</path>
         <kind>archive</kind>
         <file>rts430_eabi.lib</file>
         <name>autoinit.c.obj</name>
      </input_file>
      <input_file id="fl-3f">
         <path>C:\Users\marco\OneDrive\Documents\ITBA\Micros y Control\CCStudio\ccs\tools\compiler\ti-cgt-msp430_18.12.1.LTS\lib\</path>
         <kind>archive</kind>
         <file>rts430_eabi.lib</file>
         <name>copy_zero_init.c.obj</name>
      </input_file>
      <input_file id="fl-40">
         <path>C:\Users\marco\OneDrive\Documents\ITBA\Micros y Control\CCStudio\ccs\tools\compiler\ti-cgt-msp430_18.12.1.LTS\lib\</path>
         <kind>archive</kind>
         <file>rts430_eabi.lib</file>
         <name>cpy_tbl.c.obj</name>
      </input_file>
      <input_file id="fl-41">
         <path>C:\Users\marco\OneDrive\Documents\ITBA\Micros y Control\CCStudio\ccs\tools\compiler\ti-cgt-msp430_18.12.1.LTS\lib\</path>
         <kind>archive</kind>
         <file>rts430_eabi.lib</file>
         <name>mpu_init.c.obj</name>
      </input_file>
      <input_file id="fl-42">
         <path>C:\Users\marco\OneDrive\Documents\ITBA\Micros y Control\CCStudio\ccs\tools\compiler\ti-cgt-msp430_18.12.1.LTS\lib\</path>
         <kind>archive</kind>
         <file>rts430_eabi.lib</file>
         <name>pre_init.c.obj</name>
      </input_file>
      <input_file id="fl-43">
         <path>C:\Users\marco\OneDrive\Documents\ITBA\Micros y Control\CCStudio\ccs\tools\compiler\ti-cgt-msp430_18.12.1.LTS\lib\</path>
         <kind>archive</kind>
         <file>rts430_eabi.lib</file>
         <name>startup.c.obj</name>
      </input_file>
      <input_file id="fl-44">
         <path>C:\Users\marco\OneDrive\Documents\ITBA\Micros y Control\CCStudio\ccs\tools\compiler\ti-cgt-msp430_18.12.1.LTS\lib\</path>
         <kind>archive</kind>
         <file>rts430_eabi.lib</file>
         <name>copy_decompress_none.c.obj</name>
      </input_file>
      <input_file id="fl-45">
         <path>C:\Users\marco\OneDrive\Documents\ITBA\Micros y Control\CCStudio\ccs\tools\compiler\ti-cgt-msp430_18.12.1.LTS\lib\</path>
         <kind>archive</kind>
         <file>rts430_eabi.lib</file>
         <name>copy_decompress_lzss.c.obj</name>
      </input_file>
      <input_file id="fl-46">
         <path>C:\Users\marco\OneDrive\Documents\ITBA\Micros y Control\CCStudio\ccs\tools\compiler\ti-cgt-msp430_18.12.1.LTS\lib\</path>
         <kind>archive</kind>
         <file>rts430_eabi.lib</file>
         <name>exit.c.obj</name>
      </input_file>
      <input_file id="fl-47">
         <path>C:\Users\marco\OneDrive\Documents\ITBA\Micros y Control\CCStudio\ccs\tools\compiler\ti-cgt-msp430_18.12.1.LTS\lib\</path>
         <kind>archive</kind>
         <file>rts430_eabi.lib</file>
         <name>_lock.c.obj</name>
      </input_file>
      <input_file id="fl-48">
         <path>C:\Users\marco\OneDrive\Documents\ITBA\Micros y Control\CCStudio\ccs\tools\compiler\ti-cgt-msp430_18.12.1.LTS\lib\</path>
         <kind>archive</kind>
         <file>rts430_eabi.lib</file>
         <name>args_main.c.obj</name>
      </input_file>
      <input_file id="fl-49">
         <path>C:\Users\marco\OneDrive\Documents\ITBA\Micros y Control\CCStudio\ccs\tools\compiler\ti-cgt-msp430_18.12.1.LTS\lib\</path>
         <kind>archive</kind>
         <file>rts430_eabi.lib</file>
         <name>memcpy.c.obj</name>
      </input_file>
      <input_file id="fl-4a">
         <path>C:\Users\marco\OneDrive\Documents\ITBA\Micros y Control\CCStudio\ccs\tools\compiler\ti-cgt-msp430_18.12.1.LTS\lib\</path>
         <kind>archive</kind>
         <file>rts430_eabi.lib</file>
         <name>memset.c.obj</name>
      </input_file>
      <input_file id="fl-4b">
         <path>C:\Users\marco\OneDrive\Documents\ITBA\Micros y Control\CCStudio\ccs\tools\compiler\ti-cgt-msp430_18.12.1.LTS\lib\</path>
         <kind>archive</kind>
         <file>rts430_eabi.lib</file>
         <name>exit_gvars.c.obj</name>
      </input_file>
   </input_file_list>
   <object_component_list>
      <object_component id="oc-33d">
         <name>.bss:can_a_enviar</name>
         <uninitialized>true</uninitialized>
         <run_address>0x2a0</run_address>
         <size>0x10</size>
         <input_file_ref idref="fl-4"/>
      </object_component>
      <object_component id="oc-161">
         <name>.bss:can_a_recibir</name>
         <uninitialized>true</uninitialized>
         <run_address>0x2b0</run_address>
         <size>0x10</size>
         <input_file_ref idref="fl-4"/>
      </object_component>
      <object_component id="oc-16a">
         <name>.bss</name>
         <uninitialized>true</uninitialized>
         <run_address>0x2cf</run_address>
         <size>0x1</size>
         <input_file_ref idref="fl-4"/>
      </object_component>
      <object_component id="oc-184">
         <name>.bss</name>
         <uninitialized>true</uninitialized>
         <run_address>0x2c0</run_address>
         <size>0xa</size>
         <input_file_ref idref="fl-7"/>
      </object_component>
      <object_component id="oc-429">
         <name>.bss:t_periodo_copy</name>
         <uninitialized>true</uninitialized>
         <run_address>0x2d4</run_address>
         <size>0x4</size>
         <input_file_ref idref="fl-d"/>
      </object_component>
      <object_component id="oc-42c">
         <name>.bss:t_on_copy</name>
         <uninitialized>true</uninitialized>
         <run_address>0x2d0</run_address>
         <size>0x4</size>
         <input_file_ref idref="fl-d"/>
      </object_component>
      <object_component id="oc-431">
         <name>.bss:t_periodo_flag</name>
         <uninitialized>true</uninitialized>
         <run_address>0x2de</run_address>
         <size>0x2</size>
         <input_file_ref idref="fl-d"/>
      </object_component>
      <object_component id="oc-434">
         <name>.bss:t_on_flag</name>
         <uninitialized>true</uninitialized>
         <run_address>0x2dc</run_address>
         <size>0x2</size>
         <input_file_ref idref="fl-d"/>
      </object_component>
      <object_component id="oc-201">
         <name>.bss:rtiCallback</name>
         <uninitialized>true</uninitialized>
         <run_address>0x28c</run_address>
         <size>0x14</size>
         <input_file_ref idref="fl-e"/>
      </object_component>
      <object_component id="oc-204">
         <name>.bss:callbackTime</name>
         <uninitialized>true</uninitialized>
         <run_address>0x278</run_address>
         <size>0x14</size>
         <input_file_ref idref="fl-e"/>
      </object_component>
      <object_component id="oc-1fe">
         <name>.bss:callbackCounter</name>
         <uninitialized>true</uninitialized>
         <run_address>0x264</run_address>
         <size>0x14</size>
         <input_file_ref idref="fl-e"/>
      </object_component>
      <object_component id="oc-1fb">
         <name>.bss</name>
         <uninitialized>true</uninitialized>
         <run_address>0x2db</run_address>
         <size>0x1</size>
         <input_file_ref idref="fl-e"/>
      </object_component>
      <object_component id="oc-361">
         <name>.bss</name>
         <uninitialized>true</uninitialized>
         <run_address>0x2d8</run_address>
         <size>0x3</size>
         <input_file_ref idref="fl-f"/>
      </object_component>
      <object_component id="oc-1e7">
         <name>.bss:transmit_buffer</name>
         <uninitialized>true</uninitialized>
         <run_address>0x232</run_address>
         <size>0x32</size>
         <input_file_ref idref="fl-12"/>
      </object_component>
      <object_component id="oc-1f7">
         <name>.bss:receive_buffer</name>
         <uninitialized>true</uninitialized>
         <run_address>0x200</run_address>
         <size>0x32</size>
         <input_file_ref idref="fl-12"/>
      </object_component>
      <object_component id="oc-1e4">
         <name>.bss</name>
         <uninitialized>true</uninitialized>
         <run_address>0x2ca</run_address>
         <size>0x5</size>
         <input_file_ref idref="fl-12"/>
      </object_component>
      <object_component id="oc-353">
         <name>.common:zeroJoystick</name>
         <uninitialized>true</uninitialized>
         <run_address>0x2e0</run_address>
         <size>0x2</size>
      </object_component>
      <object_component id="oc-273">
         <name>.common:cycle_flag</name>
         <uninitialized>true</uninitialized>
         <run_address>0x2e2</run_address>
         <size>0x1</size>
      </object_component>
      <object_component id="oc-3fc">
         <name>.data</name>
         <load_address>0x2e6</load_address>
         <run_address>0x2e6</run_address>
         <size>0x1</size>
         <input_file_ref idref="fl-2"/>
      </object_component>
      <object_component id="oc-476">
         <name>.data:yaInit$1</name>
         <load_address>0x2e4</load_address>
         <run_address>0x2e4</run_address>
         <size>0x2</size>
         <input_file_ref idref="fl-7"/>
      </object_component>
      <object_component id="oc-207">
         <name>.data</name>
         <load_address>0x2e7</load_address>
         <run_address>0x2e7</run_address>
         <size>0x1</size>
         <input_file_ref idref="fl-e"/>
      </object_component>
      <object_component id="oc-31d">
         <name>.data</name>
         <load_address>0x2e8</load_address>
         <run_address>0x2e8</run_address>
         <size>0x1</size>
         <input_file_ref idref="fl-11"/>
      </object_component>
      <object_component id="oc-b1">
         <name>.stack</name>
         <uninitialized>true</uninitialized>
         <run_address>0x3b0</run_address>
         <size>0x2</size>
         <input_file_ref idref="fl-3d"/>
      </object_component>
      <object_component id="oc-4e9">
         <name>.stack</name>
         <uninitialized>true</uninitialized>
         <run_address>0x3b0</run_address>
         <size>0x0</size>
      </object_component>
      <object_component id="oc-417">
         <name>.text:hwSetTimer</name>
         <load_address>0xc000</load_address>
         <run_address>0xc000</run_address>
         <size>0x4ea</size>
         <input_file_ref idref="fl-7"/>
      </object_component>
      <object_component id="oc-197">
         <name>.text:main</name>
         <load_address>0xc4ea</load_address>
         <run_address>0xc4ea</run_address>
         <size>0x1e2</size>
         <input_file_ref idref="fl-a"/>
      </object_component>
      <object_component id="oc-239">
         <name>.text:gpioMode</name>
         <load_address>0xc6cc</load_address>
         <run_address>0xc6cc</run_address>
         <size>0x10c</size>
         <input_file_ref idref="fl-6"/>
      </object_component>
      <object_component id="oc-32a">
         <name>.text:setRTI</name>
         <load_address>0xc7d8</load_address>
         <run_address>0xc7d8</run_address>
         <size>0xe6</size>
         <input_file_ref idref="fl-11"/>
      </object_component>
      <object_component id="oc-337">
         <name>.text:MCP2515_init</name>
         <load_address>0xc8be</load_address>
         <run_address>0xc8be</run_address>
         <size>0xb0</size>
         <input_file_ref idref="fl-b"/>
      </object_component>
      <object_component id="oc-364">
         <name>.text:pwmInit</name>
         <load_address>0xc96e</load_address>
         <run_address>0xc96e</run_address>
         <size>0x92</size>
         <input_file_ref idref="fl-d"/>
      </object_component>
      <object_component id="oc-34">
         <name>.text:decompress:lzss:__TI_decompress_lzss</name>
         <load_address>0xca00</load_address>
         <run_address>0xca00</run_address>
         <size>0x7c</size>
         <input_file_ref idref="fl-45"/>
      </object_component>
      <object_component id="oc-43b">
         <name>.text:MCP2515_write_id</name>
         <load_address>0xca7c</load_address>
         <run_address>0xca7c</run_address>
         <size>0x7a</size>
         <input_file_ref idref="fl-b"/>
      </object_component>
      <object_component id="oc-27c">
         <name>.text:num2str</name>
         <load_address>0xcaf6</load_address>
         <run_address>0xcaf6</run_address>
         <size>0x6a</size>
         <input_file_ref idref="fl-a"/>
      </object_component>
      <object_component id="oc-39e">
         <name>.text:MCP2515_can_tx0</name>
         <load_address>0xcb60</load_address>
         <run_address>0xcb60</run_address>
         <size>0x66</size>
         <input_file_ref idref="fl-b"/>
      </object_component>
      <object_component id="oc-1c3">
         <name>.text:MCP2515_read_id</name>
         <load_address>0xcbc6</load_address>
         <run_address>0xcbc6</run_address>
         <size>0x66</size>
         <input_file_ref idref="fl-b"/>
      </object_component>
      <object_component id="oc-164">
         <name>.text:MCP2515_can_rx0</name>
         <load_address>0xcc2c</load_address>
         <run_address>0xcc2c</run_address>
         <size>0x64</size>
         <input_file_ref idref="fl-b"/>
      </object_component>
      <object_component id="oc-23f">
         <name>.text:gpioWrite</name>
         <load_address>0xcc90</load_address>
         <run_address>0xcc90</run_address>
         <size>0x60</size>
         <input_file_ref idref="fl-6"/>
      </object_component>
      <object_component id="oc-3ec">
         <name>.text:SPI_init</name>
         <load_address>0xccf0</load_address>
         <run_address>0xccf0</run_address>
         <size>0x58</size>
         <input_file_ref idref="fl-10"/>
      </object_component>
      <object_component id="oc-35c">
         <name>.text</name>
         <load_address>0xcd48</load_address>
         <run_address>0xcd48</run_address>
         <size>0x58</size>
         <input_file_ref idref="fl-30"/>
      </object_component>
      <object_component id="oc-282">
         <name>.text:num2str_phi</name>
         <load_address>0xcda0</load_address>
         <run_address>0xcda0</run_address>
         <size>0x52</size>
         <input_file_ref idref="fl-a"/>
      </object_component>
      <object_component id="oc-227">
         <name>.text:servoInit</name>
         <load_address>0xcdf2</load_address>
         <run_address>0xcdf2</run_address>
         <size>0x50</size>
         <input_file_ref idref="fl-f"/>
      </object_component>
      <object_component id="oc-ba">
         <name>.text</name>
         <load_address>0xce42</load_address>
         <run_address>0xce42</run_address>
         <size>0x4c</size>
         <input_file_ref idref="fl-3a"/>
      </object_component>
      <object_component id="oc-324">
         <name>.text:setCLK</name>
         <load_address>0xce8e</load_address>
         <run_address>0xce8e</run_address>
         <size>0x4a</size>
         <input_file_ref idref="fl-11"/>
      </object_component>
      <object_component id="oc-441">
         <name>.text:MCP2515_write_many_registers</name>
         <load_address>0xced8</load_address>
         <run_address>0xced8</run_address>
         <size>0x46</size>
         <input_file_ref idref="fl-b"/>
      </object_component>
      <object_component id="oc-17c">
         <name>.text:recorrerCallbacks</name>
         <load_address>0xcf1e</load_address>
         <run_address>0xcf1e</run_address>
         <size>0x46</size>
         <input_file_ref idref="fl-e"/>
      </object_component>
      <object_component id="oc-267">
         <name>.text:str2num</name>
         <load_address>0xcf64</load_address>
         <run_address>0xcf64</run_address>
         <size>0x44</size>
         <input_file_ref idref="fl-a"/>
      </object_component>
      <object_component id="oc-2ee">
         <name>.text:MCP2515_bit_modify</name>
         <load_address>0xcfa8</load_address>
         <run_address>0xcfa8</run_address>
         <size>0x42</size>
         <input_file_ref idref="fl-b"/>
      </object_component>
      <object_component id="oc-2ad">
         <name>.text:__TI_auto_init_nobinit_nopinit:__TI_auto_init_nobinit_nopinit</name>
         <load_address>0xcfea</load_address>
         <run_address>0xcfea</run_address>
         <size>0x42</size>
         <input_file_ref idref="fl-3e"/>
      </object_component>
      <object_component id="oc-261">
         <name>.text:str2num_phi</name>
         <load_address>0xd02c</load_address>
         <run_address>0xd02c</run_address>
         <size>0x42</size>
         <input_file_ref idref="fl-a"/>
      </object_component>
      <object_component id="oc-233">
         <name>.text:rtiSubmitCallback</name>
         <load_address>0xd06e</load_address>
         <run_address>0xd06e</run_address>
         <size>0x40</size>
         <input_file_ref idref="fl-e"/>
      </object_component>
      <object_component id="oc-21b">
         <name>.text:commsInit</name>
         <load_address>0xd0ae</load_address>
         <run_address>0xd0ae</run_address>
         <size>0x3a</size>
         <input_file_ref idref="fl-4"/>
      </object_component>
      <object_component id="oc-26d">
         <name>.text:gpioToggle</name>
         <load_address>0xd0e8</load_address>
         <run_address>0xd0e8</run_address>
         <size>0x3a</size>
         <input_file_ref idref="fl-6"/>
      </object_component>
      <object_component id="oc-24f">
         <name>.text:servoWrite</name>
         <load_address>0xd122</load_address>
         <run_address>0xd122</run_address>
         <size>0x38</size>
         <input_file_ref idref="fl-f"/>
      </object_component>
      <object_component id="oc-391">
         <name>.text:uartWriteString</name>
         <load_address>0xd15a</load_address>
         <run_address>0xd15a</run_address>
         <size>0x38</size>
         <input_file_ref idref="fl-12"/>
      </object_component>
      <object_component id="oc-16e">
         <name>.text:uart_transmit_rti</name>
         <load_address>0xd192</load_address>
         <run_address>0xd192</run_address>
         <size>0x38</size>
         <input_file_ref idref="fl-12"/>
      </object_component>
      <object_component id="oc-2f5">
         <name>.text:MCP2515_write</name>
         <load_address>0xd1ca</load_address>
         <run_address>0xd1ca</run_address>
         <size>0x36</size>
         <input_file_ref idref="fl-b"/>
      </object_component>
      <object_component id="oc-1c9">
         <name>.text:MCP2515_read</name>
         <load_address>0xd200</load_address>
         <run_address>0xd200</run_address>
         <size>0x34</size>
         <input_file_ref idref="fl-b"/>
      </object_component>
      <object_component id="oc-37b">
         <name>.text:pwmWrite</name>
         <load_address>0xd234</load_address>
         <run_address>0xd234</run_address>
         <size>0x32</size>
         <input_file_ref idref="fl-d"/>
      </object_component>
      <object_component id="oc-331">
         <name>.text:uartInit</name>
         <load_address>0xd266</load_address>
         <run_address>0xd266</run_address>
         <size>0x32</size>
         <input_file_ref idref="fl-12"/>
      </object_component>
      <object_component id="oc-340">
         <name>.text:MCP2515_CanVariable_init</name>
         <load_address>0xd298</load_address>
         <run_address>0xd298</run_address>
         <size>0x30</size>
         <input_file_ref idref="fl-b"/>
      </object_component>
      <object_component id="oc-e1">
         <name>.text:Port_1</name>
         <load_address>0xd2c8</load_address>
         <run_address>0xd2c8</run_address>
         <size>0x30</size>
         <input_file_ref idref="fl-4"/>
      </object_component>
      <object_component id="oc-405">
         <name>.text:hwTimerInit</name>
         <load_address>0xd2f8</load_address>
         <run_address>0xd2f8</run_address>
         <size>0x30</size>
         <input_file_ref idref="fl-7"/>
      </object_component>
      <object_component id="oc-175">
         <name>.text:uart_receive_rti</name>
         <load_address>0xd328</load_address>
         <run_address>0xd328</run_address>
         <size>0x30</size>
         <input_file_ref idref="fl-12"/>
      </object_component>
      <object_component id="oc-347">
         <name>.text:adcInit</name>
         <load_address>0xd358</load_address>
         <run_address>0xd358</run_address>
         <size>0x2e</size>
         <input_file_ref idref="fl-2"/>
      </object_component>
      <object_component id="oc-2e1">
         <name>.text</name>
         <load_address>0xd386</load_address>
         <run_address>0xd386</run_address>
         <size>0x2c</size>
         <input_file_ref idref="fl-2d"/>
      </object_component>
      <object_component id="oc-384">
         <name>.text</name>
         <load_address>0xd3b2</load_address>
         <run_address>0xd3b2</run_address>
         <size>0x2c</size>
         <input_file_ref idref="fl-2e"/>
      </object_component>
      <object_component id="oc-b5">
         <name>.text</name>
         <load_address>0xd3de</load_address>
         <run_address>0xd3de</run_address>
         <size>0x2c</size>
         <input_file_ref idref="fl-39"/>
      </object_component>
      <object_component id="oc-25b">
         <name>.text:uartRead</name>
         <load_address>0xd40a</load_address>
         <run_address>0xd40a</run_address>
         <size>0x2a</size>
         <input_file_ref idref="fl-12"/>
      </object_component>
      <object_component id="oc-357">
         <name>.text</name>
         <load_address>0xd434</load_address>
         <run_address>0xd434</run_address>
         <size>0x26</size>
         <input_file_ref idref="fl-3c"/>
      </object_component>
      <object_component id="oc-215">
         <name>.text:systemInit</name>
         <load_address>0xd45a</load_address>
         <run_address>0xd45a</run_address>
         <size>0x24</size>
         <input_file_ref idref="fl-11"/>
      </object_component>
      <object_component id="oc-28e">
         <name>.text:CANSend</name>
         <load_address>0xd47e</load_address>
         <run_address>0xd47e</run_address>
         <size>0x22</size>
         <input_file_ref idref="fl-4"/>
      </object_component>
      <object_component id="oc-3f2">
         <name>.text:MCP2515_reset</name>
         <load_address>0xd4a0</load_address>
         <run_address>0xd4a0</run_address>
         <size>0x22</size>
         <input_file_ref idref="fl-b"/>
      </object_component>
      <object_component id="oc-ff">
         <name>.text:isr_Timer1_CCR1</name>
         <load_address>0xd4c2</load_address>
         <run_address>0xd4c2</run_address>
         <size>0x20</size>
         <input_file_ref idref="fl-7"/>
      </object_component>
      <object_component id="oc-ed">
         <name>.text:isr_receive</name>
         <load_address>0xd4e2</load_address>
         <run_address>0xd4e2</run_address>
         <size>0x20</size>
         <input_file_ref idref="fl-12"/>
      </object_component>
      <object_component id="oc-e7">
         <name>.text:isr_transmit</name>
         <load_address>0xd502</load_address>
         <run_address>0xd502</run_address>
         <size>0x20</size>
         <input_file_ref idref="fl-12"/>
      </object_component>
      <object_component id="oc-11d">
         <name>.text:_c_int00_noargs</name>
         <load_address>0xd522</load_address>
         <run_address>0xd522</run_address>
         <size>0x1c</size>
         <input_file_ref idref="fl-3d"/>
      </object_component>
      <object_component id="oc-105">
         <name>.text:isr_Timer1_CCR0</name>
         <load_address>0xd53e</load_address>
         <run_address>0xd53e</run_address>
         <size>0x1a</size>
         <input_file_ref idref="fl-7"/>
      </object_component>
      <object_component id="oc-f3">
         <name>.text:rti_isr_timerA0</name>
         <load_address>0xd558</load_address>
         <run_address>0xd558</run_address>
         <size>0x1a</size>
         <input_file_ref idref="fl-e"/>
      </object_component>
      <object_component id="oc-f9">
         <name>.text:rti_isr_wdt</name>
         <load_address>0xd572</load_address>
         <run_address>0xd572</run_address>
         <size>0x1a</size>
         <input_file_ref idref="fl-e"/>
      </object_component>
      <object_component id="oc-29a">
         <name>.text:CANReceive</name>
         <load_address>0xd58c</load_address>
         <run_address>0xd58c</run_address>
         <size>0x18</size>
         <input_file_ref idref="fl-4"/>
      </object_component>
      <object_component id="oc-245">
         <name>.text</name>
         <load_address>0xd5a4</load_address>
         <run_address>0xd5a4</run_address>
         <size>0x16</size>
         <input_file_ref idref="fl-2f"/>
      </object_component>
      <object_component id="oc-411">
         <name>.text:update_t_on0</name>
         <load_address>0xd5ba</load_address>
         <run_address>0xd5ba</run_address>
         <size>0x16</size>
         <input_file_ref idref="fl-d"/>
      </object_component>
      <object_component id="oc-423">
         <name>.text:update_t_on1</name>
         <load_address>0xd5d0</load_address>
         <run_address>0xd5d0</run_address>
         <size>0x16</size>
         <input_file_ref idref="fl-d"/>
      </object_component>
      <object_component id="oc-40b">
         <name>.text:update_t_periodo0</name>
         <load_address>0xd5e6</load_address>
         <run_address>0xd5e6</run_address>
         <size>0x16</size>
         <input_file_ref idref="fl-d"/>
      </object_component>
      <object_component id="oc-41d">
         <name>.text:update_t_periodo1</name>
         <load_address>0xd5fc</load_address>
         <run_address>0xd5fc</run_address>
         <size>0x16</size>
         <input_file_ref idref="fl-d"/>
      </object_component>
      <object_component id="oc-10b">
         <name>.text:decompress:ZI:__TI_zero_init_nomemset:__TI_zero_init_nomemset</name>
         <load_address>0xd612</load_address>
         <run_address>0xd612</run_address>
         <size>0x14</size>
         <input_file_ref idref="fl-3f"/>
      </object_component>
      <object_component id="oc-24a">
         <name>.text</name>
         <load_address>0xd626</load_address>
         <run_address>0xd626</run_address>
         <size>0x14</size>
         <input_file_ref idref="fl-3b"/>
      </object_component>
      <object_component id="oc-34d">
         <name>.text:adcRead</name>
         <load_address>0xd63a</load_address>
         <run_address>0xd63a</run_address>
         <size>0x12</size>
         <input_file_ref idref="fl-2"/>
      </object_component>
      <object_component id="oc-3a">
         <name>.text:decompress:none:__TI_decompress_none</name>
         <load_address>0xd64c</load_address>
         <run_address>0xd64c</run_address>
         <size>0x12</size>
         <input_file_ref idref="fl-44"/>
      </object_component>
      <object_component id="oc-276">
         <name>.text:joystickRead</name>
         <load_address>0xd65e</load_address>
         <run_address>0xd65e</run_address>
         <size>0x12</size>
         <input_file_ref idref="fl-9"/>
      </object_component>
      <object_component id="oc-cf">
         <name>.text:memcpy</name>
         <load_address>0xd670</load_address>
         <run_address>0xd670</run_address>
         <size>0x12</size>
         <input_file_ref idref="fl-49"/>
      </object_component>
      <object_component id="oc-2e7">
         <name>.text:SPI_transmit</name>
         <load_address>0xd682</load_address>
         <run_address>0xd682</run_address>
         <size>0x10</size>
         <input_file_ref idref="fl-10"/>
      </object_component>
      <object_component id="oc-478">
         <name>.text:hwTimerSetCCR0</name>
         <load_address>0xd692</load_address>
         <run_address>0xd692</run_address>
         <size>0x10</size>
         <input_file_ref idref="fl-7"/>
      </object_component>
      <object_component id="oc-47f">
         <name>.text:hwTimerSetCCR1</name>
         <load_address>0xd6a2</load_address>
         <run_address>0xd6a2</run_address>
         <size>0x10</size>
         <input_file_ref idref="fl-7"/>
      </object_component>
      <object_component id="oc-bf">
         <name>.text</name>
         <load_address>0xd6b2</load_address>
         <run_address>0xd6b2</run_address>
         <size>0x10</size>
         <input_file_ref idref="fl-31"/>
      </object_component>
      <object_component id="oc-294">
         <name>.text:CANStatus</name>
         <load_address>0xd6c2</load_address>
         <run_address>0xd6c2</run_address>
         <size>0xe</size>
         <input_file_ref idref="fl-4"/>
      </object_component>
      <object_component id="oc-1cf">
         <name>.text:MCP2515_clear_rx0</name>
         <load_address>0xd6d0</load_address>
         <run_address>0xd6d0</run_address>
         <size>0xe</size>
         <input_file_ref idref="fl-b"/>
      </object_component>
      <object_component id="oc-221">
         <name>.text:joystickInit</name>
         <load_address>0xd6de</load_address>
         <run_address>0xd6de</run_address>
         <size>0xe</size>
         <input_file_ref idref="fl-9"/>
      </object_component>
      <object_component id="oc-255">
         <name>.text:uartStatus</name>
         <load_address>0xd6ec</load_address>
         <run_address>0xd6ec</run_address>
         <size>0xe</size>
         <input_file_ref idref="fl-12"/>
      </object_component>
      <object_component id="oc-1d5">
         <name>.text:MCP2515_int_clear</name>
         <load_address>0xd6fa</load_address>
         <run_address>0xd6fa</run_address>
         <size>0xc</size>
         <input_file_ref idref="fl-b"/>
      </object_component>
      <object_component id="oc-288">
         <name>.text:UARTSend</name>
         <load_address>0xd706</load_address>
         <run_address>0xd706</run_address>
         <size>0xa</size>
         <input_file_ref idref="fl-4"/>
      </object_component>
      <object_component id="oc-dc">
         <name>.text:_isr:__TI_ISR_TRAP</name>
         <load_address>0xd710</load_address>
         <run_address>0xd710</run_address>
         <size>0x8</size>
         <input_file_ref idref="fl-38"/>
      </object_component>
      <object_component id="oc-31e">
         <name>.text:stopWDT</name>
         <load_address>0xd718</load_address>
         <run_address>0xd718</run_address>
         <size>0x8</size>
         <input_file_ref idref="fl-11"/>
      </object_component>
      <object_component id="oc-2a1">
         <name>.text:abort</name>
         <load_address>0xd720</load_address>
         <run_address>0xd720</run_address>
         <size>0x6</size>
         <input_file_ref idref="fl-46"/>
      </object_component>
      <object_component id="oc-22d">
         <name>.text:setFlag</name>
         <load_address>0xd726</load_address>
         <run_address>0xd726</run_address>
         <size>0x6</size>
         <input_file_ref idref="fl-a"/>
      </object_component>
      <object_component id="oc-1f1">
         <name>.text:uartGetChar</name>
         <load_address>0xd72c</load_address>
         <run_address>0xd72c</run_address>
         <size>0x6</size>
         <input_file_ref idref="fl-12"/>
      </object_component>
      <object_component id="oc-1ea">
         <name>.text:uartPutChar</name>
         <load_address>0xd732</load_address>
         <run_address>0xd732</run_address>
         <size>0x6</size>
         <input_file_ref idref="fl-12"/>
      </object_component>
      <object_component id="oc-397">
         <name>.text:uartSend</name>
         <load_address>0xd738</load_address>
         <run_address>0xd738</run_address>
         <size>0x6</size>
         <input_file_ref idref="fl-12"/>
      </object_component>
      <object_component id="oc-191">
         <name>.text:_system_pre_init</name>
         <load_address>0xd73e</load_address>
         <run_address>0xd73e</run_address>
         <size>0x4</size>
         <input_file_ref idref="fl-42"/>
      </object_component>
      <object_component id="oc-3b9">
         <name>.text:_system_post_cinit</name>
         <load_address>0xd742</load_address>
         <run_address>0xd742</run_address>
         <size>0x2</size>
         <input_file_ref idref="fl-43"/>
      </object_component>
      <object_component id="oc-4e8">
         <name>.cinit..data.load</name>
         <load_address>0xd744</load_address>
         <run_address>0xd744</run_address>
         <size>0x7</size>
      </object_component>
      <object_component id="oc-4e5">
         <name>__TI_handler_table</name>
         <load_address>0xd74c</load_address>
         <run_address>0xd74c</run_address>
         <size>0x6</size>
      </object_component>
      <object_component id="oc-4e7">
         <name>.cinit..bss.load</name>
         <load_address>0xd752</load_address>
         <run_address>0xd752</run_address>
         <size>0x4</size>
      </object_component>
      <object_component id="oc-4e6">
         <name>__TI_cinit_table</name>
         <load_address>0xd756</load_address>
         <run_address>0xd756</run_address>
         <size>0x8</size>
      </object_component>
      <object_component id="oc-4a7">
         <name>.binit</name>
         <load_address>0xc000</load_address>
         <run_address>0xc000</run_address>
         <size>0x0</size>
      </object_component>
      <object_component id="oc-40">
         <name>.int00</name>
         <load_address>0xffe0</load_address>
         <run_address>0xffe0</run_address>
         <size>0x2</size>
         <input_file_ref idref="fl-32"/>
      </object_component>
      <object_component id="oc-41">
         <name>.int02</name>
         <load_address>0xffe4</load_address>
         <run_address>0xffe4</run_address>
         <size>0x2</size>
         <input_file_ref idref="fl-4"/>
      </object_component>
      <object_component id="oc-42">
         <name>.int03</name>
         <load_address>0xffe6</load_address>
         <run_address>0xffe6</run_address>
         <size>0x2</size>
         <input_file_ref idref="fl-33"/>
      </object_component>
      <object_component id="oc-43">
         <name>.int05</name>
         <load_address>0xffea</load_address>
         <run_address>0xffea</run_address>
         <size>0x2</size>
         <input_file_ref idref="fl-34"/>
      </object_component>
      <object_component id="oc-44">
         <name>.int06</name>
         <load_address>0xffec</load_address>
         <run_address>0xffec</run_address>
         <size>0x2</size>
         <input_file_ref idref="fl-12"/>
      </object_component>
      <object_component id="oc-45">
         <name>.int07</name>
         <load_address>0xffee</load_address>
         <run_address>0xffee</run_address>
         <size>0x2</size>
         <input_file_ref idref="fl-12"/>
      </object_component>
      <object_component id="oc-46">
         <name>.int08</name>
         <load_address>0xfff0</load_address>
         <run_address>0xfff0</run_address>
         <size>0x2</size>
         <input_file_ref idref="fl-35"/>
      </object_component>
      <object_component id="oc-47">
         <name>.int09</name>
         <load_address>0xfff2</load_address>
         <run_address>0xfff2</run_address>
         <size>0x2</size>
         <input_file_ref idref="fl-e"/>
      </object_component>
      <object_component id="oc-48">
         <name>.int10</name>
         <load_address>0xfff4</load_address>
         <run_address>0xfff4</run_address>
         <size>0x2</size>
         <input_file_ref idref="fl-e"/>
      </object_component>
      <object_component id="oc-49">
         <name>.int11</name>
         <load_address>0xfff6</load_address>
         <run_address>0xfff6</run_address>
         <size>0x2</size>
         <input_file_ref idref="fl-36"/>
      </object_component>
      <object_component id="oc-4a">
         <name>.int12</name>
         <load_address>0xfff8</load_address>
         <run_address>0xfff8</run_address>
         <size>0x2</size>
         <input_file_ref idref="fl-7"/>
      </object_component>
      <object_component id="oc-4b">
         <name>.int13</name>
         <load_address>0xfffa</load_address>
         <run_address>0xfffa</run_address>
         <size>0x2</size>
         <input_file_ref idref="fl-7"/>
      </object_component>
      <object_component id="oc-4c">
         <name>.int14</name>
         <load_address>0xfffc</load_address>
         <run_address>0xfffc</run_address>
         <size>0x2</size>
         <input_file_ref idref="fl-37"/>
      </object_component>
      <object_component id="oc-b4">
         <name>.reset</name>
         <load_address>0xfffe</load_address>
         <run_address>0xfffe</run_address>
         <size>0x2</size>
         <input_file_ref idref="fl-3d"/>
      </object_component>
      <object_component id="oc-3e0">
         <name>.debug_info</name>
         <load_address>0x0</load_address>
         <run_address>0x0</run_address>
         <size>0x1e7</size>
         <input_file_ref idref="fl-2"/>
      </object_component>
      <object_component id="oc-34e">
         <name>.debug_info</name>
         <load_address>0x1e7</load_address>
         <run_address>0x1e7</run_address>
         <size>0x12e</size>
         <input_file_ref idref="fl-2"/>
      </object_component>
      <object_component id="oc-348">
         <name>.debug_info</name>
         <load_address>0x315</load_address>
         <run_address>0x315</run_address>
         <size>0x19d</size>
         <input_file_ref idref="fl-2"/>
      </object_component>
      <object_component id="oc-2fe">
         <name>.debug_info</name>
         <load_address>0x4b2</load_address>
         <run_address>0x4b2</run_address>
         <size>0x26b</size>
         <input_file_ref idref="fl-2"/>
      </object_component>
      <object_component id="oc-ca">
         <name>.debug_info</name>
         <load_address>0x71d</load_address>
         <run_address>0x71d</run_address>
         <size>0x84</size>
         <input_file_ref idref="fl-2"/>
      </object_component>
      <object_component id="oc-303">
         <name>.debug_info</name>
         <load_address>0x7a1</load_address>
         <run_address>0x7a1</run_address>
         <size>0x275</size>
         <input_file_ref idref="fl-2"/>
      </object_component>
      <object_component id="oc-1df">
         <name>.debug_info</name>
         <load_address>0xa16</load_address>
         <run_address>0xa16</run_address>
         <size>0xbb</size>
         <input_file_ref idref="fl-2"/>
      </object_component>
      <object_component id="oc-373">
         <name>.debug_info</name>
         <load_address>0xad1</load_address>
         <run_address>0xad1</run_address>
         <size>0x2c</size>
         <input_file_ref idref="fl-2"/>
      </object_component>
      <object_component id="oc-430">
         <name>.debug_info</name>
         <load_address>0xafd</load_address>
         <run_address>0xafd</run_address>
         <size>0x230</size>
         <input_file_ref idref="fl-3"/>
      </object_component>
      <object_component id="oc-36d">
         <name>.debug_info</name>
         <load_address>0xd2d</load_address>
         <run_address>0xd2d</run_address>
         <size>0x2c</size>
         <input_file_ref idref="fl-3"/>
      </object_component>
      <object_component id="oc-2e0">
         <name>.debug_info</name>
         <load_address>0xd59</load_address>
         <run_address>0xd59</run_address>
         <size>0x364</size>
         <input_file_ref idref="fl-4"/>
      </object_component>
      <object_component id="oc-33e">
         <name>.debug_info</name>
         <load_address>0x10bd</load_address>
         <run_address>0x10bd</run_address>
         <size>0x107</size>
         <input_file_ref idref="fl-4"/>
      </object_component>
      <object_component id="oc-162">
         <name>.debug_info</name>
         <load_address>0x11c4</load_address>
         <run_address>0x11c4</run_address>
         <size>0x109</size>
         <input_file_ref idref="fl-4"/>
      </object_component>
      <object_component id="oc-16b">
         <name>.debug_info</name>
         <load_address>0x12cd</load_address>
         <run_address>0x12cd</run_address>
         <size>0x111</size>
         <input_file_ref idref="fl-4"/>
      </object_component>
      <object_component id="oc-21c">
         <name>.debug_info</name>
         <load_address>0x13de</load_address>
         <run_address>0x13de</run_address>
         <size>0x1eb</size>
         <input_file_ref idref="fl-4"/>
      </object_component>
      <object_component id="oc-28b">
         <name>.debug_info</name>
         <load_address>0x15c9</load_address>
         <run_address>0x15c9</run_address>
         <size>0x166</size>
         <input_file_ref idref="fl-4"/>
      </object_component>
      <object_component id="oc-e4">
         <name>.debug_info</name>
         <load_address>0x172f</load_address>
         <run_address>0x172f</run_address>
         <size>0x13f</size>
         <input_file_ref idref="fl-4"/>
      </object_component>
      <object_component id="oc-297">
         <name>.debug_info</name>
         <load_address>0x186e</load_address>
         <run_address>0x186e</run_address>
         <size>0x145</size>
         <input_file_ref idref="fl-4"/>
      </object_component>
      <object_component id="oc-291">
         <name>.debug_info</name>
         <load_address>0x19b3</load_address>
         <run_address>0x19b3</run_address>
         <size>0x197</size>
         <input_file_ref idref="fl-4"/>
      </object_component>
      <object_component id="oc-29d">
         <name>.debug_info</name>
         <load_address>0x1b4a</load_address>
         <run_address>0x1b4a</run_address>
         <size>0x18b</size>
         <input_file_ref idref="fl-4"/>
      </object_component>
      <object_component id="oc-1be">
         <name>.debug_info</name>
         <load_address>0x1cd5</load_address>
         <run_address>0x1cd5</run_address>
         <size>0xb6</size>
         <input_file_ref idref="fl-4"/>
      </object_component>
      <object_component id="oc-240">
         <name>.debug_info</name>
         <load_address>0x1d8b</load_address>
         <run_address>0x1d8b</run_address>
         <size>0x1f5</size>
         <input_file_ref idref="fl-6"/>
      </object_component>
      <object_component id="oc-270">
         <name>.debug_info</name>
         <load_address>0x1f80</load_address>
         <run_address>0x1f80</run_address>
         <size>0x1a9</size>
         <input_file_ref idref="fl-6"/>
      </object_component>
      <object_component id="oc-23b">
         <name>.debug_info</name>
         <load_address>0x2129</load_address>
         <run_address>0x2129</run_address>
         <size>0x2df</size>
         <input_file_ref idref="fl-6"/>
      </object_component>
      <object_component id="oc-31c">
         <name>.debug_info</name>
         <load_address>0x2408</load_address>
         <run_address>0x2408</run_address>
         <size>0x3d6</size>
         <input_file_ref idref="fl-7"/>
      </object_component>
      <object_component id="oc-185">
         <name>.debug_info</name>
         <load_address>0x27de</load_address>
         <run_address>0x27de</run_address>
         <size>0x20c</size>
         <input_file_ref idref="fl-7"/>
      </object_component>
      <object_component id="oc-100">
         <name>.debug_info</name>
         <load_address>0x29ea</load_address>
         <run_address>0x29ea</run_address>
         <size>0x14e</size>
         <input_file_ref idref="fl-7"/>
      </object_component>
      <object_component id="oc-106">
         <name>.debug_info</name>
         <load_address>0x2b38</load_address>
         <run_address>0x2b38</run_address>
         <size>0x14e</size>
         <input_file_ref idref="fl-7"/>
      </object_component>
      <object_component id="oc-480">
         <name>.debug_info</name>
         <load_address>0x2c86</load_address>
         <run_address>0x2c86</run_address>
         <size>0x198</size>
         <input_file_ref idref="fl-7"/>
      </object_component>
      <object_component id="oc-479">
         <name>.debug_info</name>
         <load_address>0x2e1e</load_address>
         <run_address>0x2e1e</run_address>
         <size>0x198</size>
         <input_file_ref idref="fl-7"/>
      </object_component>
      <object_component id="oc-406">
         <name>.debug_info</name>
         <load_address>0x2fb6</load_address>
         <run_address>0x2fb6</run_address>
         <size>0x18c</size>
         <input_file_ref idref="fl-7"/>
      </object_component>
      <object_component id="oc-418">
         <name>.debug_info</name>
         <load_address>0x3142</load_address>
         <run_address>0x3142</run_address>
         <size>0x489</size>
         <input_file_ref idref="fl-7"/>
      </object_component>
      <object_component id="oc-20d">
         <name>.debug_info</name>
         <load_address>0x35cb</load_address>
         <run_address>0x35cb</run_address>
         <size>0x2c</size>
         <input_file_ref idref="fl-7"/>
      </object_component>
      <object_component id="oc-354">
         <name>.debug_info</name>
         <load_address>0x35f7</load_address>
         <run_address>0x35f7</run_address>
         <size>0x1d1</size>
         <input_file_ref idref="fl-9"/>
      </object_component>
      <object_component id="oc-279">
         <name>.debug_info</name>
         <load_address>0x37c8</load_address>
         <run_address>0x37c8</run_address>
         <size>0x169</size>
         <input_file_ref idref="fl-9"/>
      </object_component>
      <object_component id="oc-224">
         <name>.debug_info</name>
         <load_address>0x3931</load_address>
         <run_address>0x3931</run_address>
         <size>0x16e</size>
         <input_file_ref idref="fl-9"/>
      </object_component>
      <object_component id="oc-274">
         <name>.debug_info</name>
         <load_address>0x3a9f</load_address>
         <run_address>0x3a9f</run_address>
         <size>0x489</size>
         <input_file_ref idref="fl-a"/>
      </object_component>
      <object_component id="oc-262">
         <name>.debug_info</name>
         <load_address>0x3f28</load_address>
         <run_address>0x3f28</run_address>
         <size>0x1b0</size>
         <input_file_ref idref="fl-a"/>
      </object_component>
      <object_component id="oc-268">
         <name>.debug_info</name>
         <load_address>0x40d8</load_address>
         <run_address>0x40d8</run_address>
         <size>0x183</size>
         <input_file_ref idref="fl-a"/>
      </object_component>
      <object_component id="oc-22e">
         <name>.debug_info</name>
         <load_address>0x425b</load_address>
         <run_address>0x425b</run_address>
         <size>0x127</size>
         <input_file_ref idref="fl-a"/>
      </object_component>
      <object_component id="oc-283">
         <name>.debug_info</name>
         <load_address>0x4382</load_address>
         <run_address>0x4382</run_address>
         <size>0x1e1</size>
         <input_file_ref idref="fl-a"/>
      </object_component>
      <object_component id="oc-27d">
         <name>.debug_info</name>
         <load_address>0x4563</load_address>
         <run_address>0x4563</run_address>
         <size>0x1c5</size>
         <input_file_ref idref="fl-a"/>
      </object_component>
      <object_component id="oc-198">
         <name>.debug_info</name>
         <load_address>0x4728</load_address>
         <run_address>0x4728</run_address>
         <size>0x4ea</size>
         <input_file_ref idref="fl-a"/>
      </object_component>
      <object_component id="oc-1dc">
         <name>.debug_info</name>
         <load_address>0x4c12</load_address>
         <run_address>0x4c12</run_address>
         <size>0x237</size>
         <input_file_ref idref="fl-b"/>
      </object_component>
      <object_component id="oc-444">
         <name>.debug_info</name>
         <load_address>0x4e49</load_address>
         <run_address>0x4e49</run_address>
         <size>0x200</size>
         <input_file_ref idref="fl-b"/>
      </object_component>
      <object_component id="oc-43e">
         <name>.debug_info</name>
         <load_address>0x5049</load_address>
         <run_address>0x5049</run_address>
         <size>0x221</size>
         <input_file_ref idref="fl-b"/>
      </object_component>
      <object_component id="oc-2f8">
         <name>.debug_info</name>
         <load_address>0x526a</load_address>
         <run_address>0x526a</run_address>
         <size>0x1b9</size>
         <input_file_ref idref="fl-b"/>
      </object_component>
      <object_component id="oc-1cc">
         <name>.debug_info</name>
         <load_address>0x5423</load_address>
         <run_address>0x5423</run_address>
         <size>0x199</size>
         <input_file_ref idref="fl-b"/>
      </object_component>
      <object_component id="oc-3f5">
         <name>.debug_info</name>
         <load_address>0x55bc</load_address>
         <run_address>0x55bc</run_address>
         <size>0x14f</size>
         <input_file_ref idref="fl-b"/>
      </object_component>
      <object_component id="oc-33a">
         <name>.debug_info</name>
         <load_address>0x570b</load_address>
         <run_address>0x570b</run_address>
         <size>0x23c</size>
         <input_file_ref idref="fl-b"/>
      </object_component>
      <object_component id="oc-1c6">
         <name>.debug_info</name>
         <load_address>0x5947</load_address>
         <run_address>0x5947</run_address>
         <size>0x221</size>
         <input_file_ref idref="fl-b"/>
      </object_component>
      <object_component id="oc-1d8">
         <name>.debug_info</name>
         <load_address>0x5b68</load_address>
         <run_address>0x5b68</run_address>
         <size>0x15b</size>
         <input_file_ref idref="fl-b"/>
      </object_component>
      <object_component id="oc-2f1">
         <name>.debug_info</name>
         <load_address>0x5cc3</load_address>
         <run_address>0x5cc3</run_address>
         <size>0x1fb</size>
         <input_file_ref idref="fl-b"/>
      </object_component>
      <object_component id="oc-1d2">
         <name>.debug_info</name>
         <load_address>0x5ebe</load_address>
         <run_address>0x5ebe</run_address>
         <size>0x160</size>
         <input_file_ref idref="fl-b"/>
      </object_component>
      <object_component id="oc-3a0">
         <name>.debug_info</name>
         <load_address>0x601e</load_address>
         <run_address>0x601e</run_address>
         <size>0x1d7</size>
         <input_file_ref idref="fl-b"/>
      </object_component>
      <object_component id="oc-166">
         <name>.debug_info</name>
         <load_address>0x61f5</load_address>
         <run_address>0x61f5</run_address>
         <size>0x1d8</size>
         <input_file_ref idref="fl-b"/>
      </object_component>
      <object_component id="oc-342">
         <name>.debug_info</name>
         <load_address>0x63cd</load_address>
         <run_address>0x63cd</run_address>
         <size>0x17b</size>
         <input_file_ref idref="fl-b"/>
      </object_component>
      <object_component id="oc-48b">
         <name>.debug_info</name>
         <load_address>0x6548</load_address>
         <run_address>0x6548</run_address>
         <size>0x294</size>
         <input_file_ref idref="fl-d"/>
      </object_component>
      <object_component id="oc-42a">
         <name>.debug_info</name>
         <load_address>0x67dc</load_address>
         <run_address>0x67dc</run_address>
         <size>0x109</size>
         <input_file_ref idref="fl-d"/>
      </object_component>
      <object_component id="oc-42d">
         <name>.debug_info</name>
         <load_address>0x68e5</load_address>
         <run_address>0x68e5</run_address>
         <size>0xff</size>
         <input_file_ref idref="fl-d"/>
      </object_component>
      <object_component id="oc-432">
         <name>.debug_info</name>
         <load_address>0x69e4</load_address>
         <run_address>0x69e4</run_address>
         <size>0x109</size>
         <input_file_ref idref="fl-d"/>
      </object_component>
      <object_component id="oc-435">
         <name>.debug_info</name>
         <load_address>0x6aed</load_address>
         <run_address>0x6aed</run_address>
         <size>0xff</size>
         <input_file_ref idref="fl-d"/>
      </object_component>
      <object_component id="oc-420">
         <name>.debug_info</name>
         <load_address>0x6bec</load_address>
         <run_address>0x6bec</run_address>
         <size>0x14d</size>
         <input_file_ref idref="fl-d"/>
      </object_component>
      <object_component id="oc-40e">
         <name>.debug_info</name>
         <load_address>0x6d39</load_address>
         <run_address>0x6d39</run_address>
         <size>0x14d</size>
         <input_file_ref idref="fl-d"/>
      </object_component>
      <object_component id="oc-427">
         <name>.debug_info</name>
         <load_address>0x6e86</load_address>
         <run_address>0x6e86</run_address>
         <size>0x143</size>
         <input_file_ref idref="fl-d"/>
      </object_component>
      <object_component id="oc-414">
         <name>.debug_info</name>
         <load_address>0x6fc9</load_address>
         <run_address>0x6fc9</run_address>
         <size>0x143</size>
         <input_file_ref idref="fl-d"/>
      </object_component>
      <object_component id="oc-37e">
         <name>.debug_info</name>
         <load_address>0x710c</load_address>
         <run_address>0x710c</run_address>
         <size>0x1b4</size>
         <input_file_ref idref="fl-d"/>
      </object_component>
      <object_component id="oc-368">
         <name>.debug_info</name>
         <load_address>0x72c0</load_address>
         <run_address>0x72c0</run_address>
         <size>0x25d</size>
         <input_file_ref idref="fl-d"/>
      </object_component>
      <object_component id="oc-315">
         <name>.debug_info</name>
         <load_address>0x751d</load_address>
         <run_address>0x751d</run_address>
         <size>0x18b</size>
         <input_file_ref idref="fl-e"/>
      </object_component>
      <object_component id="oc-202">
         <name>.debug_info</name>
         <load_address>0x76a8</load_address>
         <run_address>0x76a8</run_address>
         <size>0x103</size>
         <input_file_ref idref="fl-e"/>
      </object_component>
      <object_component id="oc-205">
         <name>.debug_info</name>
         <load_address>0x77ab</load_address>
         <run_address>0x77ab</run_address>
         <size>0x105</size>
         <input_file_ref idref="fl-e"/>
      </object_component>
      <object_component id="oc-1ff">
         <name>.debug_info</name>
         <load_address>0x78b0</load_address>
         <run_address>0x78b0</run_address>
         <size>0x10b</size>
         <input_file_ref idref="fl-e"/>
      </object_component>
      <object_component id="oc-208">
         <name>.debug_info</name>
         <load_address>0x79bb</load_address>
         <run_address>0x79bb</run_address>
         <size>0x105</size>
         <input_file_ref idref="fl-e"/>
      </object_component>
      <object_component id="oc-1fc">
         <name>.debug_info</name>
         <load_address>0x7ac0</load_address>
         <run_address>0x7ac0</run_address>
         <size>0xf1</size>
         <input_file_ref idref="fl-e"/>
      </object_component>
      <object_component id="oc-17d">
         <name>.debug_info</name>
         <load_address>0x7bb1</load_address>
         <run_address>0x7bb1</run_address>
         <size>0x13f</size>
         <input_file_ref idref="fl-e"/>
      </object_component>
      <object_component id="oc-fa">
         <name>.debug_info</name>
         <load_address>0x7cf0</load_address>
         <run_address>0x7cf0</run_address>
         <size>0x145</size>
         <input_file_ref idref="fl-e"/>
      </object_component>
      <object_component id="oc-f5">
         <name>.debug_info</name>
         <load_address>0x7e35</load_address>
         <run_address>0x7e35</run_address>
         <size>0x14d</size>
         <input_file_ref idref="fl-e"/>
      </object_component>
      <object_component id="oc-235">
         <name>.debug_info</name>
         <load_address>0x7f82</load_address>
         <run_address>0x7f82</run_address>
         <size>0x1a0</size>
         <input_file_ref idref="fl-e"/>
      </object_component>
      <object_component id="oc-362">
         <name>.debug_info</name>
         <load_address>0x8122</load_address>
         <run_address>0x8122</run_address>
         <size>0x123</size>
         <input_file_ref idref="fl-f"/>
      </object_component>
      <object_component id="oc-250">
         <name>.debug_info</name>
         <load_address>0x8245</load_address>
         <run_address>0x8245</run_address>
         <size>0x17d</size>
         <input_file_ref idref="fl-f"/>
      </object_component>
      <object_component id="oc-22a">
         <name>.debug_info</name>
         <load_address>0x83c2</load_address>
         <run_address>0x83c2</run_address>
         <size>0x1e3</size>
         <input_file_ref idref="fl-f"/>
      </object_component>
      <object_component id="oc-2eb">
         <name>.debug_info</name>
         <load_address>0x85a5</load_address>
         <run_address>0x85a5</run_address>
         <size>0x158</size>
         <input_file_ref idref="fl-10"/>
      </object_component>
      <object_component id="oc-3f0">
         <name>.debug_info</name>
         <load_address>0x86fd</load_address>
         <run_address>0x86fd</run_address>
         <size>0x126</size>
         <input_file_ref idref="fl-10"/>
      </object_component>
      <object_component id="oc-3ea">
         <name>.debug_info</name>
         <load_address>0x8823</load_address>
         <run_address>0x8823</run_address>
         <size>0x3a3</size>
         <input_file_ref idref="fl-11"/>
      </object_component>
      <object_component id="oc-31f">
         <name>.debug_info</name>
         <load_address>0x8bc6</load_address>
         <run_address>0x8bc6</run_address>
         <size>0x12d</size>
         <input_file_ref idref="fl-11"/>
      </object_component>
      <object_component id="oc-326">
         <name>.debug_info</name>
         <load_address>0x8cf3</load_address>
         <run_address>0x8cf3</run_address>
         <size>0x181</size>
         <input_file_ref idref="fl-11"/>
      </object_component>
      <object_component id="oc-32b">
         <name>.debug_info</name>
         <load_address>0x8e74</load_address>
         <run_address>0x8e74</run_address>
         <size>0x1c3</size>
         <input_file_ref idref="fl-11"/>
      </object_component>
      <object_component id="oc-216">
         <name>.debug_info</name>
         <load_address>0x9037</load_address>
         <run_address>0x9037</run_address>
         <size>0x229</size>
         <input_file_ref idref="fl-11"/>
      </object_component>
      <object_component id="oc-30c">
         <name>.debug_info</name>
         <load_address>0x9260</load_address>
         <run_address>0x9260</run_address>
         <size>0x285</size>
         <input_file_ref idref="fl-12"/>
      </object_component>
      <object_component id="oc-1e8">
         <name>.debug_info</name>
         <load_address>0x94e5</load_address>
         <run_address>0x94e5</run_address>
         <size>0x10c</size>
         <input_file_ref idref="fl-12"/>
      </object_component>
      <object_component id="oc-1f8">
         <name>.debug_info</name>
         <load_address>0x95f1</load_address>
         <run_address>0x95f1</run_address>
         <size>0x10a</size>
         <input_file_ref idref="fl-12"/>
      </object_component>
      <object_component id="oc-1e5">
         <name>.debug_info</name>
         <load_address>0x96fb</load_address>
         <run_address>0x96fb</run_address>
         <size>0x18e</size>
         <input_file_ref idref="fl-12"/>
      </object_component>
      <object_component id="oc-1eb">
         <name>.debug_info</name>
         <load_address>0x9889</load_address>
         <run_address>0x9889</run_address>
         <size>0x145</size>
         <input_file_ref idref="fl-12"/>
      </object_component>
      <object_component id="oc-16f">
         <name>.debug_info</name>
         <load_address>0x99ce</load_address>
         <run_address>0x99ce</run_address>
         <size>0x14d</size>
         <input_file_ref idref="fl-12"/>
      </object_component>
      <object_component id="oc-1f2">
         <name>.debug_info</name>
         <load_address>0x9b1b</load_address>
         <run_address>0x9b1b</run_address>
         <size>0x133</size>
         <input_file_ref idref="fl-12"/>
      </object_component>
      <object_component id="oc-176">
         <name>.debug_info</name>
         <load_address>0x9c4e</load_address>
         <run_address>0x9c4e</run_address>
         <size>0x14b</size>
         <input_file_ref idref="fl-12"/>
      </object_component>
      <object_component id="oc-392">
         <name>.debug_info</name>
         <load_address>0x9d99</load_address>
         <run_address>0x9d99</run_address>
         <size>0x16c</size>
         <input_file_ref idref="fl-12"/>
      </object_component>
      <object_component id="oc-256">
         <name>.debug_info</name>
         <load_address>0x9f05</load_address>
         <run_address>0x9f05</run_address>
         <size>0x144</size>
         <input_file_ref idref="fl-12"/>
      </object_component>
      <object_component id="oc-39a">
         <name>.debug_info</name>
         <load_address>0xa049</load_address>
         <run_address>0xa049</run_address>
         <size>0x129</size>
         <input_file_ref idref="fl-12"/>
      </object_component>
      <object_component id="oc-25c">
         <name>.debug_info</name>
         <load_address>0xa172</load_address>
         <run_address>0xa172</run_address>
         <size>0x15e</size>
         <input_file_ref idref="fl-12"/>
      </object_component>
      <object_component id="oc-332">
         <name>.debug_info</name>
         <load_address>0xa2d0</load_address>
         <run_address>0xa2d0</run_address>
         <size>0x153</size>
         <input_file_ref idref="fl-12"/>
      </object_component>
      <object_component id="oc-ea">
         <name>.debug_info</name>
         <load_address>0xa423</load_address>
         <run_address>0xa423</run_address>
         <size>0x14a</size>
         <input_file_ref idref="fl-12"/>
      </object_component>
      <object_component id="oc-f0">
         <name>.debug_info</name>
         <load_address>0xa56d</load_address>
         <run_address>0xa56d</run_address>
         <size>0x147</size>
         <input_file_ref idref="fl-12"/>
      </object_component>
      <object_component id="oc-2e2">
         <name>.debug_info</name>
         <load_address>0xa6b4</load_address>
         <run_address>0xa6b4</run_address>
         <size>0x124</size>
         <input_file_ref idref="fl-2d"/>
      </object_component>
      <object_component id="oc-385">
         <name>.debug_info</name>
         <load_address>0xa7d8</load_address>
         <run_address>0xa7d8</run_address>
         <size>0x139</size>
         <input_file_ref idref="fl-2e"/>
      </object_component>
      <object_component id="oc-246">
         <name>.debug_info</name>
         <load_address>0xa911</load_address>
         <run_address>0xa911</run_address>
         <size>0x125</size>
         <input_file_ref idref="fl-2f"/>
      </object_component>
      <object_component id="oc-35d">
         <name>.debug_info</name>
         <load_address>0xaa36</load_address>
         <run_address>0xaa36</run_address>
         <size>0x127</size>
         <input_file_ref idref="fl-30"/>
      </object_component>
      <object_component id="oc-c0">
         <name>.debug_info</name>
         <load_address>0xab5d</load_address>
         <run_address>0xab5d</run_address>
         <size>0x132</size>
         <input_file_ref idref="fl-31"/>
      </object_component>
      <object_component id="oc-dd">
         <name>.debug_info</name>
         <load_address>0xac8f</load_address>
         <run_address>0xac8f</run_address>
         <size>0x113</size>
         <input_file_ref idref="fl-38"/>
      </object_component>
      <object_component id="oc-b6">
         <name>.debug_info</name>
         <load_address>0xada2</load_address>
         <run_address>0xada2</run_address>
         <size>0x124</size>
         <input_file_ref idref="fl-39"/>
      </object_component>
      <object_component id="oc-bc">
         <name>.debug_info</name>
         <load_address>0xaec6</load_address>
         <run_address>0xaec6</run_address>
         <size>0x124</size>
         <input_file_ref idref="fl-3a"/>
      </object_component>
      <object_component id="oc-24c">
         <name>.debug_info</name>
         <load_address>0xafea</load_address>
         <run_address>0xafea</run_address>
         <size>0x125</size>
         <input_file_ref idref="fl-3b"/>
      </object_component>
      <object_component id="oc-358">
         <name>.debug_info</name>
         <load_address>0xb10f</load_address>
         <run_address>0xb10f</run_address>
         <size>0x125</size>
         <input_file_ref idref="fl-3c"/>
      </object_component>
      <object_component id="oc-b2">
         <name>.debug_info</name>
         <load_address>0xb234</load_address>
         <run_address>0xb234</run_address>
         <size>0x104</size>
         <input_file_ref idref="fl-3d"/>
      </object_component>
      <object_component id="oc-11f">
         <name>.debug_info</name>
         <load_address>0xb338</load_address>
         <run_address>0xb338</run_address>
         <size>0x17e</size>
         <input_file_ref idref="fl-3d"/>
      </object_component>
      <object_component id="oc-3c0">
         <name>.debug_info</name>
         <load_address>0xb4b6</load_address>
         <run_address>0xb4b6</run_address>
         <size>0x3e2</size>
         <input_file_ref idref="fl-3e"/>
      </object_component>
      <object_component id="oc-2ae">
         <name>.debug_info</name>
         <load_address>0xb898</load_address>
         <run_address>0xb898</run_address>
         <size>0x1e4</size>
         <input_file_ref idref="fl-3e"/>
      </object_component>
      <object_component id="oc-45f">
         <name>.debug_info</name>
         <load_address>0xba7c</load_address>
         <run_address>0xba7c</run_address>
         <size>0x39</size>
         <input_file_ref idref="fl-3e"/>
      </object_component>
      <object_component id="oc-46b">
         <name>.debug_info</name>
         <load_address>0xbab5</load_address>
         <run_address>0xbab5</run_address>
         <size>0x2c</size>
         <input_file_ref idref="fl-3e"/>
      </object_component>
      <object_component id="oc-3cb">
         <name>.debug_info</name>
         <load_address>0xbae1</load_address>
         <run_address>0xbae1</run_address>
         <size>0x2c</size>
         <input_file_ref idref="fl-3e"/>
      </object_component>
      <object_component id="oc-464">
         <name>.debug_info</name>
         <load_address>0xbb0d</load_address>
         <run_address>0xbb0d</run_address>
         <size>0xcd</size>
         <input_file_ref idref="fl-3e"/>
      </object_component>
      <object_component id="oc-18f">
         <name>.debug_info</name>
         <load_address>0xbbda</load_address>
         <run_address>0xbbda</run_address>
         <size>0x179</size>
         <input_file_ref idref="fl-3f"/>
      </object_component>
      <object_component id="oc-10f">
         <name>.debug_info</name>
         <load_address>0xbd53</load_address>
         <run_address>0xbd53</run_address>
         <size>0x1d6</size>
         <input_file_ref idref="fl-3f"/>
      </object_component>
      <object_component id="oc-18a">
         <name>.debug_info</name>
         <load_address>0xbf29</load_address>
         <run_address>0xbf29</run_address>
         <size>0x46</size>
         <input_file_ref idref="fl-3f"/>
      </object_component>
      <object_component id="oc-154">
         <name>.debug_info</name>
         <load_address>0xbf6f</load_address>
         <run_address>0xbf6f</run_address>
         <size>0x2c</size>
         <input_file_ref idref="fl-3f"/>
      </object_component>
      <object_component id="oc-194">
         <name>.debug_info</name>
         <load_address>0xbf9b</load_address>
         <run_address>0xbf9b</run_address>
         <size>0x157</size>
         <input_file_ref idref="fl-42"/>
      </object_component>
      <object_component id="oc-3ba">
         <name>.debug_info</name>
         <load_address>0xc0f2</load_address>
         <run_address>0xc0f2</run_address>
         <size>0x154</size>
         <input_file_ref idref="fl-43"/>
      </object_component>
      <object_component id="oc-db">
         <name>.debug_info</name>
         <load_address>0xc246</load_address>
         <run_address>0xc246</run_address>
         <size>0x184</size>
         <input_file_ref idref="fl-44"/>
      </object_component>
      <object_component id="oc-3b">
         <name>.debug_info</name>
         <load_address>0xc3ca</load_address>
         <run_address>0xc3ca</run_address>
         <size>0x1ee</size>
[...]
         <object_component_ref idref="oc-39e"/>
      </symbol>
      <symbol id="sm-2c2">
         <name>MCP2515_CanVariable_init</name>
         <value>0xd298</value>
         <object_component_ref idref="oc-340"/>
      </symbol>
      <symbol id="sm-2c3">
         <name>MCP2515_int_clear</name>
         <value>0xd6fa</value>
         <object_component_ref idref="oc-1d5"/>
      </symbol>
      <symbol id="sm-2c4">
         <name>MCP2515_write</name>
         <value>0xd1ca</value>
         <object_component_ref idref="oc-2f5"/>
      </symbol>
      <symbol id="sm-315">
         <name>pwmWrite</name>
         <value>0xd234</value>
         <object_component_ref idref="oc-37b"/>
      </symbol>
      <symbol id="sm-316">
         <name>update_t_periodo0</name>
         <value>0xd5e6</value>
         <object_component_ref idref="oc-40b"/>
      </symbol>
      <symbol id="sm-317">
         <name>update_t_periodo1</name>
         <value>0xd5fc</value>
         <object_component_ref idref="oc-41d"/>
      </symbol>
      <symbol id="sm-318">
         <name>update_t_on0</name>
         <value>0xd5ba</value>
         <object_component_ref idref="oc-411"/>
      </symbol>
      <symbol id="sm-319">
         <name>update_t_on1</name>
         <value>0xd5d0</value>
         <object_component_ref idref="oc-423"/>
      </symbol>
      <symbol id="sm-31a">
         <name>pwmInit</name>
         <value>0xc96e</value>
         <object_component_ref idref="oc-364"/>
      </symbol>
      <symbol id="sm-35f">
         <name>recorrerCallbacks</name>
         <value>0xcf1e</value>
         <object_component_ref idref="oc-17c"/>
      </symbol>
      <symbol id="sm-360">
         <name>__TI_int09</name>
         <value>0xfff2</value>
         <object_component_ref idref="oc-47"/>
      </symbol>
      <symbol id="sm-361">
         <name>__TI_int10</name>
         <value>0xfff4</value>
         <object_component_ref idref="oc-48"/>
      </symbol>
      <symbol id="sm-362">
         <name>rti_isr_wdt</name>
         <value>0xd572</value>
         <object_component_ref idref="oc-f9"/>
      </symbol>
      <symbol id="sm-363">
         <name>rti_isr_timerA0</name>
         <value>0xd558</value>
         <object_component_ref idref="oc-f3"/>
      </symbol>
      <symbol id="sm-364">
         <name>rtiSubmitCallback</name>
         <value>0xd06e</value>
         <object_component_ref idref="oc-233"/>
      </symbol>
      <symbol id="sm-37b">
         <name>servoWrite</name>
         <value>0xd122</value>
         <object_component_ref idref="oc-24f"/>
      </symbol>
      <symbol id="sm-37c">
         <name>servoInit</name>
         <value>0xcdf2</value>
         <object_component_ref idref="oc-227"/>
      </symbol>
      <symbol id="sm-390">
         <name>SPI_init</name>
         <value>0xccf0</value>
         <object_component_ref idref="oc-3ec"/>
      </symbol>
      <symbol id="sm-391">
         <name>SPI_transmit</name>
         <value>0xd682</value>
         <object_component_ref idref="oc-2e7"/>
      </symbol>
      <symbol id="sm-3c6">
         <name>systemInit</name>
         <value>0xd45a</value>
         <object_component_ref idref="oc-215"/>
      </symbol>
      <symbol id="sm-3c7">
         <name>setRTI</name>
         <value>0xc7d8</value>
         <object_component_ref idref="oc-32a"/>
      </symbol>
      <symbol id="sm-3c8">
         <name>stopWDT</name>
         <value>0xd718</value>
         <object_component_ref idref="oc-31e"/>
      </symbol>
      <symbol id="sm-3c9">
         <name>setCLK</name>
         <value>0xce8e</value>
         <object_component_ref idref="oc-324"/>
      </symbol>
      <symbol id="sm-43e">
         <name>uartRead</name>
         <value>0xd40a</value>
         <object_component_ref idref="oc-25b"/>
      </symbol>
      <symbol id="sm-43f">
         <name>__TI_int06</name>
         <value>0xffec</value>
         <object_component_ref idref="oc-44"/>
      </symbol>
      <symbol id="sm-440">
         <name>__TI_int07</name>
         <value>0xffee</value>
         <object_component_ref idref="oc-45"/>
      </symbol>
      <symbol id="sm-441">
         <name>uart_receive_rti</name>
         <value>0xd328</value>
         <object_component_ref idref="oc-175"/>
      </symbol>
      <symbol id="sm-442">
         <name>isr_receive</name>
         <value>0xd4e2</value>
         <object_component_ref idref="oc-ed"/>
      </symbol>
      <symbol id="sm-443">
         <name>uartStatus</name>
         <value>0xd6ec</value>
         <object_component_ref idref="oc-255"/>
      </symbol>
      <symbol id="sm-444">
         <name>uartWriteString</name>
         <value>0xd15a</value>
         <object_component_ref idref="oc-391"/>
      </symbol>
      <symbol id="sm-445">
         <name>isr_transmit</name>
         <value>0xd502</value>
         <object_component_ref idref="oc-e7"/>
      </symbol>
      <symbol id="sm-446">
         <name>uartInit</name>
         <value>0xd266</value>
         <object_component_ref idref="oc-331"/>
      </symbol>
      <symbol id="sm-447">
         <name>uartSend</name>
         <value>0xd738</value>
         <object_component_ref idref="oc-397"/>
      </symbol>
      <symbol id="sm-448">
         <name>uart_transmit_rti</name>
         <value>0xd192</value>
         <object_component_ref idref="oc-16e"/>
      </symbol>
      <symbol id="sm-449">
         <name>uartPutChar</name>
         <value>0xd732</value>
         <object_component_ref idref="oc-1ea"/>
      </symbol>
      <symbol id="sm-44a">
         <name>uartGetChar</name>
         <value>0xd72c</value>
         <object_component_ref idref="oc-1f1"/>
      </symbol>
      <symbol id="sm-452">
         <name>__mspabi_srai</name>
         <value>0xd386</value>
         <object_component_ref idref="oc-2e1"/>
      </symbol>
      <symbol id="sm-453">
         <name>__mspabi_srai_8</name>
         <value>0xd3a0</value>
         <object_component_ref idref="oc-2e1"/>
      </symbol>
      <symbol id="sm-454">
         <name>__mspabi_srai_9</name>
         <value>0xd39e</value>
         <object_component_ref idref="oc-2e1"/>
      </symbol>
      <symbol id="sm-455">
         <name>__mspabi_srai_6</name>
         <value>0xd3a4</value>
         <object_component_ref idref="oc-2e1"/>
      </symbol>
      <symbol id="sm-456">
         <name>__mspabi_srai_7</name>
         <value>0xd3a2</value>
         <object_component_ref idref="oc-2e1"/>
      </symbol>
      <symbol id="sm-457">
         <name>__mspabi_srai_4</name>
         <value>0xd3a8</value>
         <object_component_ref idref="oc-2e1"/>
      </symbol>
      <symbol id="sm-458">
         <name>__mspabi_srai_5</name>
         <value>0xd3a6</value>
         <object_component_ref idref="oc-2e1"/>
      </symbol>
      <symbol id="sm-459">
         <name>__mspabi_srai_2</name>
         <value>0xd3ac</value>
         <object_component_ref idref="oc-2e1"/>
      </symbol>
      <symbol id="sm-45a">
         <name>__mspabi_srai_3</name>
         <value>0xd3aa</value>
         <object_component_ref idref="oc-2e1"/>
      </symbol>
      <symbol id="sm-45b">
         <name>__mspabi_srai_1</name>
         <value>0xd3ae</value>
         <object_component_ref idref="oc-2e1"/>
      </symbol>
      <symbol id="sm-45c">
         <name>__mspabi_srai_15</name>
         <value>0xd392</value>
         <object_component_ref idref="oc-2e1"/>
      </symbol>
      <symbol id="sm-45d">
         <name>__mspabi_srai_14</name>
         <value>0xd394</value>
         <object_component_ref idref="oc-2e1"/>
      </symbol>
      <symbol id="sm-45e">
         <name>__mspabi_srai_13</name>
         <value>0xd396</value>
         <object_component_ref idref="oc-2e1"/>
      </symbol>
      <symbol id="sm-45f">
         <name>__mspabi_srai_12</name>
         <value>0xd398</value>
         <object_component_ref idref="oc-2e1"/>
      </symbol>
      <symbol id="sm-460">
         <name>__mspabi_srai_11</name>
         <value>0xd39a</value>
         <object_component_ref idref="oc-2e1"/>
      </symbol>
      <symbol id="sm-461">
         <name>__mspabi_srai_10</name>
         <value>0xd39c</value>
         <object_component_ref idref="oc-2e1"/>
      </symbol>
      <symbol id="sm-46d">
         <name>__mspabi_remi</name>
         <value>0xd3b2</value>
         <object_component_ref idref="oc-384"/>
      </symbol>
      <symbol id="sm-46e">
         <name>__mspabi_divi</name>
         <value>0xd3b2</value>
         <object_component_ref idref="oc-384"/>
      </symbol>
      <symbol id="sm-478">
         <name>__mspabi_remu</name>
         <value>0xd5a4</value>
         <object_component_ref idref="oc-245"/>
      </symbol>
      <symbol id="sm-479">
         <name>__mspabi_divu</name>
         <value>0xd5a4</value>
         <object_component_ref idref="oc-245"/>
      </symbol>
      <symbol id="sm-487">
         <name>__mspabi_remul</name>
         <value>0xcd48</value>
         <object_component_ref idref="oc-35c"/>
      </symbol>
      <symbol id="sm-488">
         <name>__mspabi_divul</name>
         <value>0xcd48</value>
         <object_component_ref idref="oc-35c"/>
      </symbol>
      <symbol id="sm-491">
         <name>__mspabi_func_epilog_2</name>
         <value>0xd6bc</value>
         <object_component_ref idref="oc-bf"/>
      </symbol>
      <symbol id="sm-492">
         <name>__mspabi_func_epilog_3</name>
         <value>0xd6ba</value>
         <object_component_ref idref="oc-bf"/>
      </symbol>
      <symbol id="sm-493">
         <name>__mspabi_func_epilog_1</name>
         <value>0xd6be</value>
         <object_component_ref idref="oc-bf"/>
      </symbol>
      <symbol id="sm-494">
         <name>__mspabi_func_epilog_6</name>
         <value>0xd6b4</value>
         <object_component_ref idref="oc-bf"/>
      </symbol>
      <symbol id="sm-495">
         <name>__mspabi_func_epilog_7</name>
         <value>0xd6b2</value>
         <object_component_ref idref="oc-bf"/>
      </symbol>
      <symbol id="sm-496">
         <name>__mspabi_func_epilog_4</name>
         <value>0xd6b8</value>
         <object_component_ref idref="oc-bf"/>
      </symbol>
      <symbol id="sm-497">
         <name>__mspabi_func_epilog_5</name>
         <value>0xd6b6</value>
         <object_component_ref idref="oc-bf"/>
      </symbol>
      <symbol id="sm-49a">
         <name>__TI_int00</name>
         <value>0xffe0</value>
         <object_component_ref idref="oc-40"/>
      </symbol>
      <symbol id="sm-49d">
         <name>__TI_int03</name>
         <value>0xffe6</value>
         <object_component_ref idref="oc-42"/>
      </symbol>
      <symbol id="sm-4a0">
         <name>__TI_int05</name>
         <value>0xffea</value>
         <object_component_ref idref="oc-43"/>
      </symbol>
      <symbol id="sm-4a3">
         <name>__TI_int08</name>
         <value>0xfff0</value>
         <object_component_ref idref="oc-46"/>
      </symbol>
      <symbol id="sm-4a6">
         <name>__TI_int11</name>
         <value>0xfff6</value>
         <object_component_ref idref="oc-49"/>
      </symbol>
      <symbol id="sm-4a9">
         <name>__TI_int14</name>
         <value>0xfffc</value>
         <object_component_ref idref="oc-4c"/>
      </symbol>
      <symbol id="sm-4b1">
         <name>__TI_ISR_TRAP</name>
         <value>0xd710</value>
         <object_component_ref idref="oc-dc"/>
      </symbol>
      <symbol id="sm-4b9">
         <name>__mspabi_slli</name>
         <value>0xd3de</value>
         <object_component_ref idref="oc-b5"/>
      </symbol>
      <symbol id="sm-4ba">
         <name>__mspabi_slli_9</name>
         <value>0xd3f6</value>
         <object_component_ref idref="oc-b5"/>
      </symbol>
      <symbol id="sm-4bb">
         <name>__mspabi_slli_8</name>
         <value>0xd3f8</value>
         <object_component_ref idref="oc-b5"/>
      </symbol>
      <symbol id="sm-4bc">
         <name>__mspabi_slli_7</name>
         <value>0xd3fa</value>
         <object_component_ref idref="oc-b5"/>
      </symbol>
      <symbol id="sm-4bd">
         <name>__mspabi_slli_6</name>
         <value>0xd3fc</value>
         <object_component_ref idref="oc-b5"/>
      </symbol>
      <symbol id="sm-4be">
         <name>__mspabi_slli_5</name>
         <value>0xd3fe</value>
         <object_component_ref idref="oc-b5"/>
      </symbol>
      <symbol id="sm-4bf">
         <name>__mspabi_slli_4</name>
         <value>0xd400</value>
         <object_component_ref idref="oc-b5"/>
      </symbol>
      <symbol id="sm-4c0">
         <name>__mspabi_slli_3</name>
         <value>0xd402</value>
         <object_component_ref idref="oc-b5"/>
      </symbol>
      <symbol id="sm-4c1">
         <name>__mspabi_slli_2</name>
         <value>0xd404</value>
         <object_component_ref idref="oc-b5"/>
      </symbol>
      <symbol id="sm-4c2">
         <name>__mspabi_slli_1</name>
         <value>0xd406</value>
         <object_component_ref idref="oc-b5"/>
      </symbol>
      <symbol id="sm-4c3">
         <name>__mspabi_slli_15</name>
         <value>0xd3ea</value>
         <object_component_ref idref="oc-b5"/>
      </symbol>
      <symbol id="sm-4c4">
         <name>__mspabi_slli_14</name>
         <value>0xd3ec</value>
         <object_component_ref idref="oc-b5"/>
      </symbol>
      <symbol id="sm-4c5">
         <name>__mspabi_slli_13</name>
         <value>0xd3ee</value>
         <object_component_ref idref="oc-b5"/>
      </symbol>
      <symbol id="sm-4c6">
         <name>__mspabi_slli_12</name>
         <value>0xd3f0</value>
         <object_component_ref idref="oc-b5"/>
      </symbol>
      <symbol id="sm-4c7">
         <name>__mspabi_slli_11</name>
         <value>0xd3f2</value>
         <object_component_ref idref="oc-b5"/>
      </symbol>
      <symbol id="sm-4c8">
         <name>__mspabi_slli_10</name>
         <value>0xd3f4</value>
         <object_component_ref idref="oc-b5"/>
      </symbol>
      <symbol id="sm-4d0">
         <name>__mspabi_srli_8</name>
         <value>0xce6c</value>
         <object_component_ref idref="oc-ba"/>
      </symbol>
      <symbol id="sm-4d1">
         <name>__mspabi_srli_9</name>
         <value>0xce68</value>
         <object_component_ref idref="oc-ba"/>
      </symbol>
      <symbol id="sm-4d2">
         <name>__mspabi_srli_6</name>
         <value>0xce74</value>
         <object_component_ref idref="oc-ba"/>
      </symbol>
      <symbol id="sm-4d3">
         <name>__mspabi_srli_7</name>
         <value>0xce70</value>
         <object_component_ref idref="oc-ba"/>
      </symbol>
      <symbol id="sm-4d4">
         <name>__mspabi_srli_4</name>
         <value>0xce7c</value>
         <object_component_ref idref="oc-ba"/>
      </symbol>
      <symbol id="sm-4d5">
         <name>__mspabi_srli_5</name>
         <value>0xce78</value>
         <object_component_ref idref="oc-ba"/>
      </symbol>
      <symbol id="sm-4d6">
         <name>__mspabi_srli_2</name>
         <value>0xce84</value>
         <object_component_ref idref="oc-ba"/>
      </symbol>
      <symbol id="sm-4d7">
         <name>__mspabi_srli_3</name>
         <value>0xce80</value>
         <object_component_ref idref="oc-ba"/>
      </symbol>
      <symbol id="sm-4d8">
         <name>__mspabi_srli_1</name>
         <value>0xce88</value>
         <object_component_ref idref="oc-ba"/>
      </symbol>
      <symbol id="sm-4d9">
         <name>__mspabi_srli</name>
         <value>0xce42</value>
         <object_component_ref idref="oc-ba"/>
      </symbol>
      <symbol id="sm-4da">
         <name>__mspabi_srli_15</name>
         <value>0xce50</value>
         <object_component_ref idref="oc-ba"/>
      </symbol>
      <symbol id="sm-4db">
         <name>__mspabi_srli_14</name>
         <value>0xce54</value>
         <object_component_ref idref="oc-ba"/>
      </symbol>
      <symbol id="sm-4dc">
         <name>__mspabi_srli_13</name>
         <value>0xce58</value>
         <object_component_ref idref="oc-ba"/>
      </symbol>
      <symbol id="sm-4dd">
         <name>__mspabi_srli_12</name>
         <value>0xce5c</value>
         <object_component_ref idref="oc-ba"/>
      </symbol>
      <symbol id="sm-4de">
         <name>__mspabi_srli_11</name>
         <value>0xce60</value>
         <object_component_ref idref="oc-ba"/>
      </symbol>
      <symbol id="sm-4df">
         <name>__mspabi_srli_10</name>
         <value>0xce64</value>
         <object_component_ref idref="oc-ba"/>
      </symbol>
      <symbol id="sm-4e9">
         <name>__mspabi_mpyi_sw</name>
         <value>0xd626</value>
         <object_component_ref idref="oc-24a"/>
      </symbol>
      <symbol id="sm-4ea">
         <name>__mspabi_mpyi</name>
         <value>0xd626</value>
         <object_component_ref idref="oc-24a"/>
      </symbol>
      <symbol id="sm-4f4">
         <name>__mspabi_mpyl_sw</name>
         <value>0xd434</value>
         <object_component_ref idref="oc-357"/>
      </symbol>
      <symbol id="sm-4f5">
         <name>__mspabi_mpyl</name>
         <value>0xd434</value>
         <object_component_ref idref="oc-357"/>
      </symbol>
      <symbol id="sm-505">
         <name>_stack</name>
         <value>0x3b0</value>
         <object_component_ref idref="oc-b1"/>
      </symbol>
      <symbol id="sm-506">
         <name>_c_int00_noargs</name>
         <value>0xd522</value>
         <object_component_ref idref="oc-11d"/>
      </symbol>
      <symbol id="sm-507">
         <name>_reset_vector</name>
         <value>0xfffe</value>
         <object_component_ref idref="oc-b4"/>
      </symbol>
      <symbol id="sm-529">
         <name>__TI_auto_init_nobinit_nopinit</name>
         <value>0xcfea</value>
         <object_component_ref idref="oc-2ad"/>
      </symbol>
      <symbol id="sm-541">
         <name>__TI_zero_init_nomemset</name>
         <value>0xd612</value>
         <object_component_ref idref="oc-10b"/>
      </symbol>
      <symbol id="sm-54c">
         <name>_system_pre_init</name>
         <value>0xd73e</value>
         <object_component_ref idref="oc-191"/>
      </symbol>
      <symbol id="sm-555">
         <name>_system_post_cinit</name>
         <value>0xd742</value>
         <object_component_ref idref="oc-3b9"/>
      </symbol>
      <symbol id="sm-56b">
         <name>__TI_decompress_none</name>
         <value>0xd64c</value>
         <object_component_ref idref="oc-3a"/>
      </symbol>
      <symbol id="sm-58e">
         <name>__TI_decompress_lzss</name>
         <value>0xca00</value>
         <object_component_ref idref="oc-34"/>
      </symbol>
      <symbol id="sm-598">
         <name>C$$EXIT</name>
         <value>0xd720</value>
         <object_component_ref idref="oc-2a1"/>
      </symbol>
      <symbol id="sm-599">
         <name>abort</name>
         <value>0xd720</value>
         <object_component_ref idref="oc-2a1"/>
      </symbol>
      <symbol id="sm-5a9">
         <name>memcpy</name>
         <value>0xd670</value>
         <object_component_ref idref="oc-cf"/>
      </symbol>
      <symbol id="sm-5ae">
         <name>UARTReceive</name>
         <value>0xd40a</value>
      </symbol>
      <symbol id="sm-5af">
         <name>UARTStatus</name>
         <value>0xd6ec</value>
      </symbol>
   </symbol_table>
   <title>Link successful</title>
</link_info>
