<?xml version="1.0" encoding="ISO-8859-1" ?>
<link_info>
   <banner>MSP430 Linker PC v18.12.1.LTS</banner>
   <copyright>Copyright (c) 2003-2018 Texas Instruments Incorporated</copyright>
   <link_time>0x638c3360</link_time>
   <link_errors>0x0</link_errors>
   <output_file>ECU Motor.out</output_file>
   <entry_point>
      <name>_c_int00_noargs</name>
      <address>0xd4b8</address>
   </entry_point>
   <input_file_list>
      <input_file id="fl-2">
         <path>.\</path>
         <kind>object</kind>
         <file>adc_2.obj</file>
         <name>adc_2.obj</name>
      </input_file>
      <input_file id="fl-3">
         <path>.\</path>
         <kind>object</kind>
         <file>bujia.obj</file>
         <name>bujia.obj</name>
      </input_file>
      <input_file id="fl-4">
         <path>.\</path>
         <kind>object</kind>
         <file>bujiaControl.obj</file>
         <name>bujiaControl.obj</name>
      </input_file>
      <input_file id="fl-5">
         <path>.\</path>
         <kind>object</kind>
         <file>comms.obj</file>
         <name>comms.obj</name>
      </input_file>
      <input_file id="fl-6">
         <path>.\</path>
         <kind>object</kind>
         <file>gpio.obj</file>
         <name>gpio.obj</name>
      </input_file>
      <input_file id="fl-7">
         <path>.\</path>
         <kind>object</kind>
         <file>hw_timer.obj</file>
         <name>hw_timer.obj</name>
      </input_file>
      <input_file id="fl-8">
         <path>.\</path>
         <kind>object</kind>
         <file>inputCapture.obj</file>
         <name>inputCapture.obj</name>
      </input_file>
      <input_file id="fl-9">
         <path>.\</path>
         <kind>object</kind>
         <file>joystick.obj</file>
         <name>joystick.obj</name>
      </input_file>
      <input_file id="fl-a">
         <path>.\</path>
         <kind>object</kind>
         <file>main.obj</file>
         <name>main.obj</name>
      </input_file>
      <input_file id="fl-b">
         <path>.\</path>
         <kind>object</kind>
         <file>mcp2515.obj</file>
         <name>mcp2515.obj</name>
      </input_file>
      <input_file id="fl-c">
         <path>.\</path>
         <kind>object</kind>
         <file>motor.obj</file>
         <name>motor.obj</name>
      </input_file>
      <input_file id="fl-d">
         <path>.\</path>
         <kind>object</kind>
         <file>optoacoplador.obj</file>
         <name>optoacoplador.obj</name>
      </input_file>
      <input_file id="fl-e">
         <path>.\</path>
         <kind>object</kind>
         <file>pwm.obj</file>
         <name>pwm.obj</name>
      </input_file>
      <input_file id="fl-f">
         <path>.\</path>
         <kind>object</kind>
         <file>rti.obj</file>
         <name>rti.obj</name>
      </input_file>
      <input_file id="fl-10">
         <path>.\</path>
         <kind>object</kind>
         <file>servo.obj</file>
         <name>servo.obj</name>
      </input_file>
      <input_file id="fl-11">
         <path>.\</path>
         <kind>object</kind>
         <file>spi.obj</file>
         <name>spi.obj</name>
      </input_file>
      <input_file id="fl-12">
         <path>.\</path>
         <kind>object</kind>
         <file>system.obj</file>
         <name>system.obj</name>
      </input_file>
      <input_file id="fl-13">
         <path>.\</path>
         <kind>object</kind>
         <file>uart.obj</file>
         <name>uart.obj</name>
      </input_file>
      <input_file id="fl-18">
         <kind>object</kind>
         <file>&lt;internal&gt;</file>
         <name>&lt;internal&gt;</name>
      </input_file>
      <input_file id="fl-2e">
         <path>C:\ti\ccs900\ccs\tools\compiler\ti-cgt-msp430_18.12.1.LTS\lib\</path>
         <kind>archive</kind>
         <file>rts430_eabi.lib</file>
         <name>asr16.asm.obj</name>
      </input_file>
      <input_file id="fl-2f">
         <path>C:\ti\ccs900\ccs\tools\compiler\ti-cgt-msp430_18.12.1.LTS\lib\</path>
         <kind>archive</kind>
         <file>rts430_eabi.lib</file>
         <name>div16u.asm.obj</name>
      </input_file>
      <input_file id="fl-30">
         <path>C:\ti\ccs900\ccs\tools\compiler\ti-cgt-msp430_18.12.1.LTS\lib\</path>
         <kind>archive</kind>
         <file>rts430_eabi.lib</file>
         <name>div32u.asm.obj</name>
      </input_file>
      <input_file id="fl-31">
         <path>C:\ti\ccs900\ccs\tools\compiler\ti-cgt-msp430_18.12.1.LTS\lib\</path>
         <kind>archive</kind>
         <file>rts430_eabi.lib</file>
         <name>epilog.asm.obj</name>
      </input_file>
      <input_file id="fl-32">
         <path>C:\ti\ccs900\ccs\tools\compiler\ti-cgt-msp430_18.12.1.LTS\lib\</path>
         <kind>archive</kind>
         <file>rts430_eabi.lib</file>
         <name>int00.asm.obj</name>
      </input_file>
      <input_file id="fl-33">
         <path>C:\ti\ccs900\ccs\tools\compiler\ti-cgt-msp430_18.12.1.LTS\lib\</path>
         <kind>archive</kind>
         <file>rts430_eabi.lib</file>
         <name>int03.asm.obj</name>
      </input_file>
      <input_file id="fl-34">
         <path>C:\ti\ccs900\ccs\tools\compiler\ti-cgt-msp430_18.12.1.LTS\lib\</path>
         <kind>archive</kind>
         <file>rts430_eabi.lib</file>
         <name>int05.asm.obj</name>
      </input_file>
      <input_file id="fl-35">
         <path>C:\ti\ccs900\ccs\tools\compiler\ti-cgt-msp430_18.12.1.LTS\lib\</path>
         <kind>archive</kind>
         <file>rts430_eabi.lib</file>
         <name>int11.asm.obj</name>
      </input_file>
      <input_file id="fl-36">
         <path>C:\ti\ccs900\ccs\tools\compiler\ti-cgt-msp430_18.12.1.LTS\lib\</path>
         <kind>archive</kind>
         <file>rts430_eabi.lib</file>
         <name>int14.asm.obj</name>
      </input_file>
      <input_file id="fl-37">
         <path>C:\ti\ccs900\ccs\tools\compiler\ti-cgt-msp430_18.12.1.LTS\lib\</path>
         <kind>archive</kind>
         <file>rts430_eabi.lib</file>
         <name>isr_trap.asm.obj</name>
      </input_file>
      <input_file id="fl-38">
         <path>C:\ti\ccs900\ccs\tools\compiler\ti-cgt-msp430_18.12.1.LTS\lib\</path>
         <kind>archive</kind>
         <file>rts430_eabi.lib</file>
         <name>lsl16.asm.obj</name>
      </input_file>
      <input_file id="fl-39">
         <path>C:\ti\ccs900\ccs\tools\compiler\ti-cgt-msp430_18.12.1.LTS\lib\</path>
         <kind>archive</kind>
         <file>rts430_eabi.lib</file>
         <name>lsl32.asm.obj</name>
      </input_file>
      <input_file id="fl-3a">
         <path>C:\ti\ccs900\ccs\tools\compiler\ti-cgt-msp430_18.12.1.LTS\lib\</path>
         <kind>archive</kind>
         <file>rts430_eabi.lib</file>
         <name>lsr16.asm.obj</name>
      </input_file>
      <input_file id="fl-3b">
         <path>C:\ti\ccs900\ccs\tools\compiler\ti-cgt-msp430_18.12.1.LTS\lib\</path>
         <kind>archive</kind>
         <file>rts430_eabi.lib</file>
         <name>mult16.asm.obj</name>
      </input_file>
      <input_file id="fl-3c">
         <path>C:\ti\ccs900\ccs\tools\compiler\ti-cgt-msp430_18.12.1.LTS\lib\</path>
         <kind>archive</kind>
         <file>rts430_eabi.lib</file>
         <name>mult32.asm.obj</name>
      </input_file>
      <input_file id="fl-3d">
         <path>C:\ti\ccs900\ccs\tools\compiler\ti-cgt-msp430_18.12.1.LTS\lib\</path>
         <kind>archive</kind>
         <file>rts430_eabi.lib</file>
         <name>boot.c.obj</name>
      </input_file>
      <input_file id="fl-3e">
         <path>C:\ti\ccs900\ccs\tools\compiler\ti-cgt-msp430_18.12.1.LTS\lib\</path>
         <kind>archive</kind>
         <file>rts430_eabi.lib</file>
         <name>autoinit.c.obj</name>
      </input_file>
      <input_file id="fl-3f">
         <path>C:\ti\ccs900\ccs\tools\compiler\ti-cgt-msp430_18.12.1.LTS\lib\</path>
         <kind>archive</kind>
         <file>rts430_eabi.lib</file>
         <name>copy_zero_init.c.obj</name>
      </input_file>
      <input_file id="fl-40">
         <path>C:\ti\ccs900\ccs\tools\compiler\ti-cgt-msp430_18.12.1.LTS\lib\</path>
         <kind>archive</kind>
         <file>rts430_eabi.lib</file>
         <name>cpy_tbl.c.obj</name>
      </input_file>
      <input_file id="fl-41">
         <path>C:\ti\ccs900\ccs\tools\compiler\ti-cgt-msp430_18.12.1.LTS\lib\</path>
         <kind>archive</kind>
         <file>rts430_eabi.lib</file>
         <name>mpu_init.c.obj</name>
      </input_file>
      <input_file id="fl-42">
         <path>C:\ti\ccs900\ccs\tools\compiler\ti-cgt-msp430_18.12.1.LTS\lib\</path>
         <kind>archive</kind>
         <file>rts430_eabi.lib</file>
         <name>lsl64.c.obj</name>
      </input_file>
      <input_file id="fl-43">
         <path>C:\ti\ccs900\ccs\tools\compiler\ti-cgt-msp430_18.12.1.LTS\lib\</path>
         <kind>archive</kind>
         <file>rts430_eabi.lib</file>
         <name>pre_init.c.obj</name>
      </input_file>
      <input_file id="fl-44">
         <path>C:\ti\ccs900\ccs\tools\compiler\ti-cgt-msp430_18.12.1.LTS\lib\</path>
         <kind>archive</kind>
         <file>rts430_eabi.lib</file>
         <name>startup.c.obj</name>
      </input_file>
      <input_file id="fl-45">
         <path>C:\ti\ccs900\ccs\tools\compiler\ti-cgt-msp430_18.12.1.LTS\lib\</path>
         <kind>archive</kind>
         <file>rts430_eabi.lib</file>
         <name>copy_decompress_none.c.obj</name>
      </input_file>
      <input_file id="fl-46">
         <path>C:\ti\ccs900\ccs\tools\compiler\ti-cgt-msp430_18.12.1.LTS\lib\</path>
         <kind>archive</kind>
         <file>rts430_eabi.lib</file>
         <name>copy_decompress_lzss.c.obj</name>
      </input_file>
      <input_file id="fl-47">
         <path>C:\ti\ccs900\ccs\tools\compiler\ti-cgt-msp430_18.12.1.LTS\lib\</path>
         <kind>archive</kind>
         <file>rts430_eabi.lib</file>
         <name>exit.c.obj</name>
      </input_file>
      <input_file id="fl-48">
         <path>C:\ti\ccs900\ccs\tools\compiler\ti-cgt-msp430_18.12.1.LTS\lib\</path>
         <kind>archive</kind>
         <file>rts430_eabi.lib</file>
         <name>_lock.c.obj</name>
      </input_file>
      <input_file id="fl-49">
         <path>C:\ti\ccs900\ccs\tools\compiler\ti-cgt-msp430_18.12.1.LTS\lib\</path>
         <kind>archive</kind>
         <file>rts430_eabi.lib</file>
         <name>args_main.c.obj</name>
      </input_file>
      <input_file id="fl-4a">
         <path>C:\ti\ccs900\ccs\tools\compiler\ti-cgt-msp430_18.12.1.LTS\lib\</path>
         <kind>archive</kind>
         <file>rts430_eabi.lib</file>
         <name>memcpy.c.obj</name>
      </input_file>
      <input_file id="fl-4b">
         <path>C:\ti\ccs900\ccs\tools\compiler\ti-cgt-msp430_18.12.1.LTS\lib\</path>
         <kind>archive</kind>
         <file>rts430_eabi.lib</file>
         <name>memset.c.obj</name>
      </input_file>
      <input_file id="fl-4c">
         <path>C:\ti\ccs900\ccs\tools\compiler\ti-cgt-msp430_18.12.1.LTS\lib\</path>
         <kind>archive</kind>
         <file>rts430_eabi.lib</file>
         <name>exit_gvars.c.obj</name>
      </input_file>
   </input_file_list>
   <object_component_list>
      <object_component id="oc-478">
         <name>.bss</name>
         <uninitialized>true</uninitialized>
         <run_address>0x300</run_address>
         <size>0x2</size>
         <input_file_ref idref="fl-3"/>
      </object_component>
      <object_component id="oc-3a0">
         <name>.bss</name>
         <uninitialized>true</uninitialized>
         <run_address>0x2c0</run_address>
         <size>0xe</size>
         <input_file_ref idref="fl-4"/>
      </object_component>
      <object_component id="oc-37d">
         <name>.bss:can_a_enviar</name>
         <uninitialized>true</uninitialized>
         <run_address>0x2a0</run_address>
         <size>0x10</size>
         <input_file_ref idref="fl-5"/>
      </object_component>
      <object_component id="oc-167">
         <name>.bss:can_a_recibir</name>
         <uninitialized>true</uninitialized>
         <run_address>0x2b0</run_address>
         <size>0x10</size>
         <input_file_ref idref="fl-5"/>
      </object_component>
      <object_component id="oc-170">
         <name>.bss</name>
         <uninitialized>true</uninitialized>
         <run_address>0x2f7</run_address>
         <size>0x1</size>
         <input_file_ref idref="fl-5"/>
      </object_component>
      <object_component id="oc-182">
         <name>.bss</name>
         <uninitialized>true</uninitialized>
         <run_address>0x2dc</run_address>
         <size>0xa</size>
         <input_file_ref idref="fl-7"/>
      </object_component>
      <object_component id="oc-48b">
         <name>.bss</name>
         <uninitialized>true</uninitialized>
         <run_address>0x2ce</run_address>
         <size>0xe</size>
         <input_file_ref idref="fl-8"/>
      </object_component>
      <object_component id="oc-393">
         <name>.bss</name>
         <uninitialized>true</uninitialized>
         <run_address>0x2e6</run_address>
         <size>0x6</size>
         <input_file_ref idref="fl-c"/>
      </object_component>
      <object_component id="oc-4a2">
         <name>.bss</name>
         <uninitialized>true</uninitialized>
         <run_address>0x302</run_address>
         <size>0x2</size>
         <input_file_ref idref="fl-d"/>
      </object_component>
      <object_component id="oc-458">
         <name>.bss:t_periodo_copy</name>
         <uninitialized>true</uninitialized>
         <run_address>0x2fc</run_address>
         <size>0x4</size>
         <input_file_ref idref="fl-e"/>
      </object_component>
      <object_component id="oc-45b">
         <name>.bss:t_on_copy</name>
         <uninitialized>true</uninitialized>
         <run_address>0x2f8</run_address>
         <size>0x4</size>
         <input_file_ref idref="fl-e"/>
      </object_component>
      <object_component id="oc-4cb">
         <name>.bss:t_periodo_flag</name>
         <uninitialized>true</uninitialized>
         <run_address>0x306</run_address>
         <size>0x2</size>
         <input_file_ref idref="fl-e"/>
      </object_component>
      <object_component id="oc-4d5">
         <name>.bss:t_on_flag</name>
         <uninitialized>true</uninitialized>
         <run_address>0x304</run_address>
         <size>0x2</size>
         <input_file_ref idref="fl-e"/>
      </object_component>
      <object_component id="oc-20f">
         <name>.bss:rtiCallback</name>
         <uninitialized>true</uninitialized>
         <run_address>0x28c</run_address>
         <size>0x14</size>
         <input_file_ref idref="fl-f"/>
      </object_component>
      <object_component id="oc-212">
         <name>.bss:callbackTime</name>
         <uninitialized>true</uninitialized>
         <run_address>0x278</run_address>
         <size>0x14</size>
         <input_file_ref idref="fl-f"/>
      </object_component>
      <object_component id="oc-20c">
         <name>.bss:callbackCounter</name>
         <uninitialized>true</uninitialized>
         <run_address>0x264</run_address>
         <size>0x14</size>
         <input_file_ref idref="fl-f"/>
      </object_component>
      <object_component id="oc-209">
         <name>.bss</name>
         <uninitialized>true</uninitialized>
         <run_address>0x30e</run_address>
         <size>0x1</size>
         <input_file_ref idref="fl-f"/>
      </object_component>
      <object_component id="oc-1ee">
         <name>.bss:transmit_buffer</name>
         <uninitialized>true</uninitialized>
         <run_address>0x232</run_address>
         <size>0x32</size>
         <input_file_ref idref="fl-13"/>
      </object_component>
      <object_component id="oc-1fe">
         <name>.bss:receive_buffer</name>
         <uninitialized>true</uninitialized>
         <run_address>0x200</run_address>
         <size>0x32</size>
         <input_file_ref idref="fl-13"/>
      </object_component>
      <object_component id="oc-1eb">
         <name>.bss</name>
         <uninitialized>true</uninitialized>
         <run_address>0x2f2</run_address>
         <size>0x5</size>
         <input_file_ref idref="fl-13"/>
      </object_component>
      <object_component id="oc-2f9">
         <name>.common:joystickVal</name>
         <uninitialized>true</uninitialized>
         <run_address>0x30f</run_address>
         <size>0x1</size>
      </object_component>
      <object_component id="oc-2ba">
         <name>.common:phi1</name>
         <uninitialized>true</uninitialized>
         <run_address>0x30a</run_address>
         <size>0x2</size>
      </object_component>
      <object_component id="oc-2bb">
         <name>.common:phi2</name>
         <uninitialized>true</uninitialized>
         <run_address>0x30c</run_address>
         <size>0x2</size>
      </object_component>
      <object_component id="oc-2b7">
         <name>.common:rpmCalculadas</name>
         <uninitialized>true</uninitialized>
         <run_address>0x310</run_address>
         <size>0x1</size>
      </object_component>
      <object_component id="oc-2e5">
         <name>.common:rpmMedidas</name>
         <uninitialized>true</uninitialized>
         <run_address>0x311</run_address>
         <size>0x1</size>
      </object_component>
      <object_component id="oc-2d8">
         <name>.common:can_received</name>
         <uninitialized>true</uninitialized>
         <run_address>0x2ec</run_address>
         <size>0x6</size>
      </object_component>
      <object_component id="oc-2e6">
         <name>.common:can_to_send</name>
         <uninitialized>true</uninitialized>
         <run_address>0x308</run_address>
         <size>0x2</size>
      </object_component>
      <object_component id="oc-4c9">
         <name>.data:yaInit$1</name>
         <load_address>0x316</load_address>
         <run_address>0x316</run_address>
         <size>0x2</size>
         <input_file_ref idref="fl-7"/>
      </object_component>
      <object_component id="oc-2d5">
         <name>.data</name>
         <load_address>0x312</load_address>
         <run_address>0x312</run_address>
         <size>0x4</size>
         <input_file_ref idref="fl-a"/>
      </object_component>
      <object_component id="oc-215">
         <name>.data</name>
         <load_address>0x318</load_address>
         <run_address>0x318</run_address>
         <size>0x1</size>
         <input_file_ref idref="fl-f"/>
      </object_component>
      <object_component id="oc-35d">
         <name>.data</name>
         <load_address>0x319</load_address>
         <run_address>0x319</run_address>
         <size>0x1</size>
         <input_file_ref idref="fl-12"/>
      </object_component>
      <object_component id="oc-b1">
         <name>.stack</name>
         <uninitialized>true</uninitialized>
         <run_address>0x3b0</run_address>
         <size>0x2</size>
         <input_file_ref idref="fl-3d"/>
      </object_component>
      <object_component id="oc-55e">
         <name>.stack</name>
         <uninitialized>true</uninitialized>
         <run_address>0x3b0</run_address>
         <size>0x0</size>
      </object_component>
      <object_component id="oc-446">
         <name>.text:hwSetTimer</name>
         <load_address>0xc000</load_address>
         <run_address>0xc000</run_address>
         <size>0x4ea</size>
         <input_file_ref idref="fl-7"/>
      </object_component>
      <object_component id="oc-386">
         <name>.text:gpioMode</name>
         <load_address>0xc4ea</load_address>
         <run_address>0xc4ea</run_address>
         <size>0x10c</size>
         <input_file_ref idref="fl-6"/>
      </object_component>
      <object_component id="oc-36a">
         <name>.text:setRTI</name>
         <load_address>0xc5f6</load_address>
         <run_address>0xc5f6</run_address>
         <size>0xe6</size>
         <input_file_ref idref="fl-12"/>
      </object_component>
      <object_component id="oc-377">
         <name>.text:MCP2515_init</name>
         <load_address>0xc6dc</load_address>
         <run_address>0xc6dc</run_address>
         <size>0xb0</size>
         <input_file_ref idref="fl-b"/>
      </object_component>
      <object_component id="oc-222">
         <name>.text:appRun</name>
         <load_address>0xc78c</load_address>
         <run_address>0xc78c</run_address>
         <size>0x92</size>
         <input_file_ref idref="fl-a"/>
      </object_component>
      <object_component id="oc-38d">
         <name>.text:pwmInit</name>
         <load_address>0xc81e</load_address>
         <run_address>0xc81e</run_address>
         <size>0x92</size>
         <input_file_ref idref="fl-e"/>
      </object_component>
      <object_component id="oc-2bc">
         <name>.text:bujiaControlInit</name>
         <load_address>0xc8b0</load_address>
         <run_address>0xc8b0</run_address>
         <size>0x8e</size>
         <input_file_ref idref="fl-4"/>
      </object_component>
      <object_component id="oc-34">
         <name>.text:decompress:lzss:__TI_decompress_lzss</name>
         <load_address>0xc93e</load_address>
         <run_address>0xc93e</run_address>
         <size>0x7c</size>
         <input_file_ref idref="fl-46"/>
      </object_component>
      <object_component id="oc-4a9">
         <name>.text:MCP2515_write_id</name>
         <load_address>0xc9ba</load_address>
         <run_address>0xc9ba</run_address>
         <size>0x7a</size>
         <input_file_ref idref="fl-b"/>
      </object_component>
      <object_component id="oc-30c">
         <name>.text:bujiaControlWrite</name>
         <load_address>0xca34</load_address>
         <run_address>0xca34</run_address>
         <size>0x74</size>
         <input_file_ref idref="fl-4"/>
      </object_component>
      <object_component id="oc-3e1">
         <name>.text:MCP2515_can_tx0</name>
         <load_address>0xcaa8</load_address>
         <run_address>0xcaa8</run_address>
         <size>0x66</size>
         <input_file_ref idref="fl-b"/>
      </object_component>
      <object_component id="oc-1ca">
         <name>.text:MCP2515_read_id</name>
         <load_address>0xcb0e</load_address>
         <run_address>0xcb0e</run_address>
         <size>0x66</size>
         <input_file_ref idref="fl-b"/>
      </object_component>
      <object_component id="oc-16a">
         <name>.text:MCP2515_can_rx0</name>
         <load_address>0xcb74</load_address>
         <run_address>0xcb74</run_address>
         <size>0x64</size>
         <input_file_ref idref="fl-b"/>
      </object_component>
      <object_component id="oc-4ec">
         <name>.text:gpioWrite</name>
         <load_address>0xcbd8</load_address>
         <run_address>0xcbd8</run_address>
         <size>0x60</size>
         <input_file_ref idref="fl-6"/>
      </object_component>
      <object_component id="oc-21c">
         <name>.text:appInit</name>
         <load_address>0xcc38</load_address>
         <run_address>0xcc38</run_address>
         <size>0x5e</size>
         <input_file_ref idref="fl-a"/>
      </object_component>
      <object_component id="oc-3c7">
         <name>.text:inputCaptureInit</name>
         <load_address>0xcc96</load_address>
         <run_address>0xcc96</run_address>
         <size>0x5c</size>
         <input_file_ref idref="fl-8"/>
      </object_component>
      <object_component id="oc-423">
         <name>.text:SPI_init</name>
         <load_address>0xccf2</load_address>
         <run_address>0xccf2</run_address>
         <size>0x58</size>
         <input_file_ref idref="fl-11"/>
      </object_component>
      <object_component id="oc-466">
         <name>.text</name>
         <load_address>0xcd4a</load_address>
         <run_address>0xcd4a</run_address>
         <size>0x58</size>
         <input_file_ref idref="fl-30"/>
      </object_component>
      <object_component id="oc-494">
         <name>.text:rti_Capture_CCR1</name>
         <load_address>0xcda2</load_address>
         <run_address>0xcda2</run_address>
         <size>0x50</size>
         <input_file_ref idref="fl-8"/>
      </object_component>
      <object_component id="oc-396">
         <name>.text:motorUpdate</name>
         <load_address>0xcdf2</load_address>
         <run_address>0xcdf2</run_address>
         <size>0x4e</size>
         <input_file_ref idref="fl-c"/>
      </object_component>
      <object_component id="oc-ba">
         <name>.text</name>
         <load_address>0xce40</load_address>
         <run_address>0xce40</run_address>
         <size>0x4c</size>
         <input_file_ref idref="fl-3a"/>
      </object_component>
      <object_component id="oc-364">
         <name>.text:setCLK</name>
         <load_address>0xce8c</load_address>
         <run_address>0xce8c</run_address>
         <size>0x4a</size>
         <input_file_ref idref="fl-12"/>
      </object_component>
      <object_component id="oc-3b3">
         <name>.text:rti_bujia</name>
         <load_address>0xced6</load_address>
         <run_address>0xced6</run_address>
         <size>0x48</size>
         <input_file_ref idref="fl-4"/>
      </object_component>
      <object_component id="oc-4af">
         <name>.text:MCP2515_write_many_registers</name>
         <load_address>0xcf1e</load_address>
         <run_address>0xcf1e</run_address>
         <size>0x46</size>
         <input_file_ref idref="fl-b"/>
      </object_component>
      <object_component id="oc-187">
         <name>.text:recorrerCallbacks</name>
         <load_address>0xcf64</load_address>
         <run_address>0xcf64</run_address>
         <size>0x46</size>
         <input_file_ref idref="fl-f"/>
      </object_component>
      <object_component id="oc-276">
         <name>.text:MCP2515_bit_modify</name>
         <load_address>0xcfaa</load_address>
         <run_address>0xcfaa</run_address>
         <size>0x42</size>
         <input_file_ref idref="fl-b"/>
      </object_component>
      <object_component id="oc-235">
         <name>.text:__TI_auto_init_nobinit_nopinit:__TI_auto_init_nobinit_nopinit</name>
         <load_address>0xcfec</load_address>
         <run_address>0xcfec</run_address>
         <size>0x42</size>
         <input_file_ref idref="fl-3e"/>
      </object_component>
      <object_component id="oc-3b9">
         <name>.text:rtiSubmitCallback</name>
         <load_address>0xd02e</load_address>
         <run_address>0xd02e</run_address>
         <size>0x40</size>
         <input_file_ref idref="fl-f"/>
      </object_component>
      <object_component id="oc-2ab">
         <name>.text:commsInit</name>
         <load_address>0xd06e</load_address>
         <run_address>0xd06e</run_address>
         <size>0x3a</size>
         <input_file_ref idref="fl-5"/>
      </object_component>
      <object_component id="oc-174">
         <name>.text:uart_transmit_rti</name>
         <load_address>0xd0a8</load_address>
         <run_address>0xd0a8</run_address>
         <size>0x38</size>
         <input_file_ref idref="fl-13"/>
      </object_component>
      <object_component id="oc-27d">
         <name>.text:MCP2515_write</name>
         <load_address>0xd0e0</load_address>
         <run_address>0xd0e0</run_address>
         <size>0x36</size>
         <input_file_ref idref="fl-b"/>
      </object_component>
      <object_component id="oc-1d0">
         <name>.text:MCP2515_read</name>
         <load_address>0xd116</load_address>
         <run_address>0xd116</run_address>
         <size>0x34</size>
         <input_file_ref idref="fl-b"/>
      </object_component>
      <object_component id="oc-2b1">
         <name>.text:motorInit</name>
         <load_address>0xd14a</load_address>
         <run_address>0xd14a</run_address>
         <size>0x34</size>
         <input_file_ref idref="fl-c"/>
      </object_component>
      <object_component id="oc-46b">
         <name>.text:pwmWrite</name>
         <load_address>0xd17e</load_address>
         <run_address>0xd17e</run_address>
         <size>0x32</size>
         <input_file_ref idref="fl-e"/>
      </object_component>
      <object_component id="oc-371">
         <name>.text:uartInit</name>
         <load_address>0xd1b0</load_address>
         <run_address>0xd1b0</run_address>
         <size>0x32</size>
         <input_file_ref idref="fl-13"/>
      </object_component>
      <object_component id="oc-380">
         <name>.text:MCP2515_CanVariable_init</name>
         <load_address>0xd1e2</load_address>
         <run_address>0xd1e2</run_address>
         <size>0x30</size>
         <input_file_ref idref="fl-b"/>
      </object_component>
      <object_component id="oc-e1">
         <name>.text:Port_1</name>
         <load_address>0xd212</load_address>
         <run_address>0xd212</run_address>
         <size>0x30</size>
         <input_file_ref idref="fl-5"/>
      </object_component>
      <object_component id="oc-434">
         <name>.text:hwTimerInit</name>
         <load_address>0xd242</load_address>
         <run_address>0xd242</run_address>
         <size>0x30</size>
         <input_file_ref idref="fl-7"/>
      </object_component>
      <object_component id="oc-17b">
         <name>.text:uart_receive_rti</name>
         <load_address>0xd272</load_address>
         <run_address>0xd272</run_address>
         <size>0x30</size>
         <input_file_ref idref="fl-13"/>
      </object_component>
      <object_component id="oc-300">
         <name>.text:getRpmCalculadas</name>
         <load_address>0xd2a2</load_address>
         <run_address>0xd2a2</run_address>
         <size>0x2c</size>
         <input_file_ref idref="fl-a"/>
      </object_component>
      <object_component id="oc-269">
         <name>.text</name>
         <load_address>0xd2ce</load_address>
         <run_address>0xd2ce</run_address>
         <size>0x2c</size>
         <input_file_ref idref="fl-2e"/>
      </object_component>
      <object_component id="oc-b5">
         <name>.text</name>
         <load_address>0xd2fa</load_address>
         <run_address>0xd2fa</run_address>
         <size>0x2c</size>
         <input_file_ref idref="fl-38"/>
      </object_component>
      <object_component id="oc-461">
         <name>.text</name>
         <load_address>0xd326</load_address>
         <run_address>0xd326</run_address>
         <size>0x26</size>
         <input_file_ref idref="fl-3c"/>
      </object_component>
      <object_component id="oc-2c8">
         <name>.text:optoInit</name>
         <load_address>0xd34c</load_address>
         <run_address>0xd34c</run_address>
         <size>0x24</size>
         <input_file_ref idref="fl-d"/>
      </object_component>
      <object_component id="oc-2a5">
         <name>.text:systemInit</name>
         <load_address>0xd370</load_address>
         <run_address>0xd370</run_address>
         <size>0x24</size>
         <input_file_ref idref="fl-12"/>
      </object_component>
      <object_component id="oc-2ed">
         <name>.text:CANSend</name>
         <load_address>0xd394</load_address>
         <run_address>0xd394</run_address>
         <size>0x22</size>
         <input_file_ref idref="fl-5"/>
      </object_component>
      <object_component id="oc-429">
         <name>.text:MCP2515_reset</name>
         <load_address>0xd3b6</load_address>
         <run_address>0xd3b6</run_address>
         <size>0x22</size>
         <input_file_ref idref="fl-b"/>
      </object_component>
      <object_component id="oc-3ad">
         <name>.text:bujiaInit</name>
         <load_address>0xd3d8</load_address>
         <run_address>0xd3d8</run_address>
         <size>0x22</size>
         <input_file_ref idref="fl-3"/>
      </object_component>
      <object_component id="oc-f3">
         <name>.text:isr_Timer0_CCR1</name>
         <load_address>0xd3fa</load_address>
         <run_address>0xd3fa</run_address>
         <size>0x20</size>
         <input_file_ref idref="fl-7"/>
      </object_component>
      <object_component id="oc-105">
         <name>.text:isr_Timer1_CCR1</name>
         <load_address>0xd41a</load_address>
         <run_address>0xd41a</run_address>
         <size>0x20</size>
         <input_file_ref idref="fl-7"/>
      </object_component>
      <object_component id="oc-ed">
         <name>.text:isr_receive</name>
         <load_address>0xd43a</load_address>
         <run_address>0xd43a</run_address>
         <size>0x20</size>
         <input_file_ref idref="fl-13"/>
      </object_component>
      <object_component id="oc-e7">
         <name>.text:isr_transmit</name>
         <load_address>0xd45a</load_address>
         <run_address>0xd45a</run_address>
         <size>0x20</size>
         <input_file_ref idref="fl-13"/>
      </object_component>
      <object_component id="oc-2c2">
         <name>.text:sincronizarBujia</name>
         <load_address>0xd47a</load_address>
         <run_address>0xd47a</run_address>
         <size>0x20</size>
         <input_file_ref idref="fl-a"/>
      </object_component>
      <object_component id="oc-3cd">
         <name>.text:optoUpdate</name>
         <load_address>0xd49a</load_address>
         <run_address>0xd49a</run_address>
         <size>0x1e</size>
         <input_file_ref idref="fl-d"/>
      </object_component>
      <object_component id="oc-123">
         <name>.text:_c_int00_noargs</name>
         <load_address>0xd4b8</load_address>
         <run_address>0xd4b8</run_address>
         <size>0x1c</size>
         <input_file_ref idref="fl-3d"/>
      </object_component>
      <object_component id="oc-f9">
         <name>.text:isr_Timer0_CCR0</name>
         <load_address>0xd4d4</load_address>
         <run_address>0xd4d4</run_address>
         <size>0x1a</size>
         <input_file_ref idref="fl-7"/>
      </object_component>
      <object_component id="oc-10b">
         <name>.text:isr_Timer1_CCR0</name>
         <load_address>0xd4ee</load_address>
         <run_address>0xd4ee</run_address>
         <size>0x1a</size>
         <input_file_ref idref="fl-7"/>
      </object_component>
      <object_component id="oc-ff">
         <name>.text:rti_isr_wdt</name>
         <load_address>0xd508</load_address>
         <run_address>0xd508</run_address>
         <size>0x1a</size>
         <input_file_ref idref="fl-f"/>
      </object_component>
      <object_component id="oc-2d9">
         <name>.text:CANReceive</name>
         <load_address>0xd522</load_address>
         <run_address>0xd522</run_address>
         <size>0x18</size>
         <input_file_ref idref="fl-5"/>
      </object_component>
      <object_component id="oc-2fa">
         <name>.text:CANUnbuildMsg16</name>
         <load_address>0xd53a</load_address>
         <run_address>0xd53a</run_address>
         <size>0x18</size>
         <input_file_ref idref="fl-5"/>
      </object_component>
      <object_component id="oc-3a8">
         <name>.text</name>
         <load_address>0xd552</load_address>
         <run_address>0xd552</run_address>
         <size>0x16</size>
         <input_file_ref idref="fl-2f"/>
      </object_component>
      <object_component id="oc-440">
         <name>.text:update_t_on0</name>
         <load_address>0xd568</load_address>
         <run_address>0xd568</run_address>
         <size>0x16</size>
         <input_file_ref idref="fl-e"/>
      </object_component>
      <object_component id="oc-452">
         <name>.text:update_t_on1</name>
         <load_address>0xd57e</load_address>
         <run_address>0xd57e</run_address>
         <size>0x16</size>
         <input_file_ref idref="fl-e"/>
      </object_component>
      <object_component id="oc-43a">
         <name>.text:update_t_periodo0</name>
         <load_address>0xd594</load_address>
         <run_address>0xd594</run_address>
         <size>0x16</size>
         <input_file_ref idref="fl-e"/>
      </object_component>
      <object_component id="oc-44c">
         <name>.text:update_t_periodo1</name>
         <load_address>0xd5aa</load_address>
         <run_address>0xd5aa</run_address>
         <size>0x16</size>
         <input_file_ref idref="fl-e"/>
      </object_component>
      <object_component id="oc-111">
         <name>.text:decompress:ZI:__TI_zero_init_nomemset:__TI_zero_init_nomemset</name>
         <load_address>0xd5c0</load_address>
         <run_address>0xd5c0</run_address>
         <size>0x14</size>
         <input_file_ref idref="fl-3f"/>
      </object_component>
      <object_component id="oc-3a3">
         <name>.text</name>
         <load_address>0xd5d4</load_address>
         <run_address>0xd5d4</run_address>
         <size>0x14</size>
         <input_file_ref idref="fl-3b"/>
      </object_component>
      <object_component id="oc-3a">
         <name>.text:decompress:none:__TI_decompress_none</name>
         <load_address>0xd5e8</load_address>
         <run_address>0xd5e8</run_address>
         <size>0x12</size>
         <input_file_ref idref="fl-45"/>
      </object_component>
      <object_component id="oc-cf">
         <name>.text:memcpy</name>
         <load_address>0xd5fa</load_address>
         <run_address>0xd5fa</run_address>
         <size>0x12</size>
         <input_file_ref idref="fl-4a"/>
      </object_component>
      <object_component id="oc-26f">
         <name>.text:SPI_transmit</name>
         <load_address>0xd60c</load_address>
         <run_address>0xd60c</run_address>
         <size>0x10</size>
         <input_file_ref idref="fl-11"/>
      </object_component>
      <object_component id="oc-502">
         <name>.text:hwTimerGetCCR1</name>
         <load_address>0xd61c</load_address>
         <run_address>0xd61c</run_address>
         <size>0x10</size>
         <input_file_ref idref="fl-7"/>
      </object_component>
      <object_component id="oc-4ce">
         <name>.text:hwTimerSetCCR0</name>
         <load_address>0xd62c</load_address>
         <run_address>0xd62c</run_address>
         <size>0x10</size>
         <input_file_ref idref="fl-7"/>
      </object_component>
      <object_component id="oc-4d8">
         <name>.text:hwTimerSetCCR1</name>
         <load_address>0xd63c</load_address>
         <run_address>0xd63c</run_address>
         <size>0x10</size>
         <input_file_ref idref="fl-7"/>
      </object_component>
      <object_component id="oc-48e">
         <name>.text:rti_Overflow_CCR0</name>
         <load_address>0xd64c</load_address>
         <run_address>0xd64c</run_address>
         <size>0x10</size>
         <input_file_ref idref="fl-8"/>
      </object_component>
      <object_component id="oc-bf">
         <name>.text</name>
         <load_address>0xd65c</load_address>
         <run_address>0xd65c</run_address>
         <size>0x10</size>
         <input_file_ref idref="fl-31"/>
      </object_component>
      <object_component id="oc-2cf">
         <name>.text:CANStatus</name>
         <load_address>0xd66c</load_address>
         <run_address>0xd66c</run_address>
         <size>0xe</size>
         <input_file_ref idref="fl-5"/>
      </object_component>
      <object_component id="oc-1d6">
         <name>.text:MCP2515_clear_rx0</name>
         <load_address>0xd67a</load_address>
         <run_address>0xd67a</run_address>
         <size>0xe</size>
         <input_file_ref idref="fl-b"/>
      </object_component>
      <object_component id="oc-3c0">
         <name>.text:bujiaSetAngle</name>
         <load_address>0xd688</load_address>
         <run_address>0xd688</run_address>
         <size>0xe</size>
         <input_file_ref idref="fl-4"/>
      </object_component>
      <object_component id="oc-47b">
         <name>.text:bujiaUpdate</name>
         <load_address>0xd696</load_address>
         <run_address>0xd696</run_address>
         <size>0xe</size>
         <input_file_ref idref="fl-3"/>
      </object_component>
      <object_component id="oc-3eb">
         <name>.text:writeVelMotor</name>
         <load_address>0xd6a4</load_address>
         <run_address>0xd6a4</run_address>
         <size>0xe</size>
         <input_file_ref idref="fl-c"/>
      </object_component>
      <object_component id="oc-2e7">
         <name>.text:CANBuildMsg8</name>
         <load_address>0xd6b2</load_address>
         <run_address>0xd6b2</run_address>
         <size>0xc</size>
         <input_file_ref idref="fl-5"/>
      </object_component>
      <object_component id="oc-1dc">
         <name>.text:MCP2515_int_clear</name>
         <load_address>0xd6be</load_address>
         <run_address>0xd6be</run_address>
         <size>0xc</size>
         <input_file_ref idref="fl-b"/>
      </object_component>
      <object_component id="oc-2f3">
         <name>.text:CANUnbuildMsg8</name>
         <load_address>0xd6ca</load_address>
         <run_address>0xd6ca</run_address>
         <size>0xa</size>
         <input_file_ref idref="fl-5"/>
      </object_component>
      <object_component id="oc-19e">
         <name>.text:main</name>
         <load_address>0xd6d4</load_address>
         <run_address>0xd6d4</run_address>
         <size>0xa</size>
         <input_file_ref idref="fl-a"/>
      </object_component>
      <object_component id="oc-2df">
         <name>.text:readOpto</name>
         <load_address>0xd6de</load_address>
         <run_address>0xd6de</run_address>
         <size>0xa</size>
         <input_file_ref idref="fl-d"/>
      </object_component>
      <object_component id="oc-482">
         <name>.text:writeBujia</name>
         <load_address>0xd6e8</load_address>
         <run_address>0xd6e8</run_address>
         <size>0xa</size>
         <input_file_ref idref="fl-3"/>
      </object_component>
      <object_component id="oc-306">
         <name>.text:writeMotor</name>
         <load_address>0xd6f2</load_address>
         <run_address>0xd6f2</run_address>
         <size>0xa</size>
         <input_file_ref idref="fl-c"/>
      </object_component>
      <object_component id="oc-dc">
         <name>.text:_isr:__TI_ISR_TRAP</name>
         <load_address>0xd6fc</load_address>
         <run_address>0xd6fc</run_address>
         <size>0x8</size>
         <input_file_ref idref="fl-37"/>
      </object_component>
      <object_component id="oc-35e">
         <name>.text:stopWDT</name>
         <load_address>0xd704</load_address>
         <run_address>0xd704</run_address>
         <size>0x8</size>
         <input_file_ref idref="fl-12"/>
      </object_component>
      <object_component id="oc-229">
         <name>.text:abort</name>
         <load_address>0xd70c</load_address>
         <run_address>0xd70c</run_address>
         <size>0x6</size>
         <input_file_ref idref="fl-47"/>
      </object_component>
      <object_component id="oc-49c">
         <name>.text:inputCaptureRead</name>
         <load_address>0xd712</load_address>
         <run_address>0xd712</run_address>
         <size>0x6</size>
         <input_file_ref idref="fl-8"/>
      </object_component>
      <object_component id="oc-3d9">
         <name>.text:readOptoVal</name>
         <load_address>0xd718</load_address>
         <run_address>0xd718</run_address>
         <size>0x6</size>
         <input_file_ref idref="fl-d"/>
      </object_component>
      <object_component id="oc-1f8">
         <name>.text:uartGetChar</name>
         <load_address>0xd71e</load_address>
         <run_address>0xd71e</run_address>
         <size>0x6</size>
         <input_file_ref idref="fl-13"/>
      </object_component>
      <object_component id="oc-1f1">
         <name>.text:uartPutChar</name>
         <load_address>0xd724</load_address>
         <run_address>0xd724</run_address>
         <size>0x6</size>
         <input_file_ref idref="fl-13"/>
      </object_component>
      <object_component id="oc-4f3">
         <name>.text:writeBujiaVal</name>
         <load_address>0xd72a</load_address>
         <run_address>0xd72a</run_address>
         <size>0x6</size>
         <input_file_ref idref="fl-3"/>
      </object_component>
      <object_component id="oc-198">
         <name>.text:_system_pre_init</name>
         <load_address>0xd730</load_address>
         <run_address>0xd730</run_address>
         <size>0x4</size>
         <input_file_ref idref="fl-43"/>
      </object_component>
      <object_component id="oc-325">
         <name>.text:_system_post_cinit</name>
         <load_address>0xd734</load_address>
         <run_address>0xd734</run_address>
         <size>0x2</size>
         <input_file_ref idref="fl-44"/>
      </object_component>
      <object_component id="oc-55d">
         <name>.cinit..data.load</name>
         <load_address>0xd736</load_address>
         <run_address>0xd736</run_address>
         <size>0x9</size>
      </object_component>
      <object_component id="oc-55a">
         <name>__TI_handler_table</name>
         <load_address>0xd740</load_address>
         <run_address>0xd740</run_address>
         <size>0x6</size>
      </object_component>
      <object_component id="oc-55c">
         <name>.cinit..bss.load</name>
         <load_address>0xd746</load_address>
         <run_address>0xd746</run_address>
         <size>0x4</size>
      </object_component>
      <object_component id="oc-55b">
         <name>__TI_cinit_table</name>
         <load_address>0xd74a</load_address>
         <run_address>0xd74a</run_address>
         <size>0x8</size>
      </object_component>
      <object_component id="oc-51c">
         <name>.binit</name>
         <load_address>0xc000</load_address>
         <run_address>0xc000</run_address>
         <size>0x0</size>
      </object_component>
      <object_component id="oc-40">
         <name>.int00</name>
         <load_address>0xffe0</load_address>
         <run_address>0xffe0</run_address>
         <size>0x2</size>
         <input_file_ref idref="fl-32"/>
      </object_component>
      <object_component id="oc-41">
         <name>.int02</name>
         <load_address>0xffe4</load_address>
         <run_address>0xffe4</run_address>
         <size>0x2</size>
         <input_file_ref idref="fl-5"/>
      </object_component>
      <object_component id="oc-42">
         <name>.int03</name>
         <load_address>0xffe6</load_address>
         <run_address>0xffe6</run_address>
         <size>0x2</size>
         <input_file_ref idref="fl-33"/>
      </object_component>
      <object_component id="oc-43">
         <name>.int05</name>
         <load_address>0xffea</load_address>
         <run_address>0xffea</run_address>
         <size>0x2</size>
         <input_file_ref idref="fl-34"/>
      </object_component>
      <object_component id="oc-44">
         <name>.int06</name>
         <load_address>0xffec</load_address>
         <run_address>0xffec</run_address>
         <size>0x2</size>
         <input_file_ref idref="fl-13"/>
      </object_component>
      <object_component id="oc-45">
         <name>.int07</name>
         <load_address>0xffee</load_address>
         <run_address>0xffee</run_address>
         <size>0x2</size>
         <input_file_ref idref="fl-13"/>
      </object_component>
      <object_component id="oc-46">
         <name>.int08</name>
         <load_address>0xfff0</load_address>
         <run_address>0xfff0</run_address>
         <size>0x2</size>
         <input_file_ref idref="fl-7"/>
      </object_component>
      <object_component id="oc-47">
         <name>.int09</name>
         <load_address>0xfff2</load_address>
         <run_address>0xfff2</run_address>
         <size>0x2</size>
         <input_file_ref idref="fl-7"/>
      </object_component>
      <object_component id="oc-48">
         <name>.int10</name>
         <load_address>0xfff4</load_address>
         <run_address>0xfff4</run_address>
         <size>0x2</size>
         <input_file_ref idref="fl-f"/>
      </object_component>
      <object_component id="oc-49">
         <name>.int11</name>
         <load_address>0xfff6</load_address>
         <run_address>0xfff6</run_address>
         <size>0x2</size>
         <input_file_ref idref="fl-35"/>
      </object_component>
      <object_component id="oc-4a">
         <name>.int12</name>
         <load_address>0xfff8</load_address>
         <run_address>0xfff8</run_address>
         <size>0x2</size>
         <input_file_ref idref="fl-7"/>
      </object_component>
      <object_component id="oc-4b">
         <name>.int13</name>
         <load_address>0xfffa</load_address>
         <run_address>0xfffa</run_address>
         <size>0x2</size>
         <input_file_ref idref="fl-7"/>
      </object_component>
      <object_component id="oc-4c">
         <name>.int14</name>
         <load_address>0xfffc</load_address>
         <run_address>0xfffc</run_address>
         <size>0x2</size>
         <input_file_ref idref="fl-36"/>
      </object_component>
      <object_component id="oc-b4">
         <name>.reset</name>
         <load_address>0xfffe</load_address>
         <run_address>0xfffe</run_address>
         <size>0x2</size>
         <input_file_ref idref="fl-3d"/>
      </object_component>
      <object_component id="oc-351">
         <name>.debug_info</name>
         <load_address>0x0</load_address>
         <run_address>0x0</run_address>
         <size>0x1b1</size>
         <input_file_ref idref="fl-2"/>
      </object_component>
      <object_component id="oc-286">
         <name>.debug_info</name>
         <load_address>0x1b1</load_address>
         <run_address>0x1b1</run_address>
         <size>0x26b</size>
         <input_file_ref idref="fl-2"/>
      </object_component>
      <object_component id="oc-ca">
         <name>.debug_info</name>
         <load_address>0x41c</load_address>
         <run_address>0x41c</run_address>
         <size>0x84</size>
         <input_file_ref idref="fl-2"/>
      </object_component>
      <object_component id="oc-28b">
         <name>.debug_info</name>
         <load_address>0x4a0</load_address>
         <run_address>0x4a0</run_address>
         <size>0x275</size>
         <input_file_ref idref="fl-2"/>
      </object_component>
      <object_component id="oc-1e6">
         <name>.debug_info</name>
         <load_address>0x715</load_address>
         <run_address>0x715</run_address>
         <size>0xbb</size>
         <input_file_ref idref="fl-2"/>
      </object_component>
      <object_component id="oc-348">
         <name>.debug_info</name>
         <load_address>0x7d0</load_address>
         <run_address>0x7d0</run_address>
         <size>0x2c</size>
         <input_file_ref idref="fl-2"/>
      </object_component>
      <object_component id="oc-41d">
         <name>.debug_info</name>
         <load_address>0x7fc</load_address>
         <run_address>0x7fc</run_address>
         <size>0x1a2</size>
         <input_file_ref idref="fl-3"/>
      </object_component>
      <object_component id="oc-479">
         <name>.debug_info</name>
         <load_address>0x99e</load_address>
         <run_address>0x99e</run_address>
         <size>0xf7</size>
         <input_file_ref idref="fl-3"/>
      </object_component>
      <object_component id="oc-4f6">
         <name>.debug_info</name>
         <load_address>0xa95</load_address>
         <run_address>0xa95</run_address>
         <size>0x13e</size>
         <input_file_ref idref="fl-3"/>
      </object_component>
      <object_component id="oc-47c">
         <name>.debug_info</name>
         <load_address>0xbd3</load_address>
         <run_address>0xbd3</run_address>
         <size>0x10c</size>
         <input_file_ref idref="fl-3"/>
      </object_component>
      <object_component id="oc-484">
         <name>.debug_info</name>
         <load_address>0xcdf</load_address>
         <run_address>0xcdf</run_address>
         <size>0x13f</size>
         <input_file_ref idref="fl-3"/>
      </object_component>
      <object_component id="oc-3ae">
         <name>.debug_info</name>
         <load_address>0xe1e</load_address>
         <run_address>0xe1e</run_address>
         <size>0x172</size>
         <input_file_ref idref="fl-3"/>
      </object_component>
      <object_component id="oc-358">
         <name>.debug_info</name>
         <load_address>0xf90</load_address>
         <run_address>0xf90</run_address>
         <size>0x2c</size>
         <input_file_ref idref="fl-3"/>
      </object_component>
      <object_component id="oc-3a1">
         <name>.debug_info</name>
         <load_address>0xfbc</load_address>
         <run_address>0xfbc</run_address>
         <size>0x1d4</size>
         <input_file_ref idref="fl-4"/>
      </object_component>
      <object_component id="oc-3b4">
         <name>.debug_info</name>
         <load_address>0x1190</load_address>
         <run_address>0x1190</run_address>
         <size>0x12f</size>
         <input_file_ref idref="fl-4"/>
      </object_component>
      <object_component id="oc-3c1">
         <name>.debug_info</name>
         <load_address>0x12bf</load_address>
         <run_address>0x12bf</run_address>
         <size>0x13e</size>
         <input_file_ref idref="fl-4"/>
      </object_component>
      <object_component id="oc-30e">
         <name>.debug_info</name>
         <load_address>0x13fd</load_address>
         <run_address>0x13fd</run_address>
         <size>0x1df</size>
         <input_file_ref idref="fl-4"/>
      </object_component>
      <object_component id="oc-2bd">
         <name>.debug_info</name>
         <load_address>0x15dc</load_address>
         <run_address>0x15dc</run_address>
         <size>0x22f</size>
         <input_file_ref idref="fl-4"/>
      </object_component>
      <object_component id="oc-268">
         <name>.debug_info</name>
         <load_address>0x180b</load_address>
         <run_address>0x180b</run_address>
         <size>0x32e</size>
         <input_file_ref idref="fl-5"/>
      </object_component>
      <object_component id="oc-37e">
         <name>.debug_info</name>
         <load_address>0x1b39</load_address>
         <run_address>0x1b39</run_address>
         <size>0xd1</size>
         <input_file_ref idref="fl-5"/>
      </object_component>
      <object_component id="oc-168">
         <name>.debug_info</name>
         <load_address>0x1c0a</load_address>
         <run_address>0x1c0a</run_address>
         <size>0xd3</size>
         <input_file_ref idref="fl-5"/>
      </object_component>
      <object_component id="oc-171">
         <name>.debug_info</name>
         <load_address>0x1cdd</load_address>
         <run_address>0x1cdd</run_address>
         <size>0xdb</size>
         <input_file_ref idref="fl-5"/>
      </object_component>
      <object_component id="oc-2ad">
         <name>.debug_info</name>
         <load_address>0x1db8</load_address>
         <run_address>0x1db8</run_address>
         <size>0x1b5</size>
         <input_file_ref idref="fl-5"/>
      </object_component>
      <object_component id="oc-e3">
         <name>.debug_info</name>
         <load_address>0x1f6d</load_address>
         <run_address>0x1f6d</run_address>
         <size>0x109</size>
         <input_file_ref idref="fl-5"/>
      </object_component>
      <object_component id="oc-2f4">
         <name>.debug_info</name>
         <load_address>0x2076</load_address>
         <run_address>0x2076</run_address>
         <size>0x166</size>
         <input_file_ref idref="fl-5"/>
      </object_component>
      <object_component id="oc-2fb">
         <name>.debug_info</name>
         <load_address>0x21dc</load_address>
         <run_address>0x21dc</run_address>
         <size>0x17b</size>
         <input_file_ref idref="fl-5"/>
      </object_component>
      <object_component id="oc-2d0">
         <name>.debug_info</name>
         <load_address>0x2357</load_address>
         <run_address>0x2357</run_address>
         <size>0x10f</size>
         <input_file_ref idref="fl-5"/>
      </object_component>
      <object_component id="oc-2ee">
         <name>.debug_info</name>
         <load_address>0x2466</load_address>
         <run_address>0x2466</run_address>
         <size>0x161</size>
         <input_file_ref idref="fl-5"/>
      </object_component>
      <object_component id="oc-2da">
         <name>.debug_info</name>
         <load_address>0x25c7</load_address>
         <run_address>0x25c7</run_address>
         <size>0x155</size>
         <input_file_ref idref="fl-5"/>
      </object_component>
      <object_component id="oc-2e8">
         <name>.debug_info</name>
         <load_address>0x271c</load_address>
         <run_address>0x271c</run_address>
         <size>0x17c</size>
         <input_file_ref idref="fl-5"/>
      </object_component>
      <object_component id="oc-1c5">
         <name>.debug_info</name>
         <load_address>0x2898</load_address>
         <run_address>0x2898</run_address>
         <size>0xb6</size>
         <input_file_ref idref="fl-5"/>
      </object_component>
      <object_component id="oc-4ed">
         <name>.debug_info</name>
         <load_address>0x294e</load_address>
         <run_address>0x294e</run_address>
         <size>0x1bf</size>
         <input_file_ref idref="fl-6"/>
      </object_component>
      <object_component id="oc-389">
         <name>.debug_info</name>
         <load_address>0x2b0d</load_address>
         <run_address>0x2b0d</run_address>
         <size>0x2a9</size>
         <input_file_ref idref="fl-6"/>
      </object_component>
      <object_component id="oc-299">
         <name>.debug_info</name>
         <load_address>0x2db6</load_address>
         <run_address>0x2db6</run_address>
         <size>0x3b7</size>
         <input_file_ref idref="fl-7"/>
      </object_component>
      <object_component id="oc-183">
         <name>.debug_info</name>
         <load_address>0x316d</load_address>
         <run_address>0x316d</run_address>
         <size>0x1d6</size>
         <input_file_ref idref="fl-7"/>
      </object_component>
      <object_component id="oc-106">
         <name>.debug_info</name>
         <load_address>0x3343</load_address>
         <run_address>0x3343</run_address>
         <size>0x118</size>
         <input_file_ref idref="fl-7"/>
      </object_component>
      <object_component id="oc-10c">
         <name>.debug_info</name>
         <load_address>0x345b</load_address>
         <run_address>0x345b</run_address>
         <size>0x118</size>
         <input_file_ref idref="fl-7"/>
      </object_component>
      <object_component id="oc-f4">
         <name>.debug_info</name>
         <load_address>0x3573</load_address>
         <run_address>0x3573</run_address>
         <size>0x118</size>
         <input_file_ref idref="fl-7"/>
      </object_component>
      <object_component id="oc-fa">
         <name>.debug_info</name>
         <load_address>0x368b</load_address>
         <run_address>0x368b</run_address>
         <size>0x118</size>
         <input_file_ref idref="fl-7"/>
      </object_component>
      <object_component id="oc-4d9">
         <name>.debug_info</name>
         <load_address>0x37a3</load_address>
         <run_address>0x37a3</run_address>
         <size>0x162</size>
         <input_file_ref idref="fl-7"/>
      </object_component>
      <object_component id="oc-4cf">
         <name>.debug_info</name>
         <load_address>0x3905</load_address>
         <run_address>0x3905</run_address>
         <size>0x162</size>
         <input_file_ref idref="fl-7"/>
      </object_component>
      <object_component id="oc-435">
         <name>.debug_info</name>
         <load_address>0x3a67</load_address>
         <run_address>0x3a67</run_address>
         <size>0x156</size>
         <input_file_ref idref="fl-7"/>
      </object_component>
      <object_component id="oc-503">
         <name>.debug_info</name>
         <load_address>0x3bbd</load_address>
         <run_address>0x3bbd</run_address>
         <size>0x148</size>
         <input_file_ref idref="fl-7"/>
      </object_component>
      <object_component id="oc-447">
         <name>.debug_info</name>
         <load_address>0x3d05</load_address>
         <run_address>0x3d05</run_address>
         <size>0x453</size>
         <input_file_ref idref="fl-7"/>
      </object_component>
      <object_component id="oc-204">
         <name>.debug_info</name>
         <load_address>0x4158</load_address>
         <run_address>0x4158</run_address>
         <size>0x2c</size>
         <input_file_ref idref="fl-7"/>
      </object_component>
      <object_component id="oc-49b">
         <name>.debug_info</name>
         <load_address>0x4184</load_address>
         <run_address>0x4184</run_address>
         <size>0x1ef</size>
         <input_file_ref idref="fl-8"/>
      </object_component>
      <object_component id="oc-48c">
         <name>.debug_info</name>
         <load_address>0x4373</load_address>
         <run_address>0x4373</run_address>
         <size>0x1bc</size>
         <input_file_ref idref="fl-8"/>
      </object_component>
      <object_component id="oc-495">
         <name>.debug_info</name>
         <load_address>0x452f</load_address>
         <run_address>0x452f</run_address>
         <size>0x173</size>
         <input_file_ref idref="fl-8"/>
      </object_component>
      <object_component id="oc-48f">
         <name>.debug_info</name>
         <load_address>0x46a2</load_address>
         <run_address>0x46a2</run_address>
         <size>0x124</size>
         <input_file_ref idref="fl-8"/>
      </object_component>
      <object_component id="oc-49f">
         <name>.debug_info</name>
         <load_address>0x47c6</load_address>
         <run_address>0x47c6</run_address>
         <size>0x11f</size>
         <input_file_ref idref="fl-8"/>
      </object_component>
      <object_component id="oc-3c8">
         <name>.debug_info</name>
         <load_address>0x48e5</load_address>
         <run_address>0x48e5</run_address>
         <size>0x289</size>
         <input_file_ref idref="fl-8"/>
      </object_component>
      <object_component id="oc-4fc">
         <name>.debug_info</name>
         <load_address>0x4b6e</load_address>
         <run_address>0x4b6e</run_address>
         <size>0x2c</size>
         <input_file_ref idref="fl-8"/>
      </object_component>
      <object_component id="oc-2b8">
         <name>.debug_info</name>
         <load_address>0x4b9a</load_address>
         <run_address>0x4b9a</run_address>
         <size>0x553</size>
         <input_file_ref idref="fl-a"/>
      </object_component>
      <object_component id="oc-2d6">
         <name>.debug_info</name>
         <load_address>0x50ed</load_address>
         <run_address>0x50ed</run_address>
         <size>0x11c</size>
         <input_file_ref idref="fl-a"/>
      </object_component>
      <object_component id="oc-2c3">
         <name>.debug_info</name>
         <load_address>0x5209</load_address>
         <run_address>0x5209</run_address>
         <size>0x14c</size>
         <input_file_ref idref="fl-a"/>
      </object_component>
      <object_component id="oc-21d">
         <name>.debug_info</name>
         <load_address>0x5355</load_address>
         <run_address>0x5355</run_address>
         <size>0x148</size>
         <input_file_ref idref="fl-a"/>
      </object_component>
      <object_component id="oc-301">
         <name>.debug_info</name>
         <load_address>0x549d</load_address>
         <run_address>0x549d</run_address>
         <size>0x1ab</size>
         <input_file_ref idref="fl-a"/>
      </object_component>
      <object_component id="oc-225">
         <name>.debug_info</name>
         <load_address>0x5648</load_address>
         <run_address>0x5648</run_address>
         <size>0x1c1</size>
         <input_file_ref idref="fl-a"/>
      </object_component>
      <object_component id="oc-1a0">
         <name>.debug_info</name>
         <load_address>0x5809</load_address>
         <run_address>0x5809</run_address>
         <size>0x100</size>
         <input_file_ref idref="fl-a"/>
      </object_component>
      <object_component id="oc-1e3">
         <name>.debug_info</name>
         <load_address>0x5909</load_address>
         <run_address>0x5909</run_address>
         <size>0x201</size>
         <input_file_ref idref="fl-b"/>
      </object_component>
      <object_component id="oc-4b0">
         <name>.debug_info</name>
         <load_address>0x5b0a</load_address>
         <run_address>0x5b0a</run_address>
         <size>0x1ca</size>
         <input_file_ref idref="fl-b"/>
      </object_component>
      <object_component id="oc-4aa">
         <name>.debug_info</name>
         <load_address>0x5cd4</load_address>
         <run_address>0x5cd4</run_address>
         <size>0x1eb</size>
         <input_file_ref idref="fl-b"/>
      </object_component>
      <object_component id="oc-27e">
         <name>.debug_info</name>
         <load_address>0x5ebf</load_address>
         <run_address>0x5ebf</run_address>
         <size>0x183</size>
         <input_file_ref idref="fl-b"/>
      </object_component>
      <object_component id="oc-1d1">
         <name>.debug_info</name>
         <load_address>0x6042</load_address>
         <run_address>0x6042</run_address>
         <size>0x163</size>
         <input_file_ref idref="fl-b"/>
      </object_component>
      <object_component id="oc-42a">
         <name>.debug_info</name>
         <load_address>0x61a5</load_address>
         <run_address>0x61a5</run_address>
         <size>0x119</size>
         <input_file_ref idref="fl-b"/>
      </object_component>
      <object_component id="oc-378">
         <name>.debug_info</name>
         <load_address>0x62be</load_address>
         <run_address>0x62be</run_address>
         <size>0x206</size>
         <input_file_ref idref="fl-b"/>
      </object_component>
      <object_component id="oc-1cd">
         <name>.debug_info</name>
         <load_address>0x64c4</load_address>
         <run_address>0x64c4</run_address>
         <size>0x1eb</size>
         <input_file_ref idref="fl-b"/>
      </object_component>
      <object_component id="oc-1dd">
         <name>.debug_info</name>
         <load_address>0x66af</load_address>
         <run_address>0x66af</run_address>
         <size>0x125</size>
         <input_file_ref idref="fl-b"/>
      </object_component>
      <object_component id="oc-279">
         <name>.debug_info</name>
         <load_address>0x67d4</load_address>
         <run_address>0x67d4</run_address>
         <size>0x1c5</size>
         <input_file_ref idref="fl-b"/>
      </object_component>
      <object_component id="oc-1d8">
         <name>.debug_info</name>
         <load_address>0x6999</load_address>
         <run_address>0x6999</run_address>
         <size>0x12a</size>
         <input_file_ref idref="fl-b"/>
      </object_component>
      <object_component id="oc-3e3">
         <name>.debug_info</name>
         <load_address>0x6ac3</load_address>
         <run_address>0x6ac3</run_address>
         <size>0x1a1</size>
         <input_file_ref idref="fl-b"/>
      </object_component>
      <object_component id="oc-16c">
         <name>.debug_info</name>
         <load_address>0x6c64</load_address>
         <run_address>0x6c64</run_address>
         <size>0x1a2</size>
         <input_file_ref idref="fl-b"/>
      </object_component>
      <object_component id="oc-382">
         <name>.debug_info</name>
         <load_address>0x6e06</load_address>
         <run_address>0x6e06</run_address>
         <size>0x145</size>
         <input_file_ref idref="fl-b"/>
      </object_component>
      <object_component id="oc-39d">
         <name>.debug_info</name>
         <load_address>0x6f4b</load_address>
         <run_address>0x6f4b</run_address>
         <size>0x1d2</size>
         <input_file_ref idref="fl-c"/>
      </object_component>
      <object_component id="oc-394">
         <name>.debug_info</name>
         <load_address>0x711d</load_address>
         <run_address>0x711d</run_address>
         <size>0x109</size>
         <input_file_ref idref="fl-c"/>
      </object_component>
      <object_component id="oc-3ec">
         <name>.debug_info</name>
         <load_address>0x7226</load_address>
         <run_address>0x7226</run_address>
         <size>0x133</size>
         <input_file_ref idref="fl-c"/>
      </object_component>
      <object_component id="oc-397">
         <name>.debug_info</name>
         <load_address>0x7359</load_address>
         <run_address>0x7359</run_address>
         <size>0x134</size>
         <input_file_ref idref="fl-c"/>
      </object_component>
      <object_component id="oc-307">
         <name>.debug_info</name>
         <load_address>0x748d</load_address>
         <run_address>0x748d</run_address>
         <size>0x13f</size>
         <input_file_ref idref="fl-c"/>
      </object_component>
      <object_component id="oc-2b2">
         <name>.debug_info</name>
         <load_address>0x75cc</load_address>
         <run_address>0x75cc</run_address>
         <size>0x1b3</size>
         <input_file_ref idref="fl-c"/>
      </object_component>
      <object_component id="oc-3d4">
         <name>.debug_info</name>
         <load_address>0x777f</load_address>
         <run_address>0x777f</run_address>
         <size>0x1cc</size>
         <input_file_ref idref="fl-d"/>
      </object_component>
      <object_component id="oc-4a3">
         <name>.debug_info</name>
         <load_address>0x794b</load_address>
         <run_address>0x794b</run_address>
         <size>0xcf</size>
         <input_file_ref idref="fl-d"/>
      </object_component>
      <object_component id="oc-3db">
         <name>.debug_info</name>
         <load_address>0x7a1a</load_address>
         <run_address>0x7a1a</run_address>
         <size>0x118</size>
         <input_file_ref idref="fl-d"/>
      </object_component>
      <object_component id="oc-3cf">
         <name>.debug_info</name>
         <load_address>0x7b32</load_address>
         <run_address>0x7b32</run_address>
         <size>0x154</size>
         <input_file_ref idref="fl-d"/>
      </object_component>
      <object_component id="oc-2e1">
         <name>.debug_info</name>
         <load_address>0x7c86</load_address>
         <run_address>0x7c86</run_address>
         <size>0x135</size>
         <input_file_ref idref="fl-d"/>
      </object_component>
      <object_component id="oc-2ca">
         <name>.debug_info</name>
         <load_address>0x7dbb</load_address>
         <run_address>0x7dbb</run_address>
         <size>0x1da</size>
         <input_file_ref idref="fl-d"/>
      </object_component>
      <object_component id="oc-4e4">
         <name>.debug_info</name>
         <load_address>0x7f95</load_address>
         <run_address>0x7f95</run_address>
         <size>0x25e</size>
         <input_file_ref idref="fl-e"/>
      </object_component>
      <object_component id="oc-459">
         <name>.debug_info</name>
         <load_address>0x81f3</load_address>
         <run_address>0x81f3</run_address>
         <size>0xd3</size>
         <input_file_ref idref="fl-e"/>
      </object_component>
      <object_component id="oc-45c">
         <name>.debug_info</name>
         <load_address>0x82c6</load_address>
         <run_address>0x82c6</run_address>
         <size>0xc9</size>
         <input_file_ref idref="fl-e"/>
      </object_component>
      <object_component id="oc-4cc">
         <name>.debug_info</name>
         <load_address>0x838f</load_address>
         <run_address>0x838f</run_address>
         <size>0xd3</size>
         <input_file_ref idref="fl-e"/>
      </object_component>
      <object_component id="oc-4d6">
         <name>.debug_info</name>
         <load_address>0x8462</load_address>
         <run_address>0x8462</run_address>
         <size>0xc9</size>
         <input_file_ref idref="fl-e"/>
      </object_component>
      <object_component id="oc-44f">
         <name>.debug_info</name>
         <load_address>0x852b</load_address>
         <run_address>0x852b</run_address>
         <size>0x117</size>
         <input_file_ref idref="fl-e"/>
      </object_component>
      <object_component id="oc-43d">
         <name>.debug_info</name>
         <load_address>0x8642</load_address>
         <run_address>0x8642</run_address>
         <size>0x117</size>
         <input_file_ref idref="fl-e"/>
      </object_component>
      <object_component id="oc-455">
         <name>.debug_info</name>
         <load_address>0x8759</load_address>
         <run_address>0x8759</run_address>
         <size>0x10d</size>
         <input_file_ref idref="fl-e"/>
      </object_component>
      <object_component id="oc-441">
         <name>.debug_info</name>
         <load_address>0x8866</load_address>
         <run_address>0x8866</run_address>
         <size>0x10d</size>
         <input_file_ref idref="fl-e"/>
      </object_component>
      <object_component id="oc-46d">
         <name>.debug_info</name>
         <load_address>0x8973</load_address>
         <run_address>0x8973</run_address>
         <size>0x17e</size>
         <input_file_ref idref="fl-e"/>
      </object_component>
      <object_component id="oc-38e">
         <name>.debug_info</name>
         <load_address>0x8af1</load_address>
         <run_address>0x8af1</run_address>
         <size>0x227</size>
         <input_file_ref idref="fl-e"/>
      </object_component>
      <object_component id="oc-29e">
         <name>.debug_info</name>
         <load_address>0x8d18</load_address>
         <run_address>0x8d18</run_address>
         <size>0x155</size>
         <input_file_ref idref="fl-f"/>
      </object_component>
      <object_component id="oc-210">
         <name>.debug_info</name>
         <load_address>0x8e6d</load_address>
         <run_address>0x8e6d</run_address>
         <size>0xcd</size>
         <input_file_ref idref="fl-f"/>
      </object_component>
      <object_component id="oc-213">
         <name>.debug_info</name>
         <load_address>0x8f3a</load_address>
         <run_address>0x8f3a</run_address>
         <size>0xcf</size>
         <input_file_ref idref="fl-f"/>
      </object_component>
      <object_component id="oc-20d">
         <name>.debug_info</name>
         <load_address>0x9009</load_address>
         <run_address>0x9009</run_address>
         <size>0xd5</size>
         <input_file_ref idref="fl-f"/>
      </object_component>
      <object_component id="oc-216">
         <name>.debug_info</name>
         <load_address>0x90de</load_address>
         <run_address>0x90de</run_address>
         <size>0xcf</size>
         <input_file_ref idref="fl-f"/>
      </object_component>
      <object_component id="oc-20a">
         <name>.debug_info</name>
         <load_address>0x91ad</load_address>
         <run_address>0x91ad</run_address>
         <size>0xbb</size>
         <input_file_ref idref="fl-f"/>
      </object_component>
      <object_component id="oc-189">
         <name>.debug_info</name>
         <load_address>0x9268</load_address>
         <run_address>0x9268</run_address>
         <size>0x109</size>
         <input_file_ref idref="fl-f"/>
      </object_component>
      <object_component id="oc-101">
         <name>.debug_info</name>
         <load_address>0x9371</load_address>
         <run_address>0x9371</run_address>
         <size>0x10f</size>
         <input_file_ref idref="fl-f"/>
      </object_component>
      <object_component id="oc-3bc">
         <name>.debug_info</name>
         <load_address>0x9480</load_address>
         <run_address>0x9480</run_address>
         <size>0x16a</size>
         <input_file_ref idref="fl-f"/>
      </object_component>
      <object_component id="oc-270">
         <name>.debug_info</name>
         <load_address>0x95ea</load_address>
         <run_address>0x95ea</run_address>
         <size>0x122</size>
         <input_file_ref idref="fl-11"/>
      </object_component>
      <object_component id="oc-425">
         <name>.debug_info</name>
         <load_address>0x970c</load_address>
         <run_address>0x970c</run_address>
         <size>0xf0</size>
         <input_file_ref idref="fl-11"/>
      </object_component>
      <object_component id="oc-421">
         <name>.debug_info</name>
         <load_address>0x97fc</load_address>
         <run_address>0x97fc</run_address>
         <size>0x36d</size>
         <input_file_ref idref="fl-12"/>
      </object_component>
      <object_component id="oc-360">
         <name>.debug_info</name>
         <load_address>0x9b69</load_address>
         <run_address>0x9b69</run_address>
         <size>0xf7</size>
         <input_file_ref idref="fl-12"/>
      </object_component>
      <object_component id="oc-365">
         <name>.debug_info</name>
         <load_address>0x9c60</load_address>
         <run_address>0x9c60</run_address>
         <size>0x14b</size>
         <input_file_ref idref="fl-12"/>
      </object_component>
      <object_component id="oc-36e">
         <name>.debug_info</name>
         <load_address>0x9dab</load_address>
         <run_address>0x9dab</run_address>
         <size>0x18d</size>
         <input_file_ref idref="fl-12"/>
      </object_component>
      <object_component id="oc-2a8">
         <name>.debug_info</name>
         <load_address>0x9f38</load_address>
         <run_address>0x9f38</run_address>
         <size>0x1f3</size>
         <input_file_ref idref="fl-12"/>
      </object_component>
      <object_component id="oc-294">
         <name>.debug_info</name>
         <load_address>0xa12b</load_address>
         <run_address>0xa12b</run_address>
         <size>0x24f</size>
         <input_file_ref idref="fl-13"/>
      </object_component>
      <object_component id="oc-1ef">
         <name>.debug_info</name>
         <load_address>0xa37a</load_address>
         <run_address>0xa37a</run_address>
         <size>0xd6</size>
         <input_file_ref idref="fl-13"/>
      </object_component>
      <object_component id="oc-1ff">
         <name>.debug_info</name>
         <load_address>0xa450</load_address>
         <run_address>0xa450</run_address>
         <size>0xd4</size>
         <input_file_ref idref="fl-13"/>
[...]
         <value>0xd116</value>
         <object_component_ref idref="oc-1d0"/>
      </symbol>
      <symbol id="sm-34b">
         <name>MCP2515_clear_rx0</name>
         <value>0xd67a</value>
         <object_component_ref idref="oc-1d6"/>
      </symbol>
      <symbol id="sm-34c">
         <name>MCP2515_init</name>
         <value>0xc6dc</value>
         <object_component_ref idref="oc-377"/>
      </symbol>
      <symbol id="sm-34d">
         <name>MCP2515_write_id</name>
         <value>0xc9ba</value>
         <object_component_ref idref="oc-4a9"/>
      </symbol>
      <symbol id="sm-34e">
         <name>MCP2515_can_tx0</name>
         <value>0xcaa8</value>
         <object_component_ref idref="oc-3e1"/>
      </symbol>
      <symbol id="sm-34f">
         <name>MCP2515_CanVariable_init</name>
         <value>0xd1e2</value>
         <object_component_ref idref="oc-380"/>
      </symbol>
      <symbol id="sm-350">
         <name>MCP2515_int_clear</name>
         <value>0xd6be</value>
         <object_component_ref idref="oc-1dc"/>
      </symbol>
      <symbol id="sm-351">
         <name>MCP2515_write</name>
         <value>0xd0e0</value>
         <object_component_ref idref="oc-27d"/>
      </symbol>
      <symbol id="sm-37d">
         <name>motorInit</name>
         <value>0xd14a</value>
         <object_component_ref idref="oc-2b1"/>
      </symbol>
      <symbol id="sm-37e">
         <name>motorUpdate</name>
         <value>0xcdf2</value>
         <object_component_ref idref="oc-396"/>
      </symbol>
      <symbol id="sm-37f">
         <name>writeVelMotor</name>
         <value>0xd6a4</value>
         <object_component_ref idref="oc-3eb"/>
      </symbol>
      <symbol id="sm-380">
         <name>writeMotor</name>
         <value>0xd6f2</value>
         <object_component_ref idref="oc-306"/>
      </symbol>
      <symbol id="sm-3aa">
         <name>optoInit</name>
         <value>0xd34c</value>
         <object_component_ref idref="oc-2c8"/>
      </symbol>
      <symbol id="sm-3ab">
         <name>optoUpdate</name>
         <value>0xd49a</value>
         <object_component_ref idref="oc-3cd"/>
      </symbol>
      <symbol id="sm-3ac">
         <name>readOpto</name>
         <value>0xd6de</value>
         <object_component_ref idref="oc-2df"/>
      </symbol>
      <symbol id="sm-3ad">
         <name>readOptoVal</name>
         <value>0xd718</value>
         <object_component_ref idref="oc-3d9"/>
      </symbol>
      <symbol id="sm-3fd">
         <name>pwmWrite</name>
         <value>0xd17e</value>
         <object_component_ref idref="oc-46b"/>
      </symbol>
      <symbol id="sm-3fe">
         <name>update_t_periodo0</name>
         <value>0xd594</value>
         <object_component_ref idref="oc-43a"/>
      </symbol>
      <symbol id="sm-3ff">
         <name>update_t_periodo1</name>
         <value>0xd5aa</value>
         <object_component_ref idref="oc-44c"/>
      </symbol>
      <symbol id="sm-400">
         <name>update_t_on0</name>
         <value>0xd568</value>
         <object_component_ref idref="oc-440"/>
      </symbol>
      <symbol id="sm-401">
         <name>update_t_on1</name>
         <value>0xd57e</value>
         <object_component_ref idref="oc-452"/>
      </symbol>
      <symbol id="sm-402">
         <name>pwmInit</name>
         <value>0xc81e</value>
         <object_component_ref idref="oc-38d"/>
      </symbol>
      <symbol id="sm-43f">
         <name>recorrerCallbacks</name>
         <value>0xcf64</value>
         <object_component_ref idref="oc-187"/>
      </symbol>
      <symbol id="sm-440">
         <name>__TI_int10</name>
         <value>0xfff4</value>
         <object_component_ref idref="oc-48"/>
      </symbol>
      <symbol id="sm-441">
         <name>rti_isr_wdt</name>
         <value>0xd508</value>
         <object_component_ref idref="oc-ff"/>
      </symbol>
      <symbol id="sm-442">
         <name>rtiSubmitCallback</name>
         <value>0xd02e</value>
         <object_component_ref idref="oc-3b9"/>
      </symbol>
      <symbol id="sm-457">
         <name>SPI_init</name>
         <value>0xccf2</value>
         <object_component_ref idref="oc-423"/>
      </symbol>
      <symbol id="sm-458">
         <name>SPI_transmit</name>
         <value>0xd60c</value>
         <object_component_ref idref="oc-26f"/>
      </symbol>
      <symbol id="sm-48d">
         <name>systemInit</name>
         <value>0xd370</value>
         <object_component_ref idref="oc-2a5"/>
      </symbol>
      <symbol id="sm-48e">
         <name>setRTI</name>
         <value>0xc5f6</value>
         <object_component_ref idref="oc-36a"/>
      </symbol>
      <symbol id="sm-48f">
         <name>stopWDT</name>
         <value>0xd704</value>
         <object_component_ref idref="oc-35e"/>
      </symbol>
      <symbol id="sm-490">
         <name>setCLK</name>
         <value>0xce8c</value>
         <object_component_ref idref="oc-364"/>
      </symbol>
      <symbol id="sm-4e4">
         <name>__TI_int06</name>
         <value>0xffec</value>
         <object_component_ref idref="oc-44"/>
      </symbol>
      <symbol id="sm-4e5">
         <name>__TI_int07</name>
         <value>0xffee</value>
         <object_component_ref idref="oc-45"/>
      </symbol>
      <symbol id="sm-4e6">
         <name>uart_receive_rti</name>
         <value>0xd272</value>
         <object_component_ref idref="oc-17b"/>
      </symbol>
      <symbol id="sm-4e7">
         <name>isr_receive</name>
         <value>0xd43a</value>
         <object_component_ref idref="oc-ed"/>
      </symbol>
      <symbol id="sm-4e8">
         <name>isr_transmit</name>
         <value>0xd45a</value>
         <object_component_ref idref="oc-e7"/>
      </symbol>
      <symbol id="sm-4e9">
         <name>uartInit</name>
         <value>0xd1b0</value>
         <object_component_ref idref="oc-371"/>
      </symbol>
      <symbol id="sm-4ea">
         <name>uart_transmit_rti</name>
         <value>0xd0a8</value>
         <object_component_ref idref="oc-174"/>
      </symbol>
      <symbol id="sm-4eb">
         <name>uartPutChar</name>
         <value>0xd724</value>
         <object_component_ref idref="oc-1f1"/>
      </symbol>
      <symbol id="sm-4ec">
         <name>uartGetChar</name>
         <value>0xd71e</value>
         <object_component_ref idref="oc-1f8"/>
      </symbol>
      <symbol id="sm-4f4">
         <name>__mspabi_srai</name>
         <value>0xd2ce</value>
         <object_component_ref idref="oc-269"/>
      </symbol>
      <symbol id="sm-4f5">
         <name>__mspabi_srai_8</name>
         <value>0xd2e8</value>
         <object_component_ref idref="oc-269"/>
      </symbol>
      <symbol id="sm-4f6">
         <name>__mspabi_srai_9</name>
         <value>0xd2e6</value>
         <object_component_ref idref="oc-269"/>
      </symbol>
      <symbol id="sm-4f7">
         <name>__mspabi_srai_6</name>
         <value>0xd2ec</value>
         <object_component_ref idref="oc-269"/>
      </symbol>
      <symbol id="sm-4f8">
         <name>__mspabi_srai_7</name>
         <value>0xd2ea</value>
         <object_component_ref idref="oc-269"/>
      </symbol>
      <symbol id="sm-4f9">
         <name>__mspabi_srai_4</name>
         <value>0xd2f0</value>
         <object_component_ref idref="oc-269"/>
      </symbol>
      <symbol id="sm-4fa">
         <name>__mspabi_srai_5</name>
         <value>0xd2ee</value>
         <object_component_ref idref="oc-269"/>
      </symbol>
      <symbol id="sm-4fb">
         <name>__mspabi_srai_2</name>
         <value>0xd2f4</value>
         <object_component_ref idref="oc-269"/>
      </symbol>
      <symbol id="sm-4fc">
         <name>__mspabi_srai_3</name>
         <value>0xd2f2</value>
         <object_component_ref idref="oc-269"/>
      </symbol>
      <symbol id="sm-4fd">
         <name>__mspabi_srai_1</name>
         <value>0xd2f6</value>
         <object_component_ref idref="oc-269"/>
      </symbol>
      <symbol id="sm-4fe">
         <name>__mspabi_srai_15</name>
         <value>0xd2da</value>
         <object_component_ref idref="oc-269"/>
      </symbol>
      <symbol id="sm-4ff">
         <name>__mspabi_srai_14</name>
         <value>0xd2dc</value>
         <object_component_ref idref="oc-269"/>
      </symbol>
      <symbol id="sm-500">
         <name>__mspabi_srai_13</name>
         <value>0xd2de</value>
         <object_component_ref idref="oc-269"/>
      </symbol>
      <symbol id="sm-501">
         <name>__mspabi_srai_12</name>
         <value>0xd2e0</value>
         <object_component_ref idref="oc-269"/>
      </symbol>
      <symbol id="sm-502">
         <name>__mspabi_srai_11</name>
         <value>0xd2e2</value>
         <object_component_ref idref="oc-269"/>
      </symbol>
      <symbol id="sm-503">
         <name>__mspabi_srai_10</name>
         <value>0xd2e4</value>
         <object_component_ref idref="oc-269"/>
      </symbol>
      <symbol id="sm-50d">
         <name>__mspabi_remu</name>
         <value>0xd552</value>
         <object_component_ref idref="oc-3a8"/>
      </symbol>
      <symbol id="sm-50e">
         <name>__mspabi_divu</name>
         <value>0xd552</value>
         <object_component_ref idref="oc-3a8"/>
      </symbol>
      <symbol id="sm-51c">
         <name>__mspabi_remul</name>
         <value>0xcd4a</value>
         <object_component_ref idref="oc-466"/>
      </symbol>
      <symbol id="sm-51d">
         <name>__mspabi_divul</name>
         <value>0xcd4a</value>
         <object_component_ref idref="oc-466"/>
      </symbol>
      <symbol id="sm-526">
         <name>__mspabi_func_epilog_2</name>
         <value>0xd666</value>
         <object_component_ref idref="oc-bf"/>
      </symbol>
      <symbol id="sm-527">
         <name>__mspabi_func_epilog_3</name>
         <value>0xd664</value>
         <object_component_ref idref="oc-bf"/>
      </symbol>
      <symbol id="sm-528">
         <name>__mspabi_func_epilog_1</name>
         <value>0xd668</value>
         <object_component_ref idref="oc-bf"/>
      </symbol>
      <symbol id="sm-529">
         <name>__mspabi_func_epilog_6</name>
         <value>0xd65e</value>
         <object_component_ref idref="oc-bf"/>
      </symbol>
      <symbol id="sm-52a">
         <name>__mspabi_func_epilog_7</name>
         <value>0xd65c</value>
         <object_component_ref idref="oc-bf"/>
      </symbol>
      <symbol id="sm-52b">
         <name>__mspabi_func_epilog_4</name>
         <value>0xd662</value>
         <object_component_ref idref="oc-bf"/>
      </symbol>
      <symbol id="sm-52c">
         <name>__mspabi_func_epilog_5</name>
         <value>0xd660</value>
         <object_component_ref idref="oc-bf"/>
      </symbol>
      <symbol id="sm-52f">
         <name>__TI_int00</name>
         <value>0xffe0</value>
         <object_component_ref idref="oc-40"/>
      </symbol>
      <symbol id="sm-532">
         <name>__TI_int03</name>
         <value>0xffe6</value>
         <object_component_ref idref="oc-42"/>
      </symbol>
      <symbol id="sm-535">
         <name>__TI_int05</name>
         <value>0xffea</value>
         <object_component_ref idref="oc-43"/>
      </symbol>
      <symbol id="sm-538">
         <name>__TI_int11</name>
         <value>0xfff6</value>
         <object_component_ref idref="oc-49"/>
      </symbol>
      <symbol id="sm-53b">
         <name>__TI_int14</name>
         <value>0xfffc</value>
         <object_component_ref idref="oc-4c"/>
      </symbol>
      <symbol id="sm-543">
         <name>__TI_ISR_TRAP</name>
         <value>0xd6fc</value>
         <object_component_ref idref="oc-dc"/>
      </symbol>
      <symbol id="sm-54b">
         <name>__mspabi_slli</name>
         <value>0xd2fa</value>
         <object_component_ref idref="oc-b5"/>
      </symbol>
      <symbol id="sm-54c">
         <name>__mspabi_slli_9</name>
         <value>0xd312</value>
         <object_component_ref idref="oc-b5"/>
      </symbol>
      <symbol id="sm-54d">
         <name>__mspabi_slli_8</name>
         <value>0xd314</value>
         <object_component_ref idref="oc-b5"/>
      </symbol>
      <symbol id="sm-54e">
         <name>__mspabi_slli_7</name>
         <value>0xd316</value>
         <object_component_ref idref="oc-b5"/>
      </symbol>
      <symbol id="sm-54f">
         <name>__mspabi_slli_6</name>
         <value>0xd318</value>
         <object_component_ref idref="oc-b5"/>
      </symbol>
      <symbol id="sm-550">
         <name>__mspabi_slli_5</name>
         <value>0xd31a</value>
         <object_component_ref idref="oc-b5"/>
      </symbol>
      <symbol id="sm-551">
         <name>__mspabi_slli_4</name>
         <value>0xd31c</value>
         <object_component_ref idref="oc-b5"/>
      </symbol>
      <symbol id="sm-552">
         <name>__mspabi_slli_3</name>
         <value>0xd31e</value>
         <object_component_ref idref="oc-b5"/>
      </symbol>
      <symbol id="sm-553">
         <name>__mspabi_slli_2</name>
         <value>0xd320</value>
         <object_component_ref idref="oc-b5"/>
      </symbol>
      <symbol id="sm-554">
         <name>__mspabi_slli_1</name>
         <value>0xd322</value>
         <object_component_ref idref="oc-b5"/>
      </symbol>
      <symbol id="sm-555">
         <name>__mspabi_slli_15</name>
         <value>0xd306</value>
         <object_component_ref idref="oc-b5"/>
      </symbol>
      <symbol id="sm-556">
         <name>__mspabi_slli_14</name>
         <value>0xd308</value>
         <object_component_ref idref="oc-b5"/>
      </symbol>
      <symbol id="sm-557">
         <name>__mspabi_slli_13</name>
         <value>0xd30a</value>
         <object_component_ref idref="oc-b5"/>
      </symbol>
      <symbol id="sm-558">
         <name>__mspabi_slli_12</name>
         <value>0xd30c</value>
         <object_component_ref idref="oc-b5"/>
      </symbol>
      <symbol id="sm-559">
         <name>__mspabi_slli_11</name>
         <value>0xd30e</value>
         <object_component_ref idref="oc-b5"/>
      </symbol>
      <symbol id="sm-55a">
         <name>__mspabi_slli_10</name>
         <value>0xd310</value>
         <object_component_ref idref="oc-b5"/>
      </symbol>
      <symbol id="sm-563">
         <name>__mspabi_srli_8</name>
         <value>0xce6a</value>
         <object_component_ref idref="oc-ba"/>
      </symbol>
      <symbol id="sm-564">
         <name>__mspabi_srli_9</name>
         <value>0xce66</value>
         <object_component_ref idref="oc-ba"/>
      </symbol>
      <symbol id="sm-565">
         <name>__mspabi_srli_6</name>
         <value>0xce72</value>
         <object_component_ref idref="oc-ba"/>
      </symbol>
      <symbol id="sm-566">
         <name>__mspabi_srli_7</name>
         <value>0xce6e</value>
         <object_component_ref idref="oc-ba"/>
      </symbol>
      <symbol id="sm-567">
         <name>__mspabi_srli_4</name>
         <value>0xce7a</value>
         <object_component_ref idref="oc-ba"/>
      </symbol>
      <symbol id="sm-568">
         <name>__mspabi_srli_5</name>
         <value>0xce76</value>
         <object_component_ref idref="oc-ba"/>
      </symbol>
      <symbol id="sm-569">
         <name>__mspabi_srli_2</name>
         <value>0xce82</value>
         <object_component_ref idref="oc-ba"/>
      </symbol>
      <symbol id="sm-56a">
         <name>__mspabi_srli_3</name>
         <value>0xce7e</value>
         <object_component_ref idref="oc-ba"/>
      </symbol>
      <symbol id="sm-56b">
         <name>__mspabi_srli_1</name>
         <value>0xce86</value>
         <object_component_ref idref="oc-ba"/>
      </symbol>
      <symbol id="sm-56c">
         <name>__mspabi_srli</name>
         <value>0xce40</value>
         <object_component_ref idref="oc-ba"/>
      </symbol>
      <symbol id="sm-56d">
         <name>__mspabi_srli_15</name>
         <value>0xce4e</value>
         <object_component_ref idref="oc-ba"/>
      </symbol>
      <symbol id="sm-56e">
         <name>__mspabi_srli_14</name>
         <value>0xce52</value>
         <object_component_ref idref="oc-ba"/>
      </symbol>
      <symbol id="sm-56f">
         <name>__mspabi_srli_13</name>
         <value>0xce56</value>
         <object_component_ref idref="oc-ba"/>
      </symbol>
      <symbol id="sm-570">
         <name>__mspabi_srli_12</name>
         <value>0xce5a</value>
         <object_component_ref idref="oc-ba"/>
      </symbol>
      <symbol id="sm-571">
         <name>__mspabi_srli_11</name>
         <value>0xce5e</value>
         <object_component_ref idref="oc-ba"/>
      </symbol>
      <symbol id="sm-572">
         <name>__mspabi_srli_10</name>
         <value>0xce62</value>
         <object_component_ref idref="oc-ba"/>
      </symbol>
      <symbol id="sm-57c">
         <name>__mspabi_mpyi_sw</name>
         <value>0xd5d4</value>
         <object_component_ref idref="oc-3a3"/>
      </symbol>
      <symbol id="sm-57d">
         <name>__mspabi_mpyi</name>
         <value>0xd5d4</value>
         <object_component_ref idref="oc-3a3"/>
      </symbol>
      <symbol id="sm-587">
         <name>__mspabi_mpyl_sw</name>
         <value>0xd326</value>
         <object_component_ref idref="oc-461"/>
      </symbol>
      <symbol id="sm-588">
         <name>__mspabi_mpyl</name>
         <value>0xd326</value>
         <object_component_ref idref="oc-461"/>
      </symbol>
      <symbol id="sm-598">
         <name>_stack</name>
         <value>0x3b0</value>
         <object_component_ref idref="oc-b1"/>
      </symbol>
      <symbol id="sm-599">
         <name>_c_int00_noargs</name>
         <value>0xd4b8</value>
         <object_component_ref idref="oc-123"/>
      </symbol>
      <symbol id="sm-59a">
         <name>_reset_vector</name>
         <value>0xfffe</value>
         <object_component_ref idref="oc-b4"/>
      </symbol>
      <symbol id="sm-5bc">
         <name>__TI_auto_init_nobinit_nopinit</name>
         <value>0xcfec</value>
         <object_component_ref idref="oc-235"/>
      </symbol>
      <symbol id="sm-5d4">
         <name>__TI_zero_init_nomemset</name>
         <value>0xd5c0</value>
         <object_component_ref idref="oc-111"/>
      </symbol>
      <symbol id="sm-5e0">
         <name>_system_pre_init</name>
         <value>0xd730</value>
         <object_component_ref idref="oc-198"/>
      </symbol>
      <symbol id="sm-5e9">
         <name>_system_post_cinit</name>
         <value>0xd734</value>
         <object_component_ref idref="oc-325"/>
      </symbol>
      <symbol id="sm-5ff">
         <name>__TI_decompress_none</name>
         <value>0xd5e8</value>
         <object_component_ref idref="oc-3a"/>
      </symbol>
      <symbol id="sm-622">
         <name>__TI_decompress_lzss</name>
         <value>0xc93e</value>
         <object_component_ref idref="oc-34"/>
      </symbol>
      <symbol id="sm-62c">
         <name>C$$EXIT</name>
         <value>0xd70c</value>
         <object_component_ref idref="oc-229"/>
      </symbol>
      <symbol id="sm-62d">
         <name>abort</name>
         <value>0xd70c</value>
         <object_component_ref idref="oc-229"/>
      </symbol>
      <symbol id="sm-63d">
         <name>memcpy</name>
         <value>0xd5fa</value>
         <object_component_ref idref="oc-cf"/>
      </symbol>
   </symbol_table>
   <title>Link successful</title>
</link_info>
